[0.036s] Invoking command in '/home/rudra/custom_flightmode/build/draw_flight_mode': AMENT_PREFIX_PATH=/home/rudra/custom_flightmode/install/px4_ros2_cpp:/home/rudra/custom_flightmode/install/px4_msgs:${AMENT_PREFIX_PATH} CMAKE_PREFIX_PATH=/home/rudra/custom_flightmode/install/px4_ros2_cpp:/home/rudra/custom_flightmode/install/px4_msgs:/home/rudra/ros2_ws/install/talker_listener:/home/rudra/ros2_ws/install/first_pkg:/opt/ros/humble LD_LIBRARY_PATH=/home/rudra/custom_flightmode/install/px4_ros2_cpp/lib:/home/rudra/custom_flightmode/install/px4_msgs/lib:${LD_LIBRARY_PATH} PYTHONPATH=/home/rudra/custom_flightmode/install/px4_msgs/local/lib/python3.10/dist-packages:${PYTHONPATH} /usr/bin/cmake /home/rudra/custom_flightmode/src/px4_ros2_custom_flight_mode -DCMAKE_INSTALL_PREFIX=/home/rudra/custom_flightmode/install/draw_flight_mode
[0.108s] -- The C compiler identification is GNU 11.4.0
[0.207s] -- The CXX compiler identification is GNU 11.4.0
[0.233s] -- Detecting C compiler ABI info
[0.359s] -- Detecting C compiler ABI info - done
[0.371s] -- Check for working C compiler: /usr/lib/ccache/cc - skipped
[0.372s] -- Detecting C compile features
[0.373s] -- Detecting C compile features - done
[0.379s] -- Detecting CXX compiler ABI info
[0.498s] -- Detecting CXX compiler ABI info - done
[0.510s] -- Check for working CXX compiler: /usr/lib/ccache/c++ - skipped
[0.511s] -- Detecting CXX compile features
[0.511s] -- Detecting CXX compile features - done
[0.513s] -- Found eigen3_cmake_module: 0.1.1 (/opt/ros/humble/share/eigen3_cmake_module/cmake)
[0.529s] -- Found Eigen3: TRUE (found version "3.4.0") 
[0.532s] -- Found ament_cmake: 1.3.14 (/opt/ros/humble/share/ament_cmake/cmake)
[1.131s] -- Found Python3: /usr/bin/python3 (found version "3.10.12") found components: Interpreter 
[1.255s] -- Found rclcpp: 16.0.19 (/opt/ros/humble/share/rclcpp/cmake)
[1.318s] -- Found rosidl_generator_c: 3.1.9 (/opt/ros/humble/share/rosidl_generator_c/cmake)
[1.325s] -- Found rosidl_adapter: 3.1.9 (/opt/ros/humble/share/rosidl_adapter/cmake)
[1.338s] -- Found rosidl_generator_cpp: 3.1.9 (/opt/ros/humble/share/rosidl_generator_cpp/cmake)
[1.354s] -- Using all available rosidl_typesupport_c: rosidl_typesupport_fastrtps_c;rosidl_typesupport_introspection_c
[1.377s] -- Using all available rosidl_typesupport_cpp: rosidl_typesupport_fastrtps_cpp;rosidl_typesupport_introspection_cpp
[1.438s] -- Found rmw_implementation_cmake: 6.1.2 (/opt/ros/humble/share/rmw_implementation_cmake/cmake)
[1.441s] -- Found rmw_fastrtps_cpp: 6.2.10 (/opt/ros/humble/share/rmw_fastrtps_cpp/cmake)
[1.590s] -- Found OpenSSL: /usr/lib/x86_64-linux-gnu/libcrypto.so (found version "3.0.2")  
[1.638s] -- Found FastRTPS: /opt/ros/humble/include  
[1.707s] -- Using RMW implementation 'rmw_fastrtps_cpp' as default
[1.720s] -- Looking for pthread.h
[1.832s] -- Looking for pthread.h - found
[1.832s] -- Performing Test CMAKE_HAVE_LIBC_PTHREAD
[1.916s] -- Performing Test CMAKE_HAVE_LIBC_PTHREAD - Success
[1.917s] -- Found Threads: TRUE  
[1.995s] -- Found px4_ros2_cpp: 0.0.1 (/home/rudra/custom_flightmode/install/px4_ros2_cpp/share/px4_ros2_cpp/cmake)
[2.018s] -- Found ament_lint_auto: 0.12.15 (/opt/ros/humble/share/ament_lint_auto/cmake)
[2.214s] -- Added test 'copyright' to check source files copyright and LICENSE
[2.218s] -- Added test 'cppcheck' to perform static code analysis on C / C++ code
[2.219s] -- Configured cppcheck include dirs: /home/rudra/custom_flightmode/src/px4_ros2_custom_flight_mode/include
[2.219s] -- Configured cppcheck exclude dirs and/or files: 
[2.223s] -- Added test 'cpplint' to check C / C++ code against the Google style
[2.223s] -- Configured cpplint exclude dirs and/or files: 
[2.226s] -- Added test 'lint_cmake' to check CMake code style
[2.231s] -- Added test 'uncrustify' to check C / C++ code style
[2.231s] -- Configured uncrustify additional arguments: 
[2.232s] -- Added test 'xmllint' to check XML markup files
[2.234s] -- Configuring done
[2.247s] -- Generating done
[2.255s] -- Build files have been written to: /home/rudra/custom_flightmode/build/draw_flight_mode
[2.282s] Invoked command in '/home/rudra/custom_flightmode/build/draw_flight_mode' returned '0': AMENT_PREFIX_PATH=/home/rudra/custom_flightmode/install/px4_ros2_cpp:/home/rudra/custom_flightmode/install/px4_msgs:${AMENT_PREFIX_PATH} CMAKE_PREFIX_PATH=/home/rudra/custom_flightmode/install/px4_ros2_cpp:/home/rudra/custom_flightmode/install/px4_msgs:/home/rudra/ros2_ws/install/talker_listener:/home/rudra/ros2_ws/install/first_pkg:/opt/ros/humble LD_LIBRARY_PATH=/home/rudra/custom_flightmode/install/px4_ros2_cpp/lib:/home/rudra/custom_flightmode/install/px4_msgs/lib:${LD_LIBRARY_PATH} PYTHONPATH=/home/rudra/custom_flightmode/install/px4_msgs/local/lib/python3.10/dist-packages:${PYTHONPATH} /usr/bin/cmake /home/rudra/custom_flightmode/src/px4_ros2_custom_flight_mode -DCMAKE_INSTALL_PREFIX=/home/rudra/custom_flightmode/install/draw_flight_mode
[2.283s] Invoking command in '/home/rudra/custom_flightmode/build/draw_flight_mode': AMENT_PREFIX_PATH=/home/rudra/custom_flightmode/install/px4_ros2_cpp:/home/rudra/custom_flightmode/install/px4_msgs:${AMENT_PREFIX_PATH} CMAKE_PREFIX_PATH=/home/rudra/custom_flightmode/install/px4_ros2_cpp:/home/rudra/custom_flightmode/install/px4_msgs:/home/rudra/ros2_ws/install/talker_listener:/home/rudra/ros2_ws/install/first_pkg:/opt/ros/humble LD_LIBRARY_PATH=/home/rudra/custom_flightmode/install/px4_ros2_cpp/lib:/home/rudra/custom_flightmode/install/px4_msgs/lib:${LD_LIBRARY_PATH} PYTHONPATH=/home/rudra/custom_flightmode/install/px4_msgs/local/lib/python3.10/dist-packages:${PYTHONPATH} /usr/bin/cmake --build /home/rudra/custom_flightmode/build/draw_flight_mode -- -j12 -l12
[2.411s] [ 50%] [32mBuilding CXX object CMakeFiles/draw_r.dir/src/main.cpp.o[0m
[12.089s] In file included from [01m[K/home/rudra/custom_flightmode/src/px4_ros2_custom_flight_mode/src/main.cpp:8[m[K:
[12.090s] [01m[K/home/rudra/custom_flightmode/src/px4_ros2_custom_flight_mode/include/mode.hpp:204:29:[m[K [01;31m[Kerror: [m[K‘[01m[KGotoSetpointType[m[K’ is not a member of ‘[01m[Kpx4_ros2[m[K’
[12.090s]   204 |   std::shared_ptr<px4_ros2::[01;31m[KGotoSetpointType[m[K> _goto_setpoint;
[12.090s]       |                             [01;31m[K^~~~~~~~~~~~~~~~[m[K
[12.090s] [01m[K/home/rudra/custom_flightmode/src/px4_ros2_custom_flight_mode/include/mode.hpp:204:45:[m[K [01;31m[Kerror: [m[Ktemplate argument 1 is invalid
[12.090s]   204 |   std::shared_ptr<px4_ros2::GotoSetpointType[01;31m[K>[m[K _goto_setpoint;
[12.090s]       |                                             [01;31m[K^[m[K
[12.090s] In file included from [01m[K/home/rudra/custom_flightmode/src/px4_ros2_custom_flight_mode/src/main.cpp:8[m[K:
[12.090s] [01m[K/home/rudra/custom_flightmode/src/px4_ros2_custom_flight_mode/include/mode.hpp:[m[K In constructor ‘[01m[KDrawFlightMode::DrawFlightMode(rclcpp::Node&)[m[K’:
[12.091s] [01m[K/home/rudra/custom_flightmode/src/px4_ros2_custom_flight_mode/include/mode.hpp:39:49:[m[K [01;31m[Kerror: [m[K‘[01m[KGotoSetpointType[m[K’ is not a member of ‘[01m[Kpx4_ros2[m[K’
[12.091s]    39 |     _goto_setpoint = std::make_shared<px4_ros2::[01;31m[KGotoSetpointType[m[K>(*this);
[12.091s]       |                                                 [01;31m[K^~~~~~~~~~~~~~~~[m[K
[12.091s] [01m[K/home/rudra/custom_flightmode/src/px4_ros2_custom_flight_mode/include/mode.hpp:39:66:[m[K [01;31m[Kerror: [m[Kno matching function for call to ‘[01m[Kmake_shared<<expression error> >(DrawFlightMode&)[m[K’
[12.091s]    39 |     _goto_setpoint = [01;31m[Kstd::make_shared<px4_ros2::GotoSetpointType>(*this)[m[K;
[12.092s]       |                      [01;31m[K~~~~~~~~~~~~~~~~~~~~~~~~~~~~~~~~~~~~~~~~~~~~^~~~~~~[m[K
[12.092s] In file included from [01m[K/usr/include/c++/11/memory:77[m[K,
[12.092s]                  from [01m[K/opt/ros/humble/include/rclcpp/rclcpp/rclcpp.hpp:153[m[K,
[12.092s]                  from [01m[K/home/rudra/custom_flightmode/src/px4_ros2_custom_flight_mode/src/main.cpp:6[m[K:
[12.092s] [01m[K/usr/include/c++/11/bits/shared_ptr.h:875:5:[m[K [01;36m[Knote: [m[Kcandidate: ‘[01m[Ktemplate<class _Tp, class ... _Args> std::shared_ptr<_Tp> std::make_shared(_Args&& ...)[m[K’
[12.092s]   875 |     [01;36m[Kmake_shared[m[K(_Args&&... __args)
[12.092s]       |     [01;36m[K^~~~~~~~~~~[m[K
[12.092s] [01m[K/usr/include/c++/11/bits/shared_ptr.h:875:5:[m[K [01;36m[Knote: [m[K  template argument deduction/substitution failed:
[12.092s] In file included from [01m[K/home/rudra/custom_flightmode/src/px4_ros2_custom_flight_mode/src/main.cpp:8[m[K:
[12.092s] [01m[K/home/rudra/custom_flightmode/src/px4_ros2_custom_flight_mode/include/mode.hpp:39:66:[m[K [01;31m[Kerror: [m[Ktemplate argument 1 is invalid
[12.092s]    39 |     _goto_setpoint = [01;31m[Kstd::make_shared<px4_ros2::GotoSetpointType>(*this)[m[K;
[12.092s]       |                      [01;31m[K~~~~~~~~~~~~~~~~~~~~~~~~~~~~~~~~~~~~~~~~~~~~^~~~~~~[m[K
[12.092s] In file included from [01m[K/home/rudra/custom_flightmode/src/px4_ros2_custom_flight_mode/src/main.cpp:8[m[K:
[12.092s] [01m[K/home/rudra/custom_flightmode/src/px4_ros2_custom_flight_mode/include/mode.hpp:[m[K In member function ‘[01m[Kvirtual void DrawFlightMode::updateSetpoint(float)[m[K’:
[12.092s] [01m[K/home/rudra/custom_flightmode/src/px4_ros2_custom_flight_mode/include/mode.hpp:74:23:[m[K [01;31m[Kerror: [m[Kbase operand of ‘[01m[K->[m[K’ is not a pointer
[12.092s]    74 |         _goto_setpoint[01;31m[K->[m[Kupdate(_start_position_m);
[12.092s]       |                       [01;31m[K^~[m[K
[12.092s] [01m[K/home/rudra/custom_flightmode/src/px4_ros2_custom_flight_mode/include/mode.hpp:84:23:[m[K [01;31m[Kerror: [m[Kbase operand of ‘[01m[K->[m[K’ is not a pointer
[12.092s]    84 |         _goto_setpoint[01;31m[K->[m[Kupdate(
[12.092s]       |                       [01;31m[K^~[m[K
[12.092s] [01m[K/home/rudra/custom_flightmode/src/px4_ros2_custom_flight_mode/include/mode.hpp:175:23:[m[K [01;31m[Kerror: [m[Kbase operand of ‘[01m[K->[m[K’ is not a pointer
[12.093s]   175 |         _goto_setpoint[01;31m[K->[m[Kupdate(_target_position_m, -M_PI_2, _horizontal_speed_m_s);
[12.093s]       |                       [01;31m[K^~[m[K
[12.093s] [01m[K/home/rudra/custom_flightmode/src/px4_ros2_custom_flight_mode/include/mode.hpp:186:23:[m[K [01;31m[Kerror: [m[Kbase operand of ‘[01m[K->[m[K’ is not a pointer
[12.093s]   186 |         _goto_setpoint[01;31m[K->[m[Kupdate(target_position_m, M_PI - M_PI / 3, _horizontal_speed_m_s);
[12.093s]       |                       [01;31m[K^~[m[K
[12.093s] [01m[K/home/rudra/custom_flightmode/src/px4_ros2_custom_flight_mode/include/mode.hpp:[m[K In constructor ‘[01m[KDrawModeExecutor::DrawModeExecutor(rclcpp::Node&, px4_ros2::ModeBase&)[m[K’:
[12.093s] [01m[K/home/rudra/custom_flightmode/src/px4_ros2_custom_flight_mode/include/mode.hpp:250:15:[m[K [01;31m[Kerror: [m[Kno matching function for call to ‘[01m[Kpx4_ros2::ModeExecutorBase::ModeExecutorBase(rclcpp::Node&, <brace-enclosed initializer list>, px4_ros2::ModeBase&)[m[K’
[12.093s]   250 |     _node(node[01;31m[K)[m[K
[12.093s]       |               [01;31m[K^[m[K
[12.093s] In file included from [01m[K/home/rudra/custom_flightmode/src/px4_ros2_custom_flight_mode/include/mode.hpp:8[m[K,
[12.093s]                  from [01m[K/home/rudra/custom_flightmode/src/px4_ros2_custom_flight_mode/src/main.cpp:8[m[K:
[12.093s] [01m[K/home/rudra/custom_flightmode/install/px4_ros2_cpp/include/px4_ros2/components/mode_executor.hpp:51:3:[m[K [01;36m[Knote: [m[Kcandidate: ‘[01m[Kpx4_ros2::ModeExecutorBase::ModeExecutorBase(const px4_ros2::ModeExecutorBase::Settings&, px4_ros2::ModeBase&)[m[K’
[12.093s]    51 |   [01;36m[KModeExecutorBase[m[K(const Settings& settings, ModeBase& owned_mode);
[12.093s]       |   [01;36m[K^~~~~~~~~~~~~~~~[m[K
[12.093s] [01m[K/home/rudra/custom_flightmode/install/px4_ros2_cpp/include/px4_ros2/components/mode_executor.hpp:51:3:[m[K [01;36m[Knote: [m[K  candidate expects 2 arguments, 3 provided
[12.093s] In file included from [01m[K/usr/include/c++/11/memory:76[m[K,
[12.094s]                  from [01m[K/opt/ros/humble/include/rclcpp/rclcpp/rclcpp.hpp:153[m[K,
[12.094s]                  from [01m[K/home/rudra/custom_flightmode/src/px4_ros2_custom_flight_mode/src/main.cpp:6[m[K:
[12.094s] /usr/include/c++/11/bits/unique_ptr.h: In instantiation of ‘[01m[Ktypename std::_MakeUniq<_Tp>::__single_object std::make_unique(_Args&& ...) [with _Tp = DrawModeExecutor; _Args = {DrawFlightMode&}; typename std::_MakeUniq<_Tp>::__single_object = std::unique_ptr<DrawModeExecutor, std::default_delete<DrawModeExecutor> >][m[K’:
[12.094s] [01m[K/home/rudra/custom_flightmode/install/px4_ros2_cpp/include/px4_ros2/components/node_with_mode.hpp:140:45:[m[K   required from ‘[01m[Kauto px4_ros2::NodeWithModeExecutor<ModeExecutorT, OwnedModeT, OtherModesT>::createModeExecutor(std::index_sequence<__var_indices ...>) [with long unsigned int ...Idx = {}; ModeExecutorT = DrawModeExecutor; OwnedModeT = DrawFlightMode; OtherModesT = {}; std::index_sequence<__var_indices ...> = std::integer_sequence<long unsigned int>][m[K’
[12.094s] [01m[K/home/rudra/custom_flightmode/install/px4_ros2_cpp/include/px4_ros2/components/node_with_mode.hpp:112:40:[m[K   required from ‘[01m[Kpx4_ros2::NodeWithModeExecutor<ModeExecutorT, OwnedModeT, OtherModesT>::NodeWithModeExecutor(std::string, bool) [with ModeExecutorT = DrawModeExecutor; OwnedModeT = DrawFlightMode; OtherModesT = {}; std::string = std::__cxx11::basic_string<char>][m[K’
[12.094s] [01m[K/usr/include/c++/11/ext/new_allocator.h:162:4:[m[K   required from ‘[01m[Kvoid __gnu_cxx::new_allocator<_Tp>::construct(_Up*, _Args&& ...) [with _Up = px4_ros2::NodeWithModeExecutor<DrawModeExecutor, DrawFlightMode>; _Args = {const std::__cxx11::basic_string<char, std::char_traits<char>, std::allocator<char> >&, const bool&}; _Tp = px4_ros2::NodeWithModeExecutor<DrawModeExecutor, DrawFlightMode>][m[K’
[12.094s] [01m[K/usr/include/c++/11/bits/alloc_traits.h:516:17:[m[K   required from ‘[01m[Kstatic void std::allocator_traits<std::allocator<_Tp1> >::construct(std::allocator_traits<std::allocator<_Tp1> >::allocator_type&, _Up*, _Args&& ...) [with _Up = px4_ros2::NodeWithModeExecutor<DrawModeExecutor, DrawFlightMode>; _Args = {const std::__cxx11::basic_string<char, std::char_traits<char>, std::allocator<char> >&, const bool&}; _Tp = px4_ros2::NodeWithModeExecutor<DrawModeExecutor, DrawFlightMode>; std::allocator_traits<std::allocator<_Tp1> >::allocator_type = std::allocator<px4_ros2::NodeWithModeExecutor<DrawModeExecutor, DrawFlightMode> >][m[K’
[12.094s] [01m[K/usr/include/c++/11/bits/shared_ptr_base.h:519:39:[m[K   required from ‘[01m[Kstd::_Sp_counted_ptr_inplace<_Tp, _Alloc, _Lp>::_Sp_counted_ptr_inplace(_Alloc, _Args&& ...) [with _Args = {const std::__cxx11::basic_string<char, std::char_traits<char>, std::allocator<char> >&, const bool&}; _Tp = px4_ros2::NodeWithModeExecutor<DrawModeExecutor, DrawFlightMode>; _Alloc = std::allocator<px4_ros2::NodeWithModeExecutor<DrawModeExecutor, DrawFlightMode> >; __gnu_cxx::_Lock_policy _Lp = __gnu_cxx::_S_atomic][m[K’
[12.094s] [01m[K/usr/include/c++/11/bits/shared_ptr_base.h:650:16:[m[K   required from ‘[01m[Kstd::__shared_count<_Lp>::__shared_count(_Tp*&, std::_Sp_alloc_shared_tag<_Alloc>, _Args&& ...) [with _Tp = px4_ros2::NodeWithModeExecutor<DrawModeExecutor, DrawFlightMode>; _Alloc = std::allocator<px4_ros2::NodeWithModeExecutor<DrawModeExecutor, DrawFlightMode> >; _Args = {const std::__cxx11::basic_string<char, std::char_traits<char>, std::allocator<char> >&, const bool&}; __gnu_cxx::_Lock_policy _Lp = __gnu_cxx::_S_atomic][m[K’
[12.094s] [01m[K/usr/include/c++/11/bits/shared_ptr_base.h:1342:14:[m[K   required from ‘[01m[Kstd::__shared_ptr<_Tp, _Lp>::__shared_ptr(std::_Sp_alloc_shared_tag<_Tp>, _Args&& ...) [with _Alloc = std::allocator<px4_ros2::NodeWithModeExecutor<DrawModeExecutor, DrawFlightMode> >; _Args = {const std::__cxx11::basic_string<char, std::char_traits<char>, std::allocator<char> >&, const bool&}; _Tp = px4_ros2::NodeWithModeExecutor<DrawModeExecutor, DrawFlightMode>; __gnu_cxx::_Lock_policy _Lp = __gnu_cxx::_S_atomic][m[K’
[12.094s] [01m[K/usr/include/c++/11/bits/shared_ptr.h:409:59:[m[K   required from ‘[01m[Kstd::shared_ptr<_Tp>::shared_ptr(std::_Sp_alloc_shared_tag<_Tp>, _Args&& ...) [with _Alloc = std::allocator<px4_ros2::NodeWithModeExecutor<DrawModeExecutor, DrawFlightMode> >; _Args = {const std::__cxx11::basic_string<char, std::char_traits<char>, std::allocator<char> >&, const bool&}; _Tp = px4_ros2::NodeWithModeExecutor<DrawModeExecutor, DrawFlightMode>][m[K’
[12.094s] [01m[K/usr/include/c++/11/bits/shared_ptr.h:862:14:[m[K   required from ‘[01m[Kstd::shared_ptr<_Tp> std::allocate_shared(const _Alloc&, _Args&& ...) [with _Tp = px4_ros2::NodeWithModeExecutor<DrawModeExecutor, DrawFlightMode>; _Alloc = std::allocator<px4_ros2::NodeWithModeExecutor<DrawModeExecutor, DrawFlightMode> >; _Args = {const std::__cxx11::basic_string<char, std::char_traits<char>, std::allocator<char> >&, const bool&}][m[K’
[12.094s] [01m[K/usr/include/c++/11/bits/shared_ptr.h:878:39:[m[K   required from ‘[01m[Kstd::shared_ptr<_Tp> std::make_shared(_Args&& ...) [with _Tp = px4_ros2::NodeWithModeExecutor<DrawModeExecutor, DrawFlightMode>; _Args = {const std::__cxx11::basic_string<char, std::char_traits<char>, std::allocator<char> >&, const bool&}][m[K’
[12.094s] [01m[K/home/rudra/custom_flightmode/src/px4_ros2_custom_flight_mode/src/main.cpp:20:54:[m[K   required from here
[12.094s] [01m[K/usr/include/c++/11/bits/unique_ptr.h:962:30:[m[K [01;31m[Kerror: [m[Kno matching function for call to ‘[01m[KDrawModeExecutor::DrawModeExecutor(DrawFlightMode&)[m[K’
[12.094s]   962 |     { return unique_ptr<_Tp>([01;31m[Knew _Tp(std::forward<_Args>(__args)...)[m[K); }
[12.095s]       |                              [01;31m[K^~~~~~~~~~~~~~~~~~~~~~~~~~~~~~~~~~~~~~~[m[K
[12.095s] In file included from [01m[K/home/rudra/custom_flightmode/src/px4_ros2_custom_flight_mode/src/main.cpp:8[m[K:
[12.095s] [01m[K/home/rudra/custom_flightmode/src/px4_ros2_custom_flight_mode/include/mode.hpp:248:3:[m[K [01;36m[Knote: [m[Kcandidate: ‘[01m[KDrawModeExecutor::DrawModeExecutor(rclcpp::Node&, px4_ros2::ModeBase&)[m[K’
[12.095s]   248 |   [01;36m[KDrawModeExecutor[m[K(rclcpp::Node & node, px4_ros2::ModeBase & owned_mode)
[12.095s]       |   [01;36m[K^~~~~~~~~~~~~~~~[m[K
[12.095s] [01m[K/home/rudra/custom_flightmode/src/px4_ros2_custom_flight_mode/include/mode.hpp:248:3:[m[K [01;36m[Knote: [m[K  candidate expects 2 arguments, 1 provided
[12.095s] gmake[2]: *** [CMakeFiles/draw_r.dir/build.make:76: CMakeFiles/draw_r.dir/src/main.cpp.o] Error 1
[12.095s] gmake[1]: *** [CMakeFiles/Makefile2:137: CMakeFiles/draw_r.dir/all] Error 2
[12.095s] gmake: *** [Makefile:146: all] Error 2
[12.096s] Invoked command in '/home/rudra/custom_flightmode/build/draw_flight_mode' returned '2': AMENT_PREFIX_PATH=/home/rudra/custom_flightmode/install/px4_ros2_cpp:/home/rudra/custom_flightmode/install/px4_msgs:${AMENT_PREFIX_PATH} CMAKE_PREFIX_PATH=/home/rudra/custom_flightmode/install/px4_ros2_cpp:/home/rudra/custom_flightmode/install/px4_msgs:/home/rudra/ros2_ws/install/talker_listener:/home/rudra/ros2_ws/install/first_pkg:/opt/ros/humble LD_LIBRARY_PATH=/home/rudra/custom_flightmode/install/px4_ros2_cpp/lib:/home/rudra/custom_flightmode/install/px4_msgs/lib:${LD_LIBRARY_PATH} PYTHONPATH=/home/rudra/custom_flightmode/install/px4_msgs/local/lib/python3.10/dist-packages:${PYTHONPATH} /usr/bin/cmake --build /home/rudra/custom_flightmode/build/draw_flight_mode -- -j12 -l12
