running egg_info
creating ../../../../../../build/example_mode_with_rclpy_py/example_mode_with_rclpy_py.egg-info
writing ../../../../../../build/example_mode_with_rclpy_py/example_mode_with_rclpy_py.egg-info/PKG-INFO
writing dependency_links to ../../../../../../build/example_mode_with_rclpy_py/example_mode_with_rclpy_py.egg-info/dependency_links.txt
writing entry points to ../../../../../../build/example_mode_with_rclpy_py/example_mode_with_rclpy_py.egg-info/entry_points.txt
writing requirements to ../../../../../../build/example_mode_with_rclpy_py/example_mode_with_rclpy_py.egg-info/requires.txt
writing top-level names to ../../../../../../build/example_mode_with_rclpy_py/example_mode_with_rclpy_py.egg-info/top_level.txt
writing manifest file '../../../../../../build/example_mode_with_rclpy_py/example_mode_with_rclpy_py.egg-info/SOURCES.txt'
reading manifest file '../../../../../../build/example_mode_with_rclpy_py/example_mode_with_rclpy_py.egg-info/SOURCES.txt'
writing manifest file '../../../../../../build/example_mode_with_rclpy_py/example_mode_with_rclpy_py.egg-info/SOURCES.txt'
running build
running build_py
creating /home/rudra/custom_flightmode/build/example_mode_with_rclpy_py/build/lib/example_mode_with_rclpy_py
copying example_mode_with_rclpy_py/__init__.py -> /home/rudra/custom_flightmode/build/example_mode_with_rclpy_py/build/lib/example_mode_with_rclpy_py
copying example_mode_with_rclpy_py/test.py -> /home/rudra/custom_flightmode/build/example_mode_with_rclpy_py/build/lib/example_mode_with_rclpy_py
running install
running install_lib
creating /home/rudra/custom_flightmode/install/example_mode_with_rclpy_py/lib/python3.10/site-packages/example_mode_with_rclpy_py
copying /home/rudra/custom_flightmode/build/example_mode_with_rclpy_py/build/lib/example_mode_with_rclpy_py/__init__.py -> /home/rudra/custom_flightmode/install/example_mode_with_rclpy_py/lib/python3.10/site-packages/example_mode_with_rclpy_py
copying /home/rudra/custom_flightmode/build/example_mode_with_rclpy_py/build/lib/example_mode_with_rclpy_py/test.py -> /home/rudra/custom_flightmode/install/example_mode_with_rclpy_py/lib/python3.10/site-packages/example_mode_with_rclpy_py
byte-compiling /home/rudra/custom_flightmode/install/example_mode_with_rclpy_py/lib/python3.10/site-packages/example_mode_with_rclpy_py/__init__.py to __init__.cpython-310.pyc
byte-compiling /home/rudra/custom_flightmode/install/example_mode_with_rclpy_py/lib/python3.10/site-packages/example_mode_with_rclpy_py/test.py to test.cpython-310.pyc
running install_data
creating /home/rudra/custom_flightmode/install/example_mode_with_rclpy_py/share/ament_index/resource_index/packages
copying resource/example_mode_with_rclpy_py -> /home/rudra/custom_flightmode/install/example_mode_with_rclpy_py/share/ament_index/resource_index/packages
copying package.xml -> /home/rudra/custom_flightmode/install/example_mode_with_rclpy_py/share/example_mode_with_rclpy_py
running install_egg_info
Copying ../../../../../../build/example_mode_with_rclpy_py/example_mode_with_rclpy_py.egg-info to /home/rudra/custom_flightmode/install/example_mode_with_rclpy_py/lib/python3.10/site-packages/example_mode_with_rclpy_py-0.0.1-py3.10.egg-info
running install_scripts
Installing test script to /home/rudra/custom_flightmode/install/example_mode_with_rclpy_py/lib/example_mode_with_rclpy_py
writing list of installed files to '/home/rudra/custom_flightmode/build/example_mode_with_rclpy_py/install.log'
