[0.781s] Invoking command in '/home/rudra/custom_flightmode/src/px4-ros2-interface-lib/examples/python/modes/goto_with_rclpy': AMENT_PREFIX_PATH=/home/rudra/custom_flightmode/install/px4_ros2_py:/home/rudra/custom_flightmode/install/px4_ros2_cpp:/home/rudra/custom_flightmode/install/px4_msgs:${AMENT_PREFIX_PATH} CMAKE_PREFIX_PATH=/home/rudra/custom_flightmode/install/px4_ros2_py:/home/rudra/custom_flightmode/install/px4_ros2_cpp:/home/rudra/custom_flightmode/install/px4_msgs LD_LIBRARY_PATH=/home/rudra/custom_flightmode/install/px4_ros2_cpp/lib:/home/rudra/custom_flightmode/install/px4_msgs/lib:${LD_LIBRARY_PATH} PYTHONPATH=/home/rudra/custom_flightmode/build/example_mode_with_rclpy_py/prefix_override:/usr/lib/python3/dist-packages/colcon_core/task/python/colcon_distutils_commands:/home/rudra/custom_flightmode/install/example_mode_with_rclpy_py/lib/python3.10/site-packages:/home/rudra/custom_flightmode/install/px4_ros2_py/local/lib/python3.10/dist-packages:/home/rudra/custom_flightmode/install/px4_msgs/local/lib/python3.10/dist-packages:${PYTHONPATH} /usr/bin/python3 -W ignore:setup.py install is deprecated -W ignore:easy_install command is deprecated setup.py egg_info --egg-base ../../../../../../build/example_mode_with_rclpy_py build --build-base /home/rudra/custom_flightmode/build/example_mode_with_rclpy_py/build install --record /home/rudra/custom_flightmode/build/example_mode_with_rclpy_py/install.log --install-scripts $base/lib/example_mode_with_rclpy_py --single-version-externally-managed install_data
[1.004s] running egg_info
[1.019s] creating ../../../../../../build/example_mode_with_rclpy_py/example_mode_with_rclpy_py.egg-info
[1.019s] writing ../../../../../../build/example_mode_with_rclpy_py/example_mode_with_rclpy_py.egg-info/PKG-INFO
[1.020s] writing dependency_links to ../../../../../../build/example_mode_with_rclpy_py/example_mode_with_rclpy_py.egg-info/dependency_links.txt
[1.020s] writing entry points to ../../../../../../build/example_mode_with_rclpy_py/example_mode_with_rclpy_py.egg-info/entry_points.txt
[1.020s] writing requirements to ../../../../../../build/example_mode_with_rclpy_py/example_mode_with_rclpy_py.egg-info/requires.txt
[1.020s] writing top-level names to ../../../../../../build/example_mode_with_rclpy_py/example_mode_with_rclpy_py.egg-info/top_level.txt
[1.020s] writing manifest file '../../../../../../build/example_mode_with_rclpy_py/example_mode_with_rclpy_py.egg-info/SOURCES.txt'
[1.052s] reading manifest file '../../../../../../build/example_mode_with_rclpy_py/example_mode_with_rclpy_py.egg-info/SOURCES.txt'
[1.053s] writing manifest file '../../../../../../build/example_mode_with_rclpy_py/example_mode_with_rclpy_py.egg-info/SOURCES.txt'
[1.053s] running build
[1.053s] running build_py
[1.053s] creating /home/rudra/custom_flightmode/build/example_mode_with_rclpy_py/build/lib/example_mode_with_rclpy_py
[1.053s] copying example_mode_with_rclpy_py/__init__.py -> /home/rudra/custom_flightmode/build/example_mode_with_rclpy_py/build/lib/example_mode_with_rclpy_py
[1.054s] copying example_mode_with_rclpy_py/test.py -> /home/rudra/custom_flightmode/build/example_mode_with_rclpy_py/build/lib/example_mode_with_rclpy_py
[1.054s] running install
[1.057s] running install_lib
[1.073s] creating /home/rudra/custom_flightmode/install/example_mode_with_rclpy_py/lib/python3.10/site-packages/example_mode_with_rclpy_py
[1.073s] copying /home/rudra/custom_flightmode/build/example_mode_with_rclpy_py/build/lib/example_mode_with_rclpy_py/__init__.py -> /home/rudra/custom_flightmode/install/example_mode_with_rclpy_py/lib/python3.10/site-packages/example_mode_with_rclpy_py
[1.073s] copying /home/rudra/custom_flightmode/build/example_mode_with_rclpy_py/build/lib/example_mode_with_rclpy_py/test.py -> /home/rudra/custom_flightmode/install/example_mode_with_rclpy_py/lib/python3.10/site-packages/example_mode_with_rclpy_py
[1.073s] byte-compiling /home/rudra/custom_flightmode/install/example_mode_with_rclpy_py/lib/python3.10/site-packages/example_mode_with_rclpy_py/__init__.py to __init__.cpython-310.pyc
[1.074s] byte-compiling /home/rudra/custom_flightmode/install/example_mode_with_rclpy_py/lib/python3.10/site-packages/example_mode_with_rclpy_py/test.py to test.cpython-310.pyc
[1.074s] running install_data
[1.075s] creating /home/rudra/custom_flightmode/install/example_mode_with_rclpy_py/share/ament_index/resource_index/packages
[1.075s] copying resource/example_mode_with_rclpy_py -> /home/rudra/custom_flightmode/install/example_mode_with_rclpy_py/share/ament_index/resource_index/packages
[1.075s] copying package.xml -> /home/rudra/custom_flightmode/install/example_mode_with_rclpy_py/share/example_mode_with_rclpy_py
[1.075s] running install_egg_info
[1.091s] Copying ../../../../../../build/example_mode_with_rclpy_py/example_mode_with_rclpy_py.egg-info to /home/rudra/custom_flightmode/install/example_mode_with_rclpy_py/lib/python3.10/site-packages/example_mode_with_rclpy_py-0.0.1-py3.10.egg-info
[1.092s] running install_scripts
[1.124s] Installing test script to /home/rudra/custom_flightmode/install/example_mode_with_rclpy_py/lib/example_mode_with_rclpy_py
[1.124s] writing list of installed files to '/home/rudra/custom_flightmode/build/example_mode_with_rclpy_py/install.log'
[1.154s] Invoked command in '/home/rudra/custom_flightmode/src/px4-ros2-interface-lib/examples/python/modes/goto_with_rclpy' returned '0': AMENT_PREFIX_PATH=/home/rudra/custom_flightmode/install/px4_ros2_py:/home/rudra/custom_flightmode/install/px4_ros2_cpp:/home/rudra/custom_flightmode/install/px4_msgs:${AMENT_PREFIX_PATH} CMAKE_PREFIX_PATH=/home/rudra/custom_flightmode/install/px4_ros2_py:/home/rudra/custom_flightmode/install/px4_ros2_cpp:/home/rudra/custom_flightmode/install/px4_msgs LD_LIBRARY_PATH=/home/rudra/custom_flightmode/install/px4_ros2_cpp/lib:/home/rudra/custom_flightmode/install/px4_msgs/lib:${LD_LIBRARY_PATH} PYTHONPATH=/home/rudra/custom_flightmode/build/example_mode_with_rclpy_py/prefix_override:/usr/lib/python3/dist-packages/colcon_core/task/python/colcon_distutils_commands:/home/rudra/custom_flightmode/install/example_mode_with_rclpy_py/lib/python3.10/site-packages:/home/rudra/custom_flightmode/install/px4_ros2_py/local/lib/python3.10/dist-packages:/home/rudra/custom_flightmode/install/px4_msgs/local/lib/python3.10/dist-packages:${PYTHONPATH} /usr/bin/python3 -W ignore:setup.py install is deprecated -W ignore:easy_install command is deprecated setup.py egg_info --egg-base ../../../../../../build/example_mode_with_rclpy_py build --build-base /home/rudra/custom_flightmode/build/example_mode_with_rclpy_py/build install --record /home/rudra/custom_flightmode/build/example_mode_with_rclpy_py/install.log --install-scripts $base/lib/example_mode_with_rclpy_py --single-version-externally-managed install_data
