[0.028s] Invoking command in '/home/rudra/custom_flightmode/build/example_mode_manual_cpp': AMENT_PREFIX_PATH=/home/rudra/custom_flightmode/install/px4_ros2_cpp:/home/rudra/custom_flightmode/install/px4_msgs:${AMENT_PREFIX_PATH} CMAKE_PREFIX_PATH=/home/rudra/custom_flightmode/install/px4_ros2_cpp:/home/rudra/custom_flightmode/install/px4_msgs:/home/rudra/ros2_ws/install/talker_listener:/home/rudra/ros2_ws/install/first_pkg:/opt/ros/humble LD_LIBRARY_PATH=/home/rudra/custom_flightmode/install/px4_ros2_cpp/lib:/home/rudra/custom_flightmode/install/px4_msgs/lib:${LD_LIBRARY_PATH} PYTHONPATH=/home/rudra/custom_flightmode/install/px4_msgs/local/lib/python3.10/dist-packages:${PYTHONPATH} /usr/bin/cmake /home/rudra/custom_flightmode/src/px4-ros2-interface-lib/examples/cpp/modes/manual -DCMAKE_INSTALL_PREFIX=/home/rudra/custom_flightmode/install/example_mode_manual_cpp
[2.156s] -- The C compiler identification is GNU 11.4.0
[2.156s] -- The CXX compiler identification is GNU 11.4.0
[2.156s] -- Detecting C compiler ABI info
[2.156s] -- Detecting C compiler ABI info - done
[2.156s] -- Check for working C compiler: /usr/lib/ccache/cc - skipped
[2.156s] -- Detecting C compile features
[2.156s] -- Detecting C compile features - done
[2.156s] -- Detecting CXX compiler ABI info
[2.157s] -- Detecting CXX compiler ABI info - done
[2.157s] -- Check for working CXX compiler: /usr/lib/ccache/c++ - skipped
[2.157s] -- Detecting CXX compile features
[2.157s] -- Detecting CXX compile features - done
[2.157s] -- Found eigen3_cmake_module: 0.1.1 (/opt/ros/humble/share/eigen3_cmake_module/cmake)
[2.157s] -- Found Eigen3: TRUE (found version "3.4.0") 
[2.157s] -- Found ament_cmake: 1.3.14 (/opt/ros/humble/share/ament_cmake/cmake)
[2.157s] -- Found Python3: /usr/bin/python3 (found version "3.10.12") found components: Interpreter 
[2.157s] -- Found rclcpp: 16.0.19 (/opt/ros/humble/share/rclcpp/cmake)
[2.157s] -- Found rosidl_generator_c: 3.1.9 (/opt/ros/humble/share/rosidl_generator_c/cmake)
[2.157s] -- Found rosidl_adapter: 3.1.9 (/opt/ros/humble/share/rosidl_adapter/cmake)
[2.157s] -- Found rosidl_generator_cpp: 3.1.9 (/opt/ros/humble/share/rosidl_generator_cpp/cmake)
[2.157s] -- Using all available rosidl_typesupport_c: rosidl_typesupport_fastrtps_c;rosidl_typesupport_introspection_c
[2.157s] -- Using all available rosidl_typesupport_cpp: rosidl_typesupport_fastrtps_cpp;rosidl_typesupport_introspection_cpp
[2.157s] -- Found rmw_implementation_cmake: 6.1.2 (/opt/ros/humble/share/rmw_implementation_cmake/cmake)
[2.157s] -- Found rmw_fastrtps_cpp: 6.2.10 (/opt/ros/humble/share/rmw_fastrtps_cpp/cmake)
[2.158s] -- Found OpenSSL: /usr/lib/x86_64-linux-gnu/libcrypto.so (found version "3.0.2")  
[2.158s] -- Found FastRTPS: /opt/ros/humble/include  
[2.158s] -- Using RMW implementation 'rmw_fastrtps_cpp' as default
[2.158s] -- Looking for pthread.h
[2.160s] -- Looking for pthread.h - found
[2.160s] -- Performing Test CMAKE_HAVE_LIBC_PTHREAD
[2.160s] -- Performing Test CMAKE_HAVE_LIBC_PTHREAD - Success
[2.160s] -- Found Threads: TRUE  
[2.160s] -- Found px4_ros2_cpp: 0.0.1 (/home/rudra/custom_flightmode/install/px4_ros2_cpp/share/px4_ros2_cpp/cmake)
[2.160s] -- Found ament_lint_auto: 0.12.15 (/opt/ros/humble/share/ament_lint_auto/cmake)
[2.196s] -- Added test 'copyright' to check source files copyright and LICENSE
[2.199s] -- Added test 'cppcheck' to perform static code analysis on C / C++ code
[2.201s] -- Configured cppcheck include dirs: /home/rudra/custom_flightmode/src/px4-ros2-interface-lib/examples/cpp/modes/manual/include
[2.201s] -- Configured cppcheck exclude dirs and/or files: 
[2.201s] -- Added test 'cpplint' to check C / C++ code against the Google style
[2.201s] -- Configured cpplint exclude dirs and/or files: 
[2.202s] -- Added test 'lint_cmake' to check CMake code style
[2.204s] -- Added test 'uncrustify' to check C / C++ code style
[2.205s] -- Configured uncrustify additional arguments: 
[2.206s] -- Added test 'xmllint' to check XML markup files
[2.208s] -- Configuring done
[2.245s] -- Generating done
[2.255s] -- Build files have been written to: /home/rudra/custom_flightmode/build/example_mode_manual_cpp
[2.281s] Invoked command in '/home/rudra/custom_flightmode/build/example_mode_manual_cpp' returned '0': AMENT_PREFIX_PATH=/home/rudra/custom_flightmode/install/px4_ros2_cpp:/home/rudra/custom_flightmode/install/px4_msgs:${AMENT_PREFIX_PATH} CMAKE_PREFIX_PATH=/home/rudra/custom_flightmode/install/px4_ros2_cpp:/home/rudra/custom_flightmode/install/px4_msgs:/home/rudra/ros2_ws/install/talker_listener:/home/rudra/ros2_ws/install/first_pkg:/opt/ros/humble LD_LIBRARY_PATH=/home/rudra/custom_flightmode/install/px4_ros2_cpp/lib:/home/rudra/custom_flightmode/install/px4_msgs/lib:${LD_LIBRARY_PATH} PYTHONPATH=/home/rudra/custom_flightmode/install/px4_msgs/local/lib/python3.10/dist-packages:${PYTHONPATH} /usr/bin/cmake /home/rudra/custom_flightmode/src/px4-ros2-interface-lib/examples/cpp/modes/manual -DCMAKE_INSTALL_PREFIX=/home/rudra/custom_flightmode/install/example_mode_manual_cpp
[2.285s] Invoking command in '/home/rudra/custom_flightmode/build/example_mode_manual_cpp': AMENT_PREFIX_PATH=/home/rudra/custom_flightmode/install/px4_ros2_cpp:/home/rudra/custom_flightmode/install/px4_msgs:${AMENT_PREFIX_PATH} CMAKE_PREFIX_PATH=/home/rudra/custom_flightmode/install/px4_ros2_cpp:/home/rudra/custom_flightmode/install/px4_msgs:/home/rudra/ros2_ws/install/talker_listener:/home/rudra/ros2_ws/install/first_pkg:/opt/ros/humble LD_LIBRARY_PATH=/home/rudra/custom_flightmode/install/px4_ros2_cpp/lib:/home/rudra/custom_flightmode/install/px4_msgs/lib:${LD_LIBRARY_PATH} PYTHONPATH=/home/rudra/custom_flightmode/install/px4_msgs/local/lib/python3.10/dist-packages:${PYTHONPATH} /usr/bin/cmake --build /home/rudra/custom_flightmode/build/example_mode_manual_cpp -- -j12 -l12
[2.417s] [ 50%] [32mBuilding CXX object CMakeFiles/example_mode_manual.dir/src/main.cpp.o[0m
[2.417s] [100%] [32m[1mLinking CXX executable example_mode_manual[0m
[7.267s] [100%] Built target example_mode_manual
[7.314s] Invoked command in '/home/rudra/custom_flightmode/build/example_mode_manual_cpp' returned '0': AMENT_PREFIX_PATH=/home/rudra/custom_flightmode/install/px4_ros2_cpp:/home/rudra/custom_flightmode/install/px4_msgs:${AMENT_PREFIX_PATH} CMAKE_PREFIX_PATH=/home/rudra/custom_flightmode/install/px4_ros2_cpp:/home/rudra/custom_flightmode/install/px4_msgs:/home/rudra/ros2_ws/install/talker_listener:/home/rudra/ros2_ws/install/first_pkg:/opt/ros/humble LD_LIBRARY_PATH=/home/rudra/custom_flightmode/install/px4_ros2_cpp/lib:/home/rudra/custom_flightmode/install/px4_msgs/lib:${LD_LIBRARY_PATH} PYTHONPATH=/home/rudra/custom_flightmode/install/px4_msgs/local/lib/python3.10/dist-packages:${PYTHONPATH} /usr/bin/cmake --build /home/rudra/custom_flightmode/build/example_mode_manual_cpp -- -j12 -l12
[7.315s] Invoking command in '/home/rudra/custom_flightmode/build/example_mode_manual_cpp': AMENT_PREFIX_PATH=/home/rudra/custom_flightmode/install/px4_ros2_cpp:/home/rudra/custom_flightmode/install/px4_msgs:${AMENT_PREFIX_PATH} CMAKE_PREFIX_PATH=/home/rudra/custom_flightmode/install/px4_ros2_cpp:/home/rudra/custom_flightmode/install/px4_msgs:/home/rudra/ros2_ws/install/talker_listener:/home/rudra/ros2_ws/install/first_pkg:/opt/ros/humble LD_LIBRARY_PATH=/home/rudra/custom_flightmode/install/px4_ros2_cpp/lib:/home/rudra/custom_flightmode/install/px4_msgs/lib:${LD_LIBRARY_PATH} PYTHONPATH=/home/rudra/custom_flightmode/install/px4_msgs/local/lib/python3.10/dist-packages:${PYTHONPATH} /usr/bin/cmake --install /home/rudra/custom_flightmode/build/example_mode_manual_cpp
[7.565s] -- Install configuration: ""
[7.565s] -- Installing: /home/rudra/custom_flightmode/install/example_mode_manual_cpp/lib/example_mode_manual_cpp/example_mode_manual
[7.565s] -- Set runtime path of "/home/rudra/custom_flightmode/install/example_mode_manual_cpp/lib/example_mode_manual_cpp/example_mode_manual" to ""
[7.565s] -- Installing: /home/rudra/custom_flightmode/install/example_mode_manual_cpp/share/ament_index/resource_index/package_run_dependencies/example_mode_manual_cpp
[7.565s] -- Installing: /home/rudra/custom_flightmode/install/example_mode_manual_cpp/share/ament_index/resource_index/parent_prefix_path/example_mode_manual_cpp
[7.565s] -- Installing: /home/rudra/custom_flightmode/install/example_mode_manual_cpp/share/example_mode_manual_cpp/environment/ament_prefix_path.sh
[7.565s] -- Installing: /home/rudra/custom_flightmode/install/example_mode_manual_cpp/share/example_mode_manual_cpp/environment/ament_prefix_path.dsv
[7.565s] -- Installing: /home/rudra/custom_flightmode/install/example_mode_manual_cpp/share/example_mode_manual_cpp/environment/path.sh
[7.566s] -- Installing: /home/rudra/custom_flightmode/install/example_mode_manual_cpp/share/example_mode_manual_cpp/environment/path.dsv
[7.566s] -- Installing: /home/rudra/custom_flightmode/install/example_mode_manual_cpp/share/example_mode_manual_cpp/local_setup.bash
[7.566s] -- Installing: /home/rudra/custom_flightmode/install/example_mode_manual_cpp/share/example_mode_manual_cpp/local_setup.sh
[7.566s] -- Installing: /home/rudra/custom_flightmode/install/example_mode_manual_cpp/share/example_mode_manual_cpp/local_setup.zsh
[7.566s] -- Installing: /home/rudra/custom_flightmode/install/example_mode_manual_cpp/share/example_mode_manual_cpp/local_setup.dsv
[7.566s] -- Installing: /home/rudra/custom_flightmode/install/example_mode_manual_cpp/share/example_mode_manual_cpp/package.dsv
[7.566s] -- Installing: /home/rudra/custom_flightmode/install/example_mode_manual_cpp/share/ament_index/resource_index/packages/example_mode_manual_cpp
[7.566s] -- Installing: /home/rudra/custom_flightmode/install/example_mode_manual_cpp/share/example_mode_manual_cpp/cmake/example_mode_manual_cppConfig.cmake
[7.566s] -- Installing: /home/rudra/custom_flightmode/install/example_mode_manual_cpp/share/example_mode_manual_cpp/cmake/example_mode_manual_cppConfig-version.cmake
[7.566s] -- Installing: /home/rudra/custom_flightmode/install/example_mode_manual_cpp/share/example_mode_manual_cpp/package.xml
[7.589s] Invoked command in '/home/rudra/custom_flightmode/build/example_mode_manual_cpp' returned '0': AMENT_PREFIX_PATH=/home/rudra/custom_flightmode/install/px4_ros2_cpp:/home/rudra/custom_flightmode/install/px4_msgs:${AMENT_PREFIX_PATH} CMAKE_PREFIX_PATH=/home/rudra/custom_flightmode/install/px4_ros2_cpp:/home/rudra/custom_flightmode/install/px4_msgs:/home/rudra/ros2_ws/install/talker_listener:/home/rudra/ros2_ws/install/first_pkg:/opt/ros/humble LD_LIBRARY_PATH=/home/rudra/custom_flightmode/install/px4_ros2_cpp/lib:/home/rudra/custom_flightmode/install/px4_msgs/lib:${LD_LIBRARY_PATH} PYTHONPATH=/home/rudra/custom_flightmode/install/px4_msgs/local/lib/python3.10/dist-packages:${PYTHONPATH} /usr/bin/cmake --install /home/rudra/custom_flightmode/build/example_mode_manual_cpp
