[0.042s] Invoking command in '/home/rudra/custom_flightmode/build/px4_ros2_py': AMENT_PREFIX_PATH=/home/rudra/custom_flightmode/install/px4_ros2_cpp:/home/rudra/custom_flightmode/install/px4_msgs:${AMENT_PREFIX_PATH} CMAKE_PREFIX_PATH=/home/rudra/custom_flightmode/install/px4_ros2_cpp:/home/rudra/custom_flightmode/install/px4_msgs:/home/rudra/ros2_ws/install/talker_listener:/home/rudra/ros2_ws/install/first_pkg:/opt/ros/humble LD_LIBRARY_PATH=/home/rudra/custom_flightmode/install/px4_ros2_cpp/lib:/home/rudra/custom_flightmode/install/px4_msgs/lib:${LD_LIBRARY_PATH} PYTHONPATH=/home/rudra/custom_flightmode/install/px4_msgs/local/lib/python3.10/dist-packages:${PYTHONPATH} /usr/bin/cmake --build /home/rudra/custom_flightmode/build/px4_ros2_py -- -j12 -l12
[0.124s] [  0%] Built target ament_cmake_python_copy_px4_ros2
[0.142s] [100%] Built target px4_ros2_py
[0.342s] running egg_info
[0.358s] writing px4_ros2.egg-info/PKG-INFO
[0.358s] writing dependency_links to px4_ros2.egg-info/dependency_links.txt
[0.358s] writing top-level names to px4_ros2.egg-info/top_level.txt
[0.404s] reading manifest file 'px4_ros2.egg-info/SOURCES.txt'
[0.405s] writing manifest file 'px4_ros2.egg-info/SOURCES.txt'
[0.428s] [100%] Built target ament_cmake_python_build_px4_ros2_egg
[0.437s] Invoked command in '/home/rudra/custom_flightmode/build/px4_ros2_py' returned '0': AMENT_PREFIX_PATH=/home/rudra/custom_flightmode/install/px4_ros2_cpp:/home/rudra/custom_flightmode/install/px4_msgs:${AMENT_PREFIX_PATH} CMAKE_PREFIX_PATH=/home/rudra/custom_flightmode/install/px4_ros2_cpp:/home/rudra/custom_flightmode/install/px4_msgs:/home/rudra/ros2_ws/install/talker_listener:/home/rudra/ros2_ws/install/first_pkg:/opt/ros/humble LD_LIBRARY_PATH=/home/rudra/custom_flightmode/install/px4_ros2_cpp/lib:/home/rudra/custom_flightmode/install/px4_msgs/lib:${LD_LIBRARY_PATH} PYTHONPATH=/home/rudra/custom_flightmode/install/px4_msgs/local/lib/python3.10/dist-packages:${PYTHONPATH} /usr/bin/cmake --build /home/rudra/custom_flightmode/build/px4_ros2_py -- -j12 -l12
[0.439s] Invoking command in '/home/rudra/custom_flightmode/build/px4_ros2_py': AMENT_PREFIX_PATH=/home/rudra/custom_flightmode/install/px4_ros2_cpp:/home/rudra/custom_flightmode/install/px4_msgs:${AMENT_PREFIX_PATH} CMAKE_PREFIX_PATH=/home/rudra/custom_flightmode/install/px4_ros2_cpp:/home/rudra/custom_flightmode/install/px4_msgs:/home/rudra/ros2_ws/install/talker_listener:/home/rudra/ros2_ws/install/first_pkg:/opt/ros/humble LD_LIBRARY_PATH=/home/rudra/custom_flightmode/install/px4_ros2_cpp/lib:/home/rudra/custom_flightmode/install/px4_msgs/lib:${LD_LIBRARY_PATH} PYTHONPATH=/home/rudra/custom_flightmode/install/px4_msgs/local/lib/python3.10/dist-packages:${PYTHONPATH} /usr/bin/cmake --install /home/rudra/custom_flightmode/build/px4_ros2_py
[0.446s] -- Install configuration: ""
[0.446s] -- Up-to-date: /home/rudra/custom_flightmode/install/px4_ros2_py/share/px4_ros2_py/environment/pythonpath.sh
[0.446s] -- Up-to-date: /home/rudra/custom_flightmode/install/px4_ros2_py/share/px4_ros2_py/environment/pythonpath.dsv
[0.446s] -- Up-to-date: /home/rudra/custom_flightmode/install/px4_ros2_py/local/lib/python3.10/dist-packages/px4_ros2-0.0.1-py3.10.egg-info
[0.446s] -- Installing: /home/rudra/custom_flightmode/install/px4_ros2_py/local/lib/python3.10/dist-packages/px4_ros2-0.0.1-py3.10.egg-info/SOURCES.txt
[0.446s] -- Installing: /home/rudra/custom_flightmode/install/px4_ros2_py/local/lib/python3.10/dist-packages/px4_ros2-0.0.1-py3.10.egg-info/top_level.txt
[0.446s] -- Installing: /home/rudra/custom_flightmode/install/px4_ros2_py/local/lib/python3.10/dist-packages/px4_ros2-0.0.1-py3.10.egg-info/PKG-INFO
[0.446s] -- Installing: /home/rudra/custom_flightmode/install/px4_ros2_py/local/lib/python3.10/dist-packages/px4_ros2-0.0.1-py3.10.egg-info/dependency_links.txt
[0.446s] -- Up-to-date: /home/rudra/custom_flightmode/install/px4_ros2_py/local/lib/python3.10/dist-packages/px4_ros2
[0.446s] -- Up-to-date: /home/rudra/custom_flightmode/install/px4_ros2_py/local/lib/python3.10/dist-packages/px4_ros2/__init__.py
[0.472s] Listing '/home/rudra/custom_flightmode/install/px4_ros2_py/local/lib/python3.10/dist-packages/px4_ros2'...
[0.475s] -- Up-to-date: /home/rudra/custom_flightmode/install/px4_ros2_py/local/lib/python3.10/dist-packages/px4_ros2/px4_ros2_py.cpython-310-x86_64-linux-gnu.so
[0.476s] -- Up-to-date: /home/rudra/custom_flightmode/install/px4_ros2_py/share/ament_index/resource_index/package_run_dependencies/px4_ros2_py
[0.476s] -- Up-to-date: /home/rudra/custom_flightmode/install/px4_ros2_py/share/ament_index/resource_index/parent_prefix_path/px4_ros2_py
[0.476s] -- Up-to-date: /home/rudra/custom_flightmode/install/px4_ros2_py/share/px4_ros2_py/environment/ament_prefix_path.sh
[0.476s] -- Up-to-date: /home/rudra/custom_flightmode/install/px4_ros2_py/share/px4_ros2_py/environment/ament_prefix_path.dsv
[0.476s] -- Up-to-date: /home/rudra/custom_flightmode/install/px4_ros2_py/share/px4_ros2_py/environment/path.sh
[0.476s] -- Up-to-date: /home/rudra/custom_flightmode/install/px4_ros2_py/share/px4_ros2_py/environment/path.dsv
[0.476s] -- Up-to-date: /home/rudra/custom_flightmode/install/px4_ros2_py/share/px4_ros2_py/local_setup.bash
[0.476s] -- Up-to-date: /home/rudra/custom_flightmode/install/px4_ros2_py/share/px4_ros2_py/local_setup.sh
[0.476s] -- Up-to-date: /home/rudra/custom_flightmode/install/px4_ros2_py/share/px4_ros2_py/local_setup.zsh
[0.476s] -- Up-to-date: /home/rudra/custom_flightmode/install/px4_ros2_py/share/px4_ros2_py/local_setup.dsv
[0.476s] -- Installing: /home/rudra/custom_flightmode/install/px4_ros2_py/share/px4_ros2_py/package.dsv
[0.476s] -- Up-to-date: /home/rudra/custom_flightmode/install/px4_ros2_py/share/ament_index/resource_index/packages/px4_ros2_py
[0.476s] -- Up-to-date: /home/rudra/custom_flightmode/install/px4_ros2_py/share/px4_ros2_py/cmake/px4_ros2_pyConfig.cmake
[0.476s] -- Up-to-date: /home/rudra/custom_flightmode/install/px4_ros2_py/share/px4_ros2_py/cmake/px4_ros2_pyConfig-version.cmake
[0.477s] -- Up-to-date: /home/rudra/custom_flightmode/install/px4_ros2_py/share/px4_ros2_py/package.xml
[0.479s] Invoked command in '/home/rudra/custom_flightmode/build/px4_ros2_py' returned '0': AMENT_PREFIX_PATH=/home/rudra/custom_flightmode/install/px4_ros2_cpp:/home/rudra/custom_flightmode/install/px4_msgs:${AMENT_PREFIX_PATH} CMAKE_PREFIX_PATH=/home/rudra/custom_flightmode/install/px4_ros2_cpp:/home/rudra/custom_flightmode/install/px4_msgs:/home/rudra/ros2_ws/install/talker_listener:/home/rudra/ros2_ws/install/first_pkg:/opt/ros/humble LD_LIBRARY_PATH=/home/rudra/custom_flightmode/install/px4_ros2_cpp/lib:/home/rudra/custom_flightmode/install/px4_msgs/lib:${LD_LIBRARY_PATH} PYTHONPATH=/home/rudra/custom_flightmode/install/px4_msgs/local/lib/python3.10/dist-packages:${PYTHONPATH} /usr/bin/cmake --install /home/rudra/custom_flightmode/build/px4_ros2_py
