[0.035s] Invoking command in '/home/rudra/custom_flightmode/build/example_executor_with_multiple_modes_cpp': AMENT_PREFIX_PATH=/home/rudra/custom_flightmode/install/px4_ros2_cpp:/home/rudra/custom_flightmode/install/px4_msgs:${AMENT_PREFIX_PATH} CMAKE_PREFIX_PATH=/home/rudra/custom_flightmode/install/px4_ros2_cpp:/home/rudra/custom_flightmode/install/px4_msgs:/home/rudra/ros2_ws/install/talker_listener:/home/rudra/ros2_ws/install/first_pkg:/opt/ros/humble LD_LIBRARY_PATH=/home/rudra/custom_flightmode/install/px4_ros2_cpp/lib:/home/rudra/custom_flightmode/install/px4_msgs/lib:${LD_LIBRARY_PATH} PYTHONPATH=/home/rudra/custom_flightmode/install/px4_msgs/local/lib/python3.10/dist-packages:${PYTHONPATH} /usr/bin/cmake /home/rudra/custom_flightmode/src/px4-ros2-interface-lib/examples/cpp/modes/executor_with_multiple_modes -DCMAKE_INSTALL_PREFIX=/home/rudra/custom_flightmode/install/example_executor_with_multiple_modes_cpp
[0.109s] -- The C compiler identification is GNU 11.4.0
[0.198s] -- The CXX compiler identification is GNU 11.4.0
[0.230s] -- Detecting C compiler ABI info
[0.347s] -- Detecting C compiler ABI info - done
[0.359s] -- Check for working C compiler: /usr/lib/ccache/cc - skipped
[0.359s] -- Detecting C compile features
[0.359s] -- Detecting C compile features - done
[0.361s] -- Detecting CXX compiler ABI info
[0.495s] -- Detecting CXX compiler ABI info - done
[0.502s] -- Check for working CXX compiler: /usr/lib/ccache/c++ - skipped
[0.502s] -- Detecting CXX compile features
[0.503s] -- Detecting CXX compile features - done
[0.508s] -- Found eigen3_cmake_module: 0.1.1 (/opt/ros/humble/share/eigen3_cmake_module/cmake)
[0.518s] -- Found Eigen3: TRUE (found version "3.4.0") 
[0.519s] -- Found ament_cmake: 1.3.14 (/opt/ros/humble/share/ament_cmake/cmake)
[1.138s] -- Found Python3: /usr/bin/python3 (found version "3.10.12") found components: Interpreter 
[1.269s] -- Found rclcpp: 16.0.19 (/opt/ros/humble/share/rclcpp/cmake)
[1.334s] -- Found rosidl_generator_c: 3.1.9 (/opt/ros/humble/share/rosidl_generator_c/cmake)
[1.340s] -- Found rosidl_adapter: 3.1.9 (/opt/ros/humble/share/rosidl_adapter/cmake)
[1.353s] -- Found rosidl_generator_cpp: 3.1.9 (/opt/ros/humble/share/rosidl_generator_cpp/cmake)
[1.371s] -- Using all available rosidl_typesupport_c: rosidl_typesupport_fastrtps_c;rosidl_typesupport_introspection_c
[1.397s] -- Using all available rosidl_typesupport_cpp: rosidl_typesupport_fastrtps_cpp;rosidl_typesupport_introspection_cpp
[1.463s] -- Found rmw_implementation_cmake: 6.1.2 (/opt/ros/humble/share/rmw_implementation_cmake/cmake)
[1.465s] -- Found rmw_fastrtps_cpp: 6.2.10 (/opt/ros/humble/share/rmw_fastrtps_cpp/cmake)
[1.601s] -- Found OpenSSL: /usr/lib/x86_64-linux-gnu/libcrypto.so (found version "3.0.2")  
[1.646s] -- Found FastRTPS: /opt/ros/humble/include  
[1.712s] -- Using RMW implementation 'rmw_fastrtps_cpp' as default
[1.725s] -- Looking for pthread.h
[1.813s] -- Looking for pthread.h - found
[1.813s] -- Performing Test CMAKE_HAVE_LIBC_PTHREAD
[1.913s] -- Performing Test CMAKE_HAVE_LIBC_PTHREAD - Success
[1.918s] -- Found Threads: TRUE  
[1.996s] -- Found px4_ros2_cpp: 0.0.1 (/home/rudra/custom_flightmode/install/px4_ros2_cpp/share/px4_ros2_cpp/cmake)
[2.021s] -- Found ament_lint_auto: 0.12.15 (/opt/ros/humble/share/ament_lint_auto/cmake)
[2.183s] -- Added test 'copyright' to check source files copyright and LICENSE
[2.185s] -- Added test 'cppcheck' to perform static code analysis on C / C++ code
[2.185s] -- Configured cppcheck include dirs: /home/rudra/custom_flightmode/src/px4-ros2-interface-lib/examples/cpp/modes/executor_with_multiple_modes/include
[2.186s] -- Configured cppcheck exclude dirs and/or files: 
[2.187s] -- Added test 'cpplint' to check C / C++ code against the Google style
[2.187s] -- Configured cpplint exclude dirs and/or files: 
[2.189s] -- Added test 'lint_cmake' to check CMake code style
[2.191s] -- Added test 'uncrustify' to check C / C++ code style
[2.192s] -- Configured uncrustify additional arguments: 
[2.192s] -- Added test 'xmllint' to check XML markup files
[2.194s] -- Configuring done
[2.218s] -- Generating done
[2.227s] -- Build files have been written to: /home/rudra/custom_flightmode/build/example_executor_with_multiple_modes_cpp
[2.255s] Invoked command in '/home/rudra/custom_flightmode/build/example_executor_with_multiple_modes_cpp' returned '0': AMENT_PREFIX_PATH=/home/rudra/custom_flightmode/install/px4_ros2_cpp:/home/rudra/custom_flightmode/install/px4_msgs:${AMENT_PREFIX_PATH} CMAKE_PREFIX_PATH=/home/rudra/custom_flightmode/install/px4_ros2_cpp:/home/rudra/custom_flightmode/install/px4_msgs:/home/rudra/ros2_ws/install/talker_listener:/home/rudra/ros2_ws/install/first_pkg:/opt/ros/humble LD_LIBRARY_PATH=/home/rudra/custom_flightmode/install/px4_ros2_cpp/lib:/home/rudra/custom_flightmode/install/px4_msgs/lib:${LD_LIBRARY_PATH} PYTHONPATH=/home/rudra/custom_flightmode/install/px4_msgs/local/lib/python3.10/dist-packages:${PYTHONPATH} /usr/bin/cmake /home/rudra/custom_flightmode/src/px4-ros2-interface-lib/examples/cpp/modes/executor_with_multiple_modes -DCMAKE_INSTALL_PREFIX=/home/rudra/custom_flightmode/install/example_executor_with_multiple_modes_cpp
[2.263s] Invoking command in '/home/rudra/custom_flightmode/build/example_executor_with_multiple_modes_cpp': AMENT_PREFIX_PATH=/home/rudra/custom_flightmode/install/px4_ros2_cpp:/home/rudra/custom_flightmode/install/px4_msgs:${AMENT_PREFIX_PATH} CMAKE_PREFIX_PATH=/home/rudra/custom_flightmode/install/px4_ros2_cpp:/home/rudra/custom_flightmode/install/px4_msgs:/home/rudra/ros2_ws/install/talker_listener:/home/rudra/ros2_ws/install/first_pkg:/opt/ros/humble LD_LIBRARY_PATH=/home/rudra/custom_flightmode/install/px4_ros2_cpp/lib:/home/rudra/custom_flightmode/install/px4_msgs/lib:${LD_LIBRARY_PATH} PYTHONPATH=/home/rudra/custom_flightmode/install/px4_msgs/local/lib/python3.10/dist-packages:${PYTHONPATH} /usr/bin/cmake --build /home/rudra/custom_flightmode/build/example_executor_with_multiple_modes_cpp -- -j12 -l12
[2.330s] [ 50%] [32mBuilding CXX object CMakeFiles/example_executor_with_multiple_modes.dir/src/main.cpp.o[0m
[2.379s] [100%] [32m[1mLinking CXX executable example_executor_with_multiple_modes[0m
[7.397s] [100%] Built target example_executor_with_multiple_modes
[7.445s] Invoked command in '/home/rudra/custom_flightmode/build/example_executor_with_multiple_modes_cpp' returned '0': AMENT_PREFIX_PATH=/home/rudra/custom_flightmode/install/px4_ros2_cpp:/home/rudra/custom_flightmode/install/px4_msgs:${AMENT_PREFIX_PATH} CMAKE_PREFIX_PATH=/home/rudra/custom_flightmode/install/px4_ros2_cpp:/home/rudra/custom_flightmode/install/px4_msgs:/home/rudra/ros2_ws/install/talker_listener:/home/rudra/ros2_ws/install/first_pkg:/opt/ros/humble LD_LIBRARY_PATH=/home/rudra/custom_flightmode/install/px4_ros2_cpp/lib:/home/rudra/custom_flightmode/install/px4_msgs/lib:${LD_LIBRARY_PATH} PYTHONPATH=/home/rudra/custom_flightmode/install/px4_msgs/local/lib/python3.10/dist-packages:${PYTHONPATH} /usr/bin/cmake --build /home/rudra/custom_flightmode/build/example_executor_with_multiple_modes_cpp -- -j12 -l12
[7.446s] Invoking command in '/home/rudra/custom_flightmode/build/example_executor_with_multiple_modes_cpp': AMENT_PREFIX_PATH=/home/rudra/custom_flightmode/install/px4_ros2_cpp:/home/rudra/custom_flightmode/install/px4_msgs:${AMENT_PREFIX_PATH} CMAKE_PREFIX_PATH=/home/rudra/custom_flightmode/install/px4_ros2_cpp:/home/rudra/custom_flightmode/install/px4_msgs:/home/rudra/ros2_ws/install/talker_listener:/home/rudra/ros2_ws/install/first_pkg:/opt/ros/humble LD_LIBRARY_PATH=/home/rudra/custom_flightmode/install/px4_ros2_cpp/lib:/home/rudra/custom_flightmode/install/px4_msgs/lib:${LD_LIBRARY_PATH} PYTHONPATH=/home/rudra/custom_flightmode/install/px4_msgs/local/lib/python3.10/dist-packages:${PYTHONPATH} /usr/bin/cmake --install /home/rudra/custom_flightmode/build/example_executor_with_multiple_modes_cpp
[7.584s] -- Install configuration: ""
[7.584s] -- Installing: /home/rudra/custom_flightmode/install/example_executor_with_multiple_modes_cpp/lib/example_executor_with_multiple_modes_cpp/example_executor_with_multiple_modes
[7.584s] -- Set runtime path of "/home/rudra/custom_flightmode/install/example_executor_with_multiple_modes_cpp/lib/example_executor_with_multiple_modes_cpp/example_executor_with_multiple_modes" to ""
[7.584s] -- Installing: /home/rudra/custom_flightmode/install/example_executor_with_multiple_modes_cpp/share/ament_index/resource_index/package_run_dependencies/example_executor_with_multiple_modes_cpp
[7.584s] -- Installing: /home/rudra/custom_flightmode/install/example_executor_with_multiple_modes_cpp/share/ament_index/resource_index/parent_prefix_path/example_executor_with_multiple_modes_cpp
[7.584s] -- Installing: /home/rudra/custom_flightmode/install/example_executor_with_multiple_modes_cpp/share/example_executor_with_multiple_modes_cpp/environment/ament_prefix_path.sh
[7.584s] -- Installing: /home/rudra/custom_flightmode/install/example_executor_with_multiple_modes_cpp/share/example_executor_with_multiple_modes_cpp/environment/ament_prefix_path.dsv
[7.584s] -- Installing: /home/rudra/custom_flightmode/install/example_executor_with_multiple_modes_cpp/share/example_executor_with_multiple_modes_cpp/environment/path.sh
[7.590s] -- Installing: /home/rudra/custom_flightmode/install/example_executor_with_multiple_modes_cpp/share/example_executor_with_multiple_modes_cpp/environment/path.dsv
[7.590s] -- Installing: /home/rudra/custom_flightmode/install/example_executor_with_multiple_modes_cpp/share/example_executor_with_multiple_modes_cpp/local_setup.bash
[7.590s] -- Installing: /home/rudra/custom_flightmode/install/example_executor_with_multiple_modes_cpp/share/example_executor_with_multiple_modes_cpp/local_setup.sh
[7.590s] -- Installing: /home/rudra/custom_flightmode/install/example_executor_with_multiple_modes_cpp/share/example_executor_with_multiple_modes_cpp/local_setup.zsh
[7.590s] -- Installing: /home/rudra/custom_flightmode/install/example_executor_with_multiple_modes_cpp/share/example_executor_with_multiple_modes_cpp/local_setup.dsv
[7.590s] -- Installing: /home/rudra/custom_flightmode/install/example_executor_with_multiple_modes_cpp/share/example_executor_with_multiple_modes_cpp/package.dsv
[7.590s] -- Installing: /home/rudra/custom_flightmode/install/example_executor_with_multiple_modes_cpp/share/ament_index/resource_index/packages/example_executor_with_multiple_modes_cpp
[7.590s] -- Installing: /home/rudra/custom_flightmode/install/example_executor_with_multiple_modes_cpp/share/example_executor_with_multiple_modes_cpp/cmake/example_executor_with_multiple_modes_cppConfig.cmake
[7.590s] -- Installing: /home/rudra/custom_flightmode/install/example_executor_with_multiple_modes_cpp/share/example_executor_with_multiple_modes_cpp/cmake/example_executor_with_multiple_modes_cppConfig-version.cmake
[7.590s] -- Installing: /home/rudra/custom_flightmode/install/example_executor_with_multiple_modes_cpp/share/example_executor_with_multiple_modes_cpp/package.xml
[7.639s] Invoked command in '/home/rudra/custom_flightmode/build/example_executor_with_multiple_modes_cpp' returned '0': AMENT_PREFIX_PATH=/home/rudra/custom_flightmode/install/px4_ros2_cpp:/home/rudra/custom_flightmode/install/px4_msgs:${AMENT_PREFIX_PATH} CMAKE_PREFIX_PATH=/home/rudra/custom_flightmode/install/px4_ros2_cpp:/home/rudra/custom_flightmode/install/px4_msgs:/home/rudra/ros2_ws/install/talker_listener:/home/rudra/ros2_ws/install/first_pkg:/opt/ros/humble LD_LIBRARY_PATH=/home/rudra/custom_flightmode/install/px4_ros2_cpp/lib:/home/rudra/custom_flightmode/install/px4_msgs/lib:${LD_LIBRARY_PATH} PYTHONPATH=/home/rudra/custom_flightmode/install/px4_msgs/local/lib/python3.10/dist-packages:${PYTHONPATH} /usr/bin/cmake --install /home/rudra/custom_flightmode/build/example_executor_with_multiple_modes_cpp
