Consolidate compiler generated dependencies of target draw_r
[ 50%] Building CXX object CMakeFiles/draw_r.dir/src/main.cpp.o
[100%] Linking CXX executable draw_r
[100%] Built target draw_r
-- Install configuration: ""
-- Execute custom install script
-- Up-to-date symlink: /home/rudra/custom_flightmode/install/draw_flight_mode/lib/draw_flight_mode/draw_r
-- Up-to-date symlink: /home/rudra/custom_flightmode/install/draw_flight_mode/share/ament_index/resource_index/package_run_dependencies/draw_flight_mode
-- Up-to-date symlink: /home/rudra/custom_flightmode/install/draw_flight_mode/share/ament_index/resource_index/parent_prefix_path/draw_flight_mode
-- Up-to-date symlink: /home/rudra/custom_flightmode/install/draw_flight_mode/share/draw_flight_mode/environment/ament_prefix_path.sh
-- Up-to-date symlink: /home/rudra/custom_flightmode/install/draw_flight_mode/share/draw_flight_mode/environment/ament_prefix_path.dsv
-- Up-to-date symlink: /home/rudra/custom_flightmode/install/draw_flight_mode/share/draw_flight_mode/environment/path.sh
-- Up-to-date symlink: /home/rudra/custom_flightmode/install/draw_flight_mode/share/draw_flight_mode/environment/path.dsv
-- Up-to-date symlink: /home/rudra/custom_flightmode/install/draw_flight_mode/share/draw_flight_mode/local_setup.bash
-- Up-to-date symlink: /home/rudra/custom_flightmode/install/draw_flight_mode/share/draw_flight_mode/local_setup.sh
-- Up-to-date symlink: /home/rudra/custom_flightmode/install/draw_flight_mode/share/draw_flight_mode/local_setup.zsh
-- Up-to-date symlink: /home/rudra/custom_flightmode/install/draw_flight_mode/share/draw_flight_mode/local_setup.dsv
-- Symlinking: /home/rudra/custom_flightmode/install/draw_flight_mode/share/draw_flight_mode/package.dsv
-- Up-to-date symlink: /home/rudra/custom_flightmode/install/draw_flight_mode/share/ament_index/resource_index/packages/draw_flight_mode
-- Up-to-date symlink: /home/rudra/custom_flightmode/install/draw_flight_mode/share/draw_flight_mode/cmake/draw_flight_modeConfig.cmake
-- Up-to-date symlink: /home/rudra/custom_flightmode/install/draw_flight_mode/share/draw_flight_mode/cmake/draw_flight_modeConfig-version.cmake
-- Up-to-date symlink: /home/rudra/custom_flightmode/install/draw_flight_mode/share/draw_flight_mode/package.xml
