[0.726s] Invoking command in '/home/rudra/custom_flightmode/src/px4-ros2-interface-lib/examples/python/modes/goto': AMENT_PREFIX_PATH=/home/rudra/custom_flightmode/install/px4_ros2_py:/home/rudra/custom_flightmode/install/px4_ros2_cpp:/home/rudra/custom_flightmode/install/px4_msgs:${AMENT_PREFIX_PATH} CMAKE_PREFIX_PATH=/home/rudra/custom_flightmode/install/px4_ros2_py:/home/rudra/custom_flightmode/install/px4_ros2_cpp:/home/rudra/custom_flightmode/install/px4_msgs LD_LIBRARY_PATH=/home/rudra/custom_flightmode/install/px4_ros2_cpp/lib:/home/rudra/custom_flightmode/install/px4_msgs/lib:${LD_LIBRARY_PATH} PYTHONPATH=/home/rudra/custom_flightmode/build/example_mode_goto_py/prefix_override:/usr/lib/python3/dist-packages/colcon_core/task/python/colcon_distutils_commands:/home/rudra/custom_flightmode/install/example_mode_goto_py/lib/python3.10/site-packages:/home/rudra/custom_flightmode/install/px4_ros2_py/local/lib/python3.10/dist-packages:/home/rudra/custom_flightmode/install/px4_msgs/local/lib/python3.10/dist-packages:${PYTHONPATH} /usr/bin/python3 -W ignore:setup.py install is deprecated -W ignore:easy_install command is deprecated setup.py egg_info --egg-base ../../../../../../build/example_mode_goto_py build --build-base /home/rudra/custom_flightmode/build/example_mode_goto_py/build install --record /home/rudra/custom_flightmode/build/example_mode_goto_py/install.log --install-scripts $base/lib/example_mode_goto_py --single-version-externally-managed install_data
[0.942s] running egg_info
[0.956s] writing ../../../../../../build/example_mode_goto_py/example_mode_goto_py.egg-info/PKG-INFO
[0.957s] writing dependency_links to ../../../../../../build/example_mode_goto_py/example_mode_goto_py.egg-info/dependency_links.txt
[0.957s] writing entry points to ../../../../../../build/example_mode_goto_py/example_mode_goto_py.egg-info/entry_points.txt
[0.957s] writing requirements to ../../../../../../build/example_mode_goto_py/example_mode_goto_py.egg-info/requires.txt
[0.957s] writing top-level names to ../../../../../../build/example_mode_goto_py/example_mode_goto_py.egg-info/top_level.txt
[0.988s] reading manifest file '../../../../../../build/example_mode_goto_py/example_mode_goto_py.egg-info/SOURCES.txt'
[0.989s] writing manifest file '../../../../../../build/example_mode_goto_py/example_mode_goto_py.egg-info/SOURCES.txt'
[0.989s] running build
[0.989s] running build_py
[0.989s] copying example_mode_goto_py/__init__.py -> /home/rudra/custom_flightmode/build/example_mode_goto_py/build/lib/example_mode_goto_py
[0.990s] copying example_mode_goto_py/mode.py -> /home/rudra/custom_flightmode/build/example_mode_goto_py/build/lib/example_mode_goto_py
[0.990s] running install
[0.993s] running install_lib
[1.008s] running install_data
[1.008s] copying resource/example_mode_goto_py -> /home/rudra/custom_flightmode/install/example_mode_goto_py/share/ament_index/resource_index/packages
[1.008s] copying package.xml -> /home/rudra/custom_flightmode/install/example_mode_goto_py/share/example_mode_goto_py
[1.008s] running install_egg_info
[1.024s] removing '/home/rudra/custom_flightmode/install/example_mode_goto_py/lib/python3.10/site-packages/example_mode_goto_py-0.0.1-py3.10.egg-info' (and everything under it)
[1.024s] Copying ../../../../../../build/example_mode_goto_py/example_mode_goto_py.egg-info to /home/rudra/custom_flightmode/install/example_mode_goto_py/lib/python3.10/site-packages/example_mode_goto_py-0.0.1-py3.10.egg-info
[1.025s] running install_scripts
[1.056s] Installing goto script to /home/rudra/custom_flightmode/install/example_mode_goto_py/lib/example_mode_goto_py
[1.056s] writing list of installed files to '/home/rudra/custom_flightmode/build/example_mode_goto_py/install.log'
[1.074s] Invoked command in '/home/rudra/custom_flightmode/src/px4-ros2-interface-lib/examples/python/modes/goto' returned '0': AMENT_PREFIX_PATH=/home/rudra/custom_flightmode/install/px4_ros2_py:/home/rudra/custom_flightmode/install/px4_ros2_cpp:/home/rudra/custom_flightmode/install/px4_msgs:${AMENT_PREFIX_PATH} CMAKE_PREFIX_PATH=/home/rudra/custom_flightmode/install/px4_ros2_py:/home/rudra/custom_flightmode/install/px4_ros2_cpp:/home/rudra/custom_flightmode/install/px4_msgs LD_LIBRARY_PATH=/home/rudra/custom_flightmode/install/px4_ros2_cpp/lib:/home/rudra/custom_flightmode/install/px4_msgs/lib:${LD_LIBRARY_PATH} PYTHONPATH=/home/rudra/custom_flightmode/build/example_mode_goto_py/prefix_override:/usr/lib/python3/dist-packages/colcon_core/task/python/colcon_distutils_commands:/home/rudra/custom_flightmode/install/example_mode_goto_py/lib/python3.10/site-packages:/home/rudra/custom_flightmode/install/px4_ros2_py/local/lib/python3.10/dist-packages:/home/rudra/custom_flightmode/install/px4_msgs/local/lib/python3.10/dist-packages:${PYTHONPATH} /usr/bin/python3 -W ignore:setup.py install is deprecated -W ignore:easy_install command is deprecated setup.py egg_info --egg-base ../../../../../../build/example_mode_goto_py build --build-base /home/rudra/custom_flightmode/build/example_mode_goto_py/build install --record /home/rudra/custom_flightmode/build/example_mode_goto_py/install.log --install-scripts $base/lib/example_mode_goto_py --single-version-externally-managed install_data
