[0.033s] Invoking command in '/home/rudra/custom_flightmode/build/example_local_navigation_cpp': AMENT_PREFIX_PATH=/home/rudra/custom_flightmode/install/px4_ros2_cpp:/home/rudra/custom_flightmode/install/px4_msgs:${AMENT_PREFIX_PATH} CMAKE_PREFIX_PATH=/home/rudra/custom_flightmode/install/px4_ros2_cpp:/home/rudra/custom_flightmode/install/px4_msgs:/home/rudra/ros2_ws/install/talker_listener:/home/rudra/ros2_ws/install/first_pkg:/opt/ros/humble LD_LIBRARY_PATH=/home/rudra/custom_flightmode/install/px4_ros2_cpp/lib:/home/rudra/custom_flightmode/install/px4_msgs/lib:${LD_LIBRARY_PATH} PYTHONPATH=/home/rudra/custom_flightmode/install/px4_msgs/local/lib/python3.10/dist-packages:${PYTHONPATH} /usr/bin/cmake /home/rudra/custom_flightmode/src/px4-ros2-interface-lib/examples/cpp/navigation/local_navigation -DCMAKE_INSTALL_PREFIX=/home/rudra/custom_flightmode/install/example_local_navigation_cpp
[0.110s] -- The C compiler identification is GNU 11.4.0
[0.220s] -- The CXX compiler identification is GNU 11.4.0
[0.228s] -- Detecting C compiler ABI info
[0.350s] -- Detecting C compiler ABI info - done
[0.363s] -- Check for working C compiler: /usr/lib/ccache/cc - skipped
[0.363s] -- Detecting C compile features
[0.363s] -- Detecting C compile features - done
[0.368s] -- Detecting CXX compiler ABI info
[0.497s] -- Detecting CXX compiler ABI info - done
[0.510s] -- Check for working CXX compiler: /usr/lib/ccache/c++ - skipped
[0.510s] -- Detecting CXX compile features
[0.510s] -- Detecting CXX compile features - done
[0.513s] -- Found eigen3_cmake_module: 0.1.1 (/opt/ros/humble/share/eigen3_cmake_module/cmake)
[0.526s] -- Found Eigen3: TRUE (found version "3.4.0") 
[0.528s] -- Found ament_cmake: 1.3.14 (/opt/ros/humble/share/ament_cmake/cmake)
[1.058s] -- Found Python3: /usr/bin/python3 (found version "3.10.12") found components: Interpreter 
[1.206s] -- Found rclcpp: 16.0.19 (/opt/ros/humble/share/rclcpp/cmake)
[1.267s] -- Found rosidl_generator_c: 3.1.9 (/opt/ros/humble/share/rosidl_generator_c/cmake)
[1.275s] -- Found rosidl_adapter: 3.1.9 (/opt/ros/humble/share/rosidl_adapter/cmake)
[1.286s] -- Found rosidl_generator_cpp: 3.1.9 (/opt/ros/humble/share/rosidl_generator_cpp/cmake)
[1.303s] -- Using all available rosidl_typesupport_c: rosidl_typesupport_fastrtps_c;rosidl_typesupport_introspection_c
[1.326s] -- Using all available rosidl_typesupport_cpp: rosidl_typesupport_fastrtps_cpp;rosidl_typesupport_introspection_cpp
[1.388s] -- Found rmw_implementation_cmake: 6.1.2 (/opt/ros/humble/share/rmw_implementation_cmake/cmake)
[1.392s] -- Found rmw_fastrtps_cpp: 6.2.10 (/opt/ros/humble/share/rmw_fastrtps_cpp/cmake)
[1.539s] -- Found OpenSSL: /usr/lib/x86_64-linux-gnu/libcrypto.so (found version "3.0.2")  
[1.585s] -- Found FastRTPS: /opt/ros/humble/include  
[1.651s] -- Using RMW implementation 'rmw_fastrtps_cpp' as default
[1.663s] -- Looking for pthread.h
[1.748s] -- Looking for pthread.h - found
[1.749s] -- Performing Test CMAKE_HAVE_LIBC_PTHREAD
[1.844s] -- Performing Test CMAKE_HAVE_LIBC_PTHREAD - Success
[1.844s] -- Found Threads: TRUE  
[1.922s] -- Found px4_ros2_cpp: 0.0.1 (/home/rudra/custom_flightmode/install/px4_ros2_cpp/share/px4_ros2_cpp/cmake)
[1.944s] -- Found ament_lint_auto: 0.12.15 (/opt/ros/humble/share/ament_lint_auto/cmake)
[2.104s] -- Added test 'copyright' to check source files copyright and LICENSE
[2.106s] -- Added test 'cppcheck' to perform static code analysis on C / C++ code
[2.106s] -- Configured cppcheck include dirs: /home/rudra/custom_flightmode/src/px4-ros2-interface-lib/examples/cpp/navigation/local_navigation/include
[2.106s] -- Configured cppcheck exclude dirs and/or files: 
[2.108s] -- Added test 'cpplint' to check C / C++ code against the Google style
[2.108s] -- Configured cpplint exclude dirs and/or files: 
[2.109s] -- Added test 'lint_cmake' to check CMake code style
[2.110s] -- Added test 'uncrustify' to check C / C++ code style
[2.110s] -- Configured uncrustify additional arguments: 
[2.111s] -- Added test 'xmllint' to check XML markup files
[2.117s] -- Configuring done
[2.135s] -- Generating done
[2.145s] -- Build files have been written to: /home/rudra/custom_flightmode/build/example_local_navigation_cpp
[2.173s] Invoked command in '/home/rudra/custom_flightmode/build/example_local_navigation_cpp' returned '0': AMENT_PREFIX_PATH=/home/rudra/custom_flightmode/install/px4_ros2_cpp:/home/rudra/custom_flightmode/install/px4_msgs:${AMENT_PREFIX_PATH} CMAKE_PREFIX_PATH=/home/rudra/custom_flightmode/install/px4_ros2_cpp:/home/rudra/custom_flightmode/install/px4_msgs:/home/rudra/ros2_ws/install/talker_listener:/home/rudra/ros2_ws/install/first_pkg:/opt/ros/humble LD_LIBRARY_PATH=/home/rudra/custom_flightmode/install/px4_ros2_cpp/lib:/home/rudra/custom_flightmode/install/px4_msgs/lib:${LD_LIBRARY_PATH} PYTHONPATH=/home/rudra/custom_flightmode/install/px4_msgs/local/lib/python3.10/dist-packages:${PYTHONPATH} /usr/bin/cmake /home/rudra/custom_flightmode/src/px4-ros2-interface-lib/examples/cpp/navigation/local_navigation -DCMAKE_INSTALL_PREFIX=/home/rudra/custom_flightmode/install/example_local_navigation_cpp
[2.173s] Invoking command in '/home/rudra/custom_flightmode/build/example_local_navigation_cpp': AMENT_PREFIX_PATH=/home/rudra/custom_flightmode/install/px4_ros2_cpp:/home/rudra/custom_flightmode/install/px4_msgs:${AMENT_PREFIX_PATH} CMAKE_PREFIX_PATH=/home/rudra/custom_flightmode/install/px4_ros2_cpp:/home/rudra/custom_flightmode/install/px4_msgs:/home/rudra/ros2_ws/install/talker_listener:/home/rudra/ros2_ws/install/first_pkg:/opt/ros/humble LD_LIBRARY_PATH=/home/rudra/custom_flightmode/install/px4_ros2_cpp/lib:/home/rudra/custom_flightmode/install/px4_msgs/lib:${LD_LIBRARY_PATH} PYTHONPATH=/home/rudra/custom_flightmode/install/px4_msgs/local/lib/python3.10/dist-packages:${PYTHONPATH} /usr/bin/cmake --build /home/rudra/custom_flightmode/build/example_local_navigation_cpp -- -j12 -l12
[2.280s] [ 50%] [32mBuilding CXX object CMakeFiles/example_local_navigation.dir/src/main.cpp.o[0m
[2.315s] [100%] [32m[1mLinking CXX executable example_local_navigation[0m
[7.519s] [100%] Built target example_local_navigation
[7.587s] Invoked command in '/home/rudra/custom_flightmode/build/example_local_navigation_cpp' returned '0': AMENT_PREFIX_PATH=/home/rudra/custom_flightmode/install/px4_ros2_cpp:/home/rudra/custom_flightmode/install/px4_msgs:${AMENT_PREFIX_PATH} CMAKE_PREFIX_PATH=/home/rudra/custom_flightmode/install/px4_ros2_cpp:/home/rudra/custom_flightmode/install/px4_msgs:/home/rudra/ros2_ws/install/talker_listener:/home/rudra/ros2_ws/install/first_pkg:/opt/ros/humble LD_LIBRARY_PATH=/home/rudra/custom_flightmode/install/px4_ros2_cpp/lib:/home/rudra/custom_flightmode/install/px4_msgs/lib:${LD_LIBRARY_PATH} PYTHONPATH=/home/rudra/custom_flightmode/install/px4_msgs/local/lib/python3.10/dist-packages:${PYTHONPATH} /usr/bin/cmake --build /home/rudra/custom_flightmode/build/example_local_navigation_cpp -- -j12 -l12
[7.588s] Invoking command in '/home/rudra/custom_flightmode/build/example_local_navigation_cpp': AMENT_PREFIX_PATH=/home/rudra/custom_flightmode/install/px4_ros2_cpp:/home/rudra/custom_flightmode/install/px4_msgs:${AMENT_PREFIX_PATH} CMAKE_PREFIX_PATH=/home/rudra/custom_flightmode/install/px4_ros2_cpp:/home/rudra/custom_flightmode/install/px4_msgs:/home/rudra/ros2_ws/install/talker_listener:/home/rudra/ros2_ws/install/first_pkg:/opt/ros/humble LD_LIBRARY_PATH=/home/rudra/custom_flightmode/install/px4_ros2_cpp/lib:/home/rudra/custom_flightmode/install/px4_msgs/lib:${LD_LIBRARY_PATH} PYTHONPATH=/home/rudra/custom_flightmode/install/px4_msgs/local/lib/python3.10/dist-packages:${PYTHONPATH} /usr/bin/cmake --install /home/rudra/custom_flightmode/build/example_local_navigation_cpp
[7.724s] -- Install configuration: ""
[7.727s] -- Installing: /home/rudra/custom_flightmode/install/example_local_navigation_cpp/lib/example_local_navigation_cpp/example_local_navigation
[7.728s] -- Set runtime path of "/home/rudra/custom_flightmode/install/example_local_navigation_cpp/lib/example_local_navigation_cpp/example_local_navigation" to ""
[7.728s] -- Installing: /home/rudra/custom_flightmode/install/example_local_navigation_cpp/share/ament_index/resource_index/package_run_dependencies/example_local_navigation_cpp
[7.728s] -- Installing: /home/rudra/custom_flightmode/install/example_local_navigation_cpp/share/ament_index/resource_index/parent_prefix_path/example_local_navigation_cpp
[7.728s] -- Installing: /home/rudra/custom_flightmode/install/example_local_navigation_cpp/share/example_local_navigation_cpp/environment/ament_prefix_path.sh
[7.728s] -- Installing: /home/rudra/custom_flightmode/install/example_local_navigation_cpp/share/example_local_navigation_cpp/environment/ament_prefix_path.dsv
[7.728s] -- Installing: /home/rudra/custom_flightmode/install/example_local_navigation_cpp/share/example_local_navigation_cpp/environment/path.sh
[7.728s] -- Installing: /home/rudra/custom_flightmode/install/example_local_navigation_cpp/share/example_local_navigation_cpp/environment/path.dsv
[7.728s] -- Installing: /home/rudra/custom_flightmode/install/example_local_navigation_cpp/share/example_local_navigation_cpp/local_setup.bash
[7.729s] -- Installing: /home/rudra/custom_flightmode/install/example_local_navigation_cpp/share/example_local_navigation_cpp/local_setup.sh
[7.729s] -- Installing: /home/rudra/custom_flightmode/install/example_local_navigation_cpp/share/example_local_navigation_cpp/local_setup.zsh
[7.729s] -- Installing: /home/rudra/custom_flightmode/install/example_local_navigation_cpp/share/example_local_navigation_cpp/local_setup.dsv
[7.729s] -- Installing: /home/rudra/custom_flightmode/install/example_local_navigation_cpp/share/example_local_navigation_cpp/package.dsv
[7.729s] -- Installing: /home/rudra/custom_flightmode/install/example_local_navigation_cpp/share/ament_index/resource_index/packages/example_local_navigation_cpp
[7.729s] -- Installing: /home/rudra/custom_flightmode/install/example_local_navigation_cpp/share/example_local_navigation_cpp/cmake/example_local_navigation_cppConfig.cmake
[7.730s] -- Installing: /home/rudra/custom_flightmode/install/example_local_navigation_cpp/share/example_local_navigation_cpp/cmake/example_local_navigation_cppConfig-version.cmake
[7.730s] -- Installing: /home/rudra/custom_flightmode/install/example_local_navigation_cpp/share/example_local_navigation_cpp/package.xml
[7.771s] Invoked command in '/home/rudra/custom_flightmode/build/example_local_navigation_cpp' returned '0': AMENT_PREFIX_PATH=/home/rudra/custom_flightmode/install/px4_ros2_cpp:/home/rudra/custom_flightmode/install/px4_msgs:${AMENT_PREFIX_PATH} CMAKE_PREFIX_PATH=/home/rudra/custom_flightmode/install/px4_ros2_cpp:/home/rudra/custom_flightmode/install/px4_msgs:/home/rudra/ros2_ws/install/talker_listener:/home/rudra/ros2_ws/install/first_pkg:/opt/ros/humble LD_LIBRARY_PATH=/home/rudra/custom_flightmode/install/px4_ros2_cpp/lib:/home/rudra/custom_flightmode/install/px4_msgs/lib:${LD_LIBRARY_PATH} PYTHONPATH=/home/rudra/custom_flightmode/install/px4_msgs/local/lib/python3.10/dist-packages:${PYTHONPATH} /usr/bin/cmake --install /home/rudra/custom_flightmode/build/example_local_navigation_cpp
