Consolidate compiler generated dependencies of target draw_r
[ 50%] Building CXX object CMakeFiles/draw_r.dir/src/main.cpp.o
/home/rudra/custom_flightmode/src/px4_ros2_custom_flight_mode-main/src/main.cpp: In constructor ‘Drone1Node::Drone1Node(const string&, bool, const rclcpp::NodeOptions&, const string&, const string&)’:
/home/rudra/custom_flightmode/src/px4_ros2_custom_flight_mode-main/src/main.cpp:47:51: error: ignoring return value of ‘rcutils_ret_t rcutils_logging_set_logger_level(const char*, int)’ declared with attribute ‘warn_unused_result’ [-Werror=unused-result]
   47 |             (void)rcutils_logging_set_logger_level(
      |                   ~~~~~~~~~~~~~~~~~~~~~~~~~~~~~~~~^
   48 |                 get_logger().get_name(), RCUTILS_LOG_SEVERITY_DEBUG);
      |                 ~~~~~~~~~~~~~~~~~~~~~~~~~~~~~~~~~~~~~~~~~~~~~~~~~~~~
/home/rudra/custom_flightmode/src/px4_ros2_custom_flight_mode-main/src/main.cpp: In constructor ‘Drone2Node::Drone2Node(const string&, bool, const rclcpp::NodeOptions&, const string&, const string&)’:
/home/rudra/custom_flightmode/src/px4_ros2_custom_flight_mode-main/src/main.cpp:75:45: error: ignoring return value of ‘rcutils_ret_t rcutils_logging_set_logger_level(const char*, int)’ declared with attribute ‘warn_unused_result’ [-Werror=unused-result]
   75 |             rcutils_logging_set_logger_level(
      |             ~~~~~~~~~~~~~~~~~~~~~~~~~~~~~~~~^
   76 |                 get_logger().get_name(), RCUTILS_LOG_SEVERITY_DEBUG);
      |                 ~~~~~~~~~~~~~~~~~~~~~~~~~~~~~~~~~~~~~~~~~~~~~~~~~~~~
/home/rudra/custom_flightmode/src/px4_ros2_custom_flight_mode-main/src/main.cpp: In constructor ‘Drone3Node::Drone3Node(const string&, bool, const rclcpp::NodeOptions&, const string&, const string&)’:
/home/rudra/custom_flightmode/src/px4_ros2_custom_flight_mode-main/src/main.cpp:103:45: error: ignoring return value of ‘rcutils_ret_t rcutils_logging_set_logger_level(const char*, int)’ declared with attribute ‘warn_unused_result’ [-Werror=unused-result]
  103 |             rcutils_logging_set_logger_level(
      |             ~~~~~~~~~~~~~~~~~~~~~~~~~~~~~~~~^
  104 |                 get_logger().get_name(), RCUTILS_LOG_SEVERITY_DEBUG);
      |                 ~~~~~~~~~~~~~~~~~~~~~~~~~~~~~~~~~~~~~~~~~~~~~~~~~~~~
cc1plus: all warnings being treated as errors
gmake[2]: *** [CMakeFiles/draw_r.dir/build.make:76: CMakeFiles/draw_r.dir/src/main.cpp.o] Error 1
gmake[1]: *** [CMakeFiles/Makefile2:137: CMakeFiles/draw_r.dir/all] Error 2
gmake: *** [Makefile:146: all] Error 2
