[35m[1mConsolidate compiler generated dependencies of target px4_ros2_py[0m
[  0%] Built target ament_cmake_python_copy_px4_ros2
[100%] Built target px4_ros2_py
running egg_info
writing px4_ros2.egg-info/PKG-INFO
writing dependency_links to px4_ros2.egg-info/dependency_links.txt
writing top-level names to px4_ros2.egg-info/top_level.txt
reading manifest file 'px4_ros2.egg-info/SOURCES.txt'
writing manifest file 'px4_ros2.egg-info/SOURCES.txt'
[100%] Built target ament_cmake_python_build_px4_ros2_egg
-- Install configuration: ""
-- Installing: /home/rudra/custom_flightmode/install/px4_ros2_py/share/px4_ros2_py/environment/pythonpath.sh
-- Installing: /home/rudra/custom_flightmode/install/px4_ros2_py/share/px4_ros2_py/environment/pythonpath.dsv
-- Installing: /home/rudra/custom_flightmode/install/px4_ros2_py/local/lib/python3.10/dist-packages/px4_ros2-0.0.1-py3.10.egg-info
-- Installing: /home/rudra/custom_flightmode/install/px4_ros2_py/local/lib/python3.10/dist-packages/px4_ros2-0.0.1-py3.10.egg-info/SOURCES.txt
-- Installing: /home/rudra/custom_flightmode/install/px4_ros2_py/local/lib/python3.10/dist-packages/px4_ros2-0.0.1-py3.10.egg-info/top_level.txt
-- Installing: /home/rudra/custom_flightmode/install/px4_ros2_py/local/lib/python3.10/dist-packages/px4_ros2-0.0.1-py3.10.egg-info/PKG-INFO
-- Installing: /home/rudra/custom_flightmode/install/px4_ros2_py/local/lib/python3.10/dist-packages/px4_ros2-0.0.1-py3.10.egg-info/dependency_links.txt
-- Installing: /home/rudra/custom_flightmode/install/px4_ros2_py/local/lib/python3.10/dist-packages/px4_ros2
-- Installing: /home/rudra/custom_flightmode/install/px4_ros2_py/local/lib/python3.10/dist-packages/px4_ros2/__init__.py
Listing '/home/rudra/custom_flightmode/install/px4_ros2_py/local/lib/python3.10/dist-packages/px4_ros2'...
Compiling '/home/rudra/custom_flightmode/install/px4_ros2_py/local/lib/python3.10/dist-packages/px4_ros2/__init__.py'...
-- Installing: /home/rudra/custom_flightmode/install/px4_ros2_py/local/lib/python3.10/dist-packages/px4_ros2/px4_ros2_py.cpython-310-x86_64-linux-gnu.so
-- Set runtime path of "/home/rudra/custom_flightmode/install/px4_ros2_py/local/lib/python3.10/dist-packages/px4_ros2/px4_ros2_py.cpython-310-x86_64-linux-gnu.so" to ""
-- Installing: /home/rudra/custom_flightmode/install/px4_ros2_py/share/ament_index/resource_index/package_run_dependencies/px4_ros2_py
-- Installing: /home/rudra/custom_flightmode/install/px4_ros2_py/share/ament_index/resource_index/parent_prefix_path/px4_ros2_py
-- Installing: /home/rudra/custom_flightmode/install/px4_ros2_py/share/px4_ros2_py/environment/ament_prefix_path.sh
-- Installing: /home/rudra/custom_flightmode/install/px4_ros2_py/share/px4_ros2_py/environment/ament_prefix_path.dsv
-- Installing: /home/rudra/custom_flightmode/install/px4_ros2_py/share/px4_ros2_py/environment/path.sh
-- Installing: /home/rudra/custom_flightmode/install/px4_ros2_py/share/px4_ros2_py/environment/path.dsv
-- Installing: /home/rudra/custom_flightmode/install/px4_ros2_py/share/px4_ros2_py/local_setup.bash
-- Installing: /home/rudra/custom_flightmode/install/px4_ros2_py/share/px4_ros2_py/local_setup.sh
-- Installing: /home/rudra/custom_flightmode/install/px4_ros2_py/share/px4_ros2_py/local_setup.zsh
-- Installing: /home/rudra/custom_flightmode/install/px4_ros2_py/share/px4_ros2_py/local_setup.dsv
-- Installing: /home/rudra/custom_flightmode/install/px4_ros2_py/share/px4_ros2_py/package.dsv
-- Installing: /home/rudra/custom_flightmode/install/px4_ros2_py/share/ament_index/resource_index/packages/px4_ros2_py
-- Installing: /home/rudra/custom_flightmode/install/px4_ros2_py/share/px4_ros2_py/cmake/px4_ros2_pyConfig.cmake
-- Installing: /home/rudra/custom_flightmode/install/px4_ros2_py/share/px4_ros2_py/cmake/px4_ros2_pyConfig-version.cmake
-- Installing: /home/rudra/custom_flightmode/install/px4_ros2_py/share/px4_ros2_py/package.xml
