[0.063s] Invoking command in '/home/rudra/custom_flightmode/build/px4_ros2_py': AMENT_PREFIX_PATH=/home/rudra/custom_flightmode/install/px4_ros2_cpp:/home/rudra/custom_flightmode/install/px4_msgs:${AMENT_PREFIX_PATH} CMAKE_PREFIX_PATH=/home/rudra/custom_flightmode/install/px4_ros2_cpp:/home/rudra/custom_flightmode/install/px4_msgs:/home/rudra/ros2_ws/install/talker_listener:/home/rudra/ros2_ws/install/first_pkg:/opt/ros/humble LD_LIBRARY_PATH=/home/rudra/custom_flightmode/install/px4_ros2_cpp/lib:/home/rudra/custom_flightmode/install/px4_msgs/lib:${LD_LIBRARY_PATH} PYTHONPATH=/home/rudra/custom_flightmode/install/px4_msgs/local/lib/python3.10/dist-packages:${PYTHONPATH} /usr/bin/cmake --build /home/rudra/custom_flightmode/build/px4_ros2_py -- -j12 -l12
[0.125s] [35m[1mConsolidate compiler generated dependencies of target px4_ros2_py[0m
[0.165s] [  0%] Built target ament_cmake_python_copy_px4_ros2
[0.201s] [100%] Built target px4_ros2_py
[0.427s] running egg_info
[0.444s] writing px4_ros2.egg-info/PKG-INFO
[0.445s] writing dependency_links to px4_ros2.egg-info/dependency_links.txt
[0.445s] writing top-level names to px4_ros2.egg-info/top_level.txt
[0.503s] reading manifest file 'px4_ros2.egg-info/SOURCES.txt'
[0.505s] writing manifest file 'px4_ros2.egg-info/SOURCES.txt'
[0.538s] [100%] Built target ament_cmake_python_build_px4_ros2_egg
[0.550s] Invoked command in '/home/rudra/custom_flightmode/build/px4_ros2_py' returned '0': AMENT_PREFIX_PATH=/home/rudra/custom_flightmode/install/px4_ros2_cpp:/home/rudra/custom_flightmode/install/px4_msgs:${AMENT_PREFIX_PATH} CMAKE_PREFIX_PATH=/home/rudra/custom_flightmode/install/px4_ros2_cpp:/home/rudra/custom_flightmode/install/px4_msgs:/home/rudra/ros2_ws/install/talker_listener:/home/rudra/ros2_ws/install/first_pkg:/opt/ros/humble LD_LIBRARY_PATH=/home/rudra/custom_flightmode/install/px4_ros2_cpp/lib:/home/rudra/custom_flightmode/install/px4_msgs/lib:${LD_LIBRARY_PATH} PYTHONPATH=/home/rudra/custom_flightmode/install/px4_msgs/local/lib/python3.10/dist-packages:${PYTHONPATH} /usr/bin/cmake --build /home/rudra/custom_flightmode/build/px4_ros2_py -- -j12 -l12
[0.551s] Invoking command in '/home/rudra/custom_flightmode/build/px4_ros2_py': AMENT_PREFIX_PATH=/home/rudra/custom_flightmode/install/px4_ros2_cpp:/home/rudra/custom_flightmode/install/px4_msgs:${AMENT_PREFIX_PATH} CMAKE_PREFIX_PATH=/home/rudra/custom_flightmode/install/px4_ros2_cpp:/home/rudra/custom_flightmode/install/px4_msgs:/home/rudra/ros2_ws/install/talker_listener:/home/rudra/ros2_ws/install/first_pkg:/opt/ros/humble LD_LIBRARY_PATH=/home/rudra/custom_flightmode/install/px4_ros2_cpp/lib:/home/rudra/custom_flightmode/install/px4_msgs/lib:${LD_LIBRARY_PATH} PYTHONPATH=/home/rudra/custom_flightmode/install/px4_msgs/local/lib/python3.10/dist-packages:${PYTHONPATH} /usr/bin/cmake --install /home/rudra/custom_flightmode/build/px4_ros2_py
[0.558s] -- Install configuration: ""
[0.558s] -- Installing: /home/rudra/custom_flightmode/install/px4_ros2_py/share/px4_ros2_py/environment/pythonpath.sh
[0.558s] -- Installing: /home/rudra/custom_flightmode/install/px4_ros2_py/share/px4_ros2_py/environment/pythonpath.dsv
[0.558s] -- Installing: /home/rudra/custom_flightmode/install/px4_ros2_py/local/lib/python3.10/dist-packages/px4_ros2-0.0.1-py3.10.egg-info
[0.558s] -- Installing: /home/rudra/custom_flightmode/install/px4_ros2_py/local/lib/python3.10/dist-packages/px4_ros2-0.0.1-py3.10.egg-info/SOURCES.txt
[0.558s] -- Installing: /home/rudra/custom_flightmode/install/px4_ros2_py/local/lib/python3.10/dist-packages/px4_ros2-0.0.1-py3.10.egg-info/top_level.txt
[0.559s] -- Installing: /home/rudra/custom_flightmode/install/px4_ros2_py/local/lib/python3.10/dist-packages/px4_ros2-0.0.1-py3.10.egg-info/PKG-INFO
[0.559s] -- Installing: /home/rudra/custom_flightmode/install/px4_ros2_py/local/lib/python3.10/dist-packages/px4_ros2-0.0.1-py3.10.egg-info/dependency_links.txt
[0.559s] -- Installing: /home/rudra/custom_flightmode/install/px4_ros2_py/local/lib/python3.10/dist-packages/px4_ros2
[0.559s] -- Installing: /home/rudra/custom_flightmode/install/px4_ros2_py/local/lib/python3.10/dist-packages/px4_ros2/__init__.py
[0.586s] Listing '/home/rudra/custom_flightmode/install/px4_ros2_py/local/lib/python3.10/dist-packages/px4_ros2'...
[0.586s] Compiling '/home/rudra/custom_flightmode/install/px4_ros2_py/local/lib/python3.10/dist-packages/px4_ros2/__init__.py'...
[0.590s] -- Installing: /home/rudra/custom_flightmode/install/px4_ros2_py/local/lib/python3.10/dist-packages/px4_ros2/px4_ros2_py.cpython-310-x86_64-linux-gnu.so
[0.592s] -- Set runtime path of "/home/rudra/custom_flightmode/install/px4_ros2_py/local/lib/python3.10/dist-packages/px4_ros2/px4_ros2_py.cpython-310-x86_64-linux-gnu.so" to ""
[0.592s] -- Installing: /home/rudra/custom_flightmode/install/px4_ros2_py/share/ament_index/resource_index/package_run_dependencies/px4_ros2_py
[0.593s] -- Installing: /home/rudra/custom_flightmode/install/px4_ros2_py/share/ament_index/resource_index/parent_prefix_path/px4_ros2_py
[0.593s] -- Installing: /home/rudra/custom_flightmode/install/px4_ros2_py/share/px4_ros2_py/environment/ament_prefix_path.sh
[0.593s] -- Installing: /home/rudra/custom_flightmode/install/px4_ros2_py/share/px4_ros2_py/environment/ament_prefix_path.dsv
[0.593s] -- Installing: /home/rudra/custom_flightmode/install/px4_ros2_py/share/px4_ros2_py/environment/path.sh
[0.593s] -- Installing: /home/rudra/custom_flightmode/install/px4_ros2_py/share/px4_ros2_py/environment/path.dsv
[0.594s] -- Installing: /home/rudra/custom_flightmode/install/px4_ros2_py/share/px4_ros2_py/local_setup.bash
[0.594s] -- Installing: /home/rudra/custom_flightmode/install/px4_ros2_py/share/px4_ros2_py/local_setup.sh
[0.594s] -- Installing: /home/rudra/custom_flightmode/install/px4_ros2_py/share/px4_ros2_py/local_setup.zsh
[0.594s] -- Installing: /home/rudra/custom_flightmode/install/px4_ros2_py/share/px4_ros2_py/local_setup.dsv
[0.594s] -- Installing: /home/rudra/custom_flightmode/install/px4_ros2_py/share/px4_ros2_py/package.dsv
[0.594s] -- Installing: /home/rudra/custom_flightmode/install/px4_ros2_py/share/ament_index/resource_index/packages/px4_ros2_py
[0.595s] -- Installing: /home/rudra/custom_flightmode/install/px4_ros2_py/share/px4_ros2_py/cmake/px4_ros2_pyConfig.cmake
[0.595s] -- Installing: /home/rudra/custom_flightmode/install/px4_ros2_py/share/px4_ros2_py/cmake/px4_ros2_pyConfig-version.cmake
[0.595s] -- Installing: /home/rudra/custom_flightmode/install/px4_ros2_py/share/px4_ros2_py/package.xml
[0.597s] Invoked command in '/home/rudra/custom_flightmode/build/px4_ros2_py' returned '0': AMENT_PREFIX_PATH=/home/rudra/custom_flightmode/install/px4_ros2_cpp:/home/rudra/custom_flightmode/install/px4_msgs:${AMENT_PREFIX_PATH} CMAKE_PREFIX_PATH=/home/rudra/custom_flightmode/install/px4_ros2_cpp:/home/rudra/custom_flightmode/install/px4_msgs:/home/rudra/ros2_ws/install/talker_listener:/home/rudra/ros2_ws/install/first_pkg:/opt/ros/humble LD_LIBRARY_PATH=/home/rudra/custom_flightmode/install/px4_ros2_cpp/lib:/home/rudra/custom_flightmode/install/px4_msgs/lib:${LD_LIBRARY_PATH} PYTHONPATH=/home/rudra/custom_flightmode/install/px4_msgs/local/lib/python3.10/dist-packages:${PYTHONPATH} /usr/bin/cmake --install /home/rudra/custom_flightmode/build/px4_ros2_py
