[0.019s] Invoking command in '/home/rudra/custom_flightmode/build/px4_swarm_drawer': AMENT_PREFIX_PATH=/home/rudra/custom_flightmode/install/px4_ros2_cpp:/home/rudra/custom_flightmode/install/px4_msgs:${AMENT_PREFIX_PATH} CMAKE_PREFIX_PATH=/home/rudra/custom_flightmode/install/px4_ros2_cpp:/home/rudra/custom_flightmode/install/px4_msgs:/home/rudra/ros2_ws/install/talker_listener:/home/rudra/ros2_ws/install/first_pkg:/opt/ros/humble LD_LIBRARY_PATH=/home/rudra/custom_flightmode/install/px4_ros2_cpp/lib:/home/rudra/custom_flightmode/install/px4_msgs/lib:${LD_LIBRARY_PATH} PYTHONPATH=/home/rudra/custom_flightmode/install/px4_msgs/local/lib/python3.10/dist-packages:${PYTHONPATH} /usr/bin/cmake /home/rudra/custom_flightmode/src/px4_swarm_drawer -DCMAKE_INSTALL_PREFIX=/home/rudra/custom_flightmode/install/px4_swarm_drawer
[0.030s] -- Found ament_cmake: 1.3.14 (/opt/ros/humble/share/ament_cmake/cmake)
[0.143s] -- Found rclcpp: 16.0.19 (/opt/ros/humble/share/rclcpp/cmake)
[0.172s] -- Found rosidl_generator_c: 3.1.9 (/opt/ros/humble/share/rosidl_generator_c/cmake)
[0.174s] -- Found rosidl_adapter: 3.1.9 (/opt/ros/humble/share/rosidl_adapter/cmake)
[0.179s] -- Found rosidl_generator_cpp: 3.1.9 (/opt/ros/humble/share/rosidl_generator_cpp/cmake)
[0.186s] -- Using all available rosidl_typesupport_c: rosidl_typesupport_fastrtps_c;rosidl_typesupport_introspection_c
[0.196s] -- Using all available rosidl_typesupport_cpp: rosidl_typesupport_fastrtps_cpp;rosidl_typesupport_introspection_cpp
[0.220s] -- Found rmw_implementation_cmake: 6.1.2 (/opt/ros/humble/share/rmw_implementation_cmake/cmake)
[0.221s] -- Found rmw_fastrtps_cpp: 6.2.10 (/opt/ros/humble/share/rmw_fastrtps_cpp/cmake)
[0.331s] -- Using RMW implementation 'rmw_fastrtps_cpp' as default
[0.378s] -- Found px4_ros2_cpp: 0.0.1 (/home/rudra/custom_flightmode/install/px4_ros2_cpp/share/px4_ros2_cpp/cmake)
[0.409s] -- Found Eigen3: TRUE (found version "3.4.0") 
[0.492s] -- Configuring done
[0.500s] -- Generating done
[0.507s] -- Build files have been written to: /home/rudra/custom_flightmode/build/px4_swarm_drawer
[0.517s] Invoked command in '/home/rudra/custom_flightmode/build/px4_swarm_drawer' returned '0': AMENT_PREFIX_PATH=/home/rudra/custom_flightmode/install/px4_ros2_cpp:/home/rudra/custom_flightmode/install/px4_msgs:${AMENT_PREFIX_PATH} CMAKE_PREFIX_PATH=/home/rudra/custom_flightmode/install/px4_ros2_cpp:/home/rudra/custom_flightmode/install/px4_msgs:/home/rudra/ros2_ws/install/talker_listener:/home/rudra/ros2_ws/install/first_pkg:/opt/ros/humble LD_LIBRARY_PATH=/home/rudra/custom_flightmode/install/px4_ros2_cpp/lib:/home/rudra/custom_flightmode/install/px4_msgs/lib:${LD_LIBRARY_PATH} PYTHONPATH=/home/rudra/custom_flightmode/install/px4_msgs/local/lib/python3.10/dist-packages:${PYTHONPATH} /usr/bin/cmake /home/rudra/custom_flightmode/src/px4_swarm_drawer -DCMAKE_INSTALL_PREFIX=/home/rudra/custom_flightmode/install/px4_swarm_drawer
[0.519s] Invoking command in '/home/rudra/custom_flightmode/build/px4_swarm_drawer': AMENT_PREFIX_PATH=/home/rudra/custom_flightmode/install/px4_ros2_cpp:/home/rudra/custom_flightmode/install/px4_msgs:${AMENT_PREFIX_PATH} CMAKE_PREFIX_PATH=/home/rudra/custom_flightmode/install/px4_ros2_cpp:/home/rudra/custom_flightmode/install/px4_msgs:/home/rudra/ros2_ws/install/talker_listener:/home/rudra/ros2_ws/install/first_pkg:/opt/ros/humble LD_LIBRARY_PATH=/home/rudra/custom_flightmode/install/px4_ros2_cpp/lib:/home/rudra/custom_flightmode/install/px4_msgs/lib:${LD_LIBRARY_PATH} PYTHONPATH=/home/rudra/custom_flightmode/install/px4_msgs/local/lib/python3.10/dist-packages:${PYTHONPATH} /usr/bin/cmake --build /home/rudra/custom_flightmode/build/px4_swarm_drawer -- -j12 -l12
[0.590s] [ 50%] [32mBuilding CXX object CMakeFiles/swarm_mode_node.dir/src/main.cpp.o[0m
[6.930s] In file included from /home/rudra/custom_flightmode/src/px4_swarm_drawer/src/main.cpp:2:
[6.930s] /home/rudra/custom_flightmode/src/px4_swarm_drawer/include/px4_swarm_drawer/modes.hpp: In member function ‘virtual void DrawBaseMode::onActivate()’:
[6.931s] /home/rudra/custom_flightmode/src/px4_swarm_drawer/include/px4_swarm_drawer/modes.hpp:37:23: error: ‘get_node’ was not declared in this scope; did you mean ‘_node’?
[6.931s]    37 |         start_time_ = get_node().get_clock()->now();
[6.931s]       |                       ^~~~~~~~
[6.931s]       |                       _node
[6.931s] /home/rudra/custom_flightmode/src/px4_swarm_drawer/include/px4_swarm_drawer/modes.hpp: In member function ‘virtual void DrawBaseMode::updateSetpoint(float)’:
[6.931s] /home/rudra/custom_flightmode/src/px4_swarm_drawer/include/px4_swarm_drawer/modes.hpp:43:21: error: ‘get_node’ was not declared in this scope; did you mean ‘_node’?
[6.931s]    43 |         double t = (get_node().get_clock()->now() - start_time_).seconds();
[6.931s]       |                     ^~~~~~~~
[6.931s]       |                     _node
[6.931s] /home/rudra/custom_flightmode/src/px4_swarm_drawer/include/px4_swarm_drawer/modes.hpp:65:37: error: no matching function for call to ‘px4_ros2::TrajectorySetpointType::update(<brace-enclosed initializer list>, <brace-enclosed initializer list>)’
[6.931s]    65 |         trajectory_setpoint_->update(
[6.931s]       |         ~~~~~~~~~~~~~~~~~~~~~~~~~~~~^
[6.931s]    66 |             {static_cast<float>(nom_pos.x()), static_cast<float>(nom_pos.y()), static_cast<float>(nom_pos.z())},
[6.932s]       |             ~~~~~~~~~~~~~~~~~~~~~~~~~~~~~~~~~~~~~~~~~~~~~~~~~~~~~~~~~~~~~~~~~~~~~~~~~~~~~~~~~~~~~~~~~~~~~~~~~~~~
[6.932s]    67 |             {static_cast<float>(u_safe.x()), static_cast<float>(u_safe.y()), static_cast<float>(u_safe.z())}
[6.932s]       |             ~~~~~~~~~~~~~~~~~~~~~~~~~~~~~~~~~~~~~~~~~~~~~~~~~~~~~~~~~~~~~~~~~~~~~~~~~~~~~~~~~~~~~~~~~~~~~~~~
[6.932s]    68 |         );
[6.932s]       |         ~                            
[6.932s] In file included from /home/rudra/custom_flightmode/src/px4_swarm_drawer/include/px4_swarm_drawer/modes.hpp:4,
[6.932s]                  from /home/rudra/custom_flightmode/src/px4_swarm_drawer/src/main.cpp:2:
[6.932s] /home/rudra/custom_flightmode/install/px4_ros2_cpp/include/px4_ros2/control/setpoint_types/experimental/trajectory.hpp:40:8: note: candidate: ‘void px4_ros2::TrajectorySetpointType::update(const Vector3f&, const std::optional<Eigen::Matrix<float, 3, 1> >&, std::optional<float>, std::optional<float>)’
[6.932s]    40 |   void update(const Eigen::Vector3f& velocity_ned_m_s,
[6.932s]       |        ^~~~~~
[6.932s] /home/rudra/custom_flightmode/install/px4_ros2_cpp/include/px4_ros2/control/setpoint_types/experimental/trajectory.hpp:41:53: note:   no known conversion for argument 2 from ‘<brace-enclosed initializer list>’ to ‘const std::optional<Eigen::Matrix<float, 3, 1> >&’
[6.932s]    41 |               const std::optional<Eigen::Vector3f>& acceleration_ned_m_s2 = {},
[6.932s]       |               ~~~~~~~~~~~~~~~~~~~~~~~~~~~~~~~~~~~~~~^~~~~~~~~~~~~~~~~~~~~~~~~~
[6.932s] /home/rudra/custom_flightmode/install/px4_ros2_cpp/include/px4_ros2/control/setpoint_types/experimental/trajectory.hpp:54:8: note: candidate: ‘void px4_ros2::TrajectorySetpointType::update(const px4_ros2::TrajectorySetpoint&)’
[6.932s]    54 |   void update(const TrajectorySetpoint& setpoint);
[6.932s]       |        ^~~~~~
[6.933s] /home/rudra/custom_flightmode/install/px4_ros2_cpp/include/px4_ros2/control/setpoint_types/experimental/trajectory.hpp:54:8: note:   candidate expects 1 argument, 2 provided
[6.933s] gmake[2]: *** [CMakeFiles/swarm_mode_node.dir/build.make:76: CMakeFiles/swarm_mode_node.dir/src/main.cpp.o] Error 1
[6.933s] gmake[1]: *** [CMakeFiles/Makefile2:137: CMakeFiles/swarm_mode_node.dir/all] Error 2
[6.933s] gmake: *** [Makefile:146: all] Error 2
[6.936s] Invoked command in '/home/rudra/custom_flightmode/build/px4_swarm_drawer' returned '2': AMENT_PREFIX_PATH=/home/rudra/custom_flightmode/install/px4_ros2_cpp:/home/rudra/custom_flightmode/install/px4_msgs:${AMENT_PREFIX_PATH} CMAKE_PREFIX_PATH=/home/rudra/custom_flightmode/install/px4_ros2_cpp:/home/rudra/custom_flightmode/install/px4_msgs:/home/rudra/ros2_ws/install/talker_listener:/home/rudra/ros2_ws/install/first_pkg:/opt/ros/humble LD_LIBRARY_PATH=/home/rudra/custom_flightmode/install/px4_ros2_cpp/lib:/home/rudra/custom_flightmode/install/px4_msgs/lib:${LD_LIBRARY_PATH} PYTHONPATH=/home/rudra/custom_flightmode/install/px4_msgs/local/lib/python3.10/dist-packages:${PYTHONPATH} /usr/bin/cmake --build /home/rudra/custom_flightmode/build/px4_swarm_drawer -- -j12 -l12
