[0.015s] Invoking command in '/home/rudra/custom_flightmode/build/draw_flight_mode': AMENT_PREFIX_PATH=/home/rudra/custom_flightmode/install/px4_ros2_cpp:/home/rudra/custom_flightmode/install/px4_msgs:${AMENT_PREFIX_PATH} CMAKE_PREFIX_PATH=/home/rudra/custom_flightmode/install/px4_ros2_cpp:/home/rudra/custom_flightmode/install/px4_msgs:/home/rudra/ros2_ws/install/talker_listener:/home/rudra/ros2_ws/install/first_pkg:/opt/ros/humble LD_LIBRARY_PATH=/home/rudra/custom_flightmode/install/px4_ros2_cpp/lib:/home/rudra/custom_flightmode/install/px4_msgs/lib:${LD_LIBRARY_PATH} PYTHONPATH=/home/rudra/custom_flightmode/install/px4_msgs/local/lib/python3.10/dist-packages:${PYTHONPATH} /usr/bin/cmake /home/rudra/custom_flightmode/src/px4_ros2_custom_flight_mode-main -DCMAKE_INSTALL_PREFIX=/home/rudra/custom_flightmode/install/draw_flight_mode
[0.035s] -- Found eigen3_cmake_module: 0.1.1 (/opt/ros/humble/share/eigen3_cmake_module/cmake)
[0.038s] -- Found ament_cmake: 1.3.14 (/opt/ros/humble/share/ament_cmake/cmake)
[0.167s] -- Override CMake install command with custom implementation using symlinks instead of copying resources
[0.197s] -- Found rclcpp: 16.0.19 (/opt/ros/humble/share/rclcpp/cmake)
[0.271s] -- Found rosidl_generator_c: 3.1.9 (/opt/ros/humble/share/rosidl_generator_c/cmake)
[0.276s] -- Found rosidl_adapter: 3.1.9 (/opt/ros/humble/share/rosidl_adapter/cmake)
[0.289s] -- Found rosidl_generator_cpp: 3.1.9 (/opt/ros/humble/share/rosidl_generator_cpp/cmake)
[0.304s] -- Using all available rosidl_typesupport_c: rosidl_typesupport_fastrtps_c;rosidl_typesupport_introspection_c
[0.325s] -- Using all available rosidl_typesupport_cpp: rosidl_typesupport_fastrtps_cpp;rosidl_typesupport_introspection_cpp
[0.376s] -- Found rmw_implementation_cmake: 6.1.2 (/opt/ros/humble/share/rmw_implementation_cmake/cmake)
[0.379s] -- Found rmw_fastrtps_cpp: 6.2.10 (/opt/ros/humble/share/rmw_fastrtps_cpp/cmake)
[0.514s] -- Using RMW implementation 'rmw_fastrtps_cpp' as default
[0.573s] -- Found px4_ros2_cpp: 0.0.1 (/home/rudra/custom_flightmode/install/px4_ros2_cpp/share/px4_ros2_cpp/cmake)
[0.590s] -- Found ament_lint_auto: 0.12.15 (/opt/ros/humble/share/ament_lint_auto/cmake)
[0.690s] -- Added test 'copyright' to check source files copyright and LICENSE
[0.691s] -- Added test 'cppcheck' to perform static code analysis on C / C++ code
[0.691s] -- Configured cppcheck include dirs: /home/rudra/custom_flightmode/src/px4_ros2_custom_flight_mode-main/include
[0.691s] -- Configured cppcheck exclude dirs and/or files: 
[0.692s] -- Added test 'cpplint' to check C / C++ code against the Google style
[0.692s] -- Configured cpplint exclude dirs and/or files: 
[0.692s] -- Added test 'lint_cmake' to check CMake code style
[0.693s] -- Added test 'uncrustify' to check C / C++ code style
[0.693s] -- Configured uncrustify additional arguments: 
[0.694s] -- Added test 'xmllint' to check XML markup files
[0.696s] -- Configuring done
[0.707s] -- Generating done
[0.711s] -- Build files have been written to: /home/rudra/custom_flightmode/build/draw_flight_mode
[0.722s] Invoked command in '/home/rudra/custom_flightmode/build/draw_flight_mode' returned '0': AMENT_PREFIX_PATH=/home/rudra/custom_flightmode/install/px4_ros2_cpp:/home/rudra/custom_flightmode/install/px4_msgs:${AMENT_PREFIX_PATH} CMAKE_PREFIX_PATH=/home/rudra/custom_flightmode/install/px4_ros2_cpp:/home/rudra/custom_flightmode/install/px4_msgs:/home/rudra/ros2_ws/install/talker_listener:/home/rudra/ros2_ws/install/first_pkg:/opt/ros/humble LD_LIBRARY_PATH=/home/rudra/custom_flightmode/install/px4_ros2_cpp/lib:/home/rudra/custom_flightmode/install/px4_msgs/lib:${LD_LIBRARY_PATH} PYTHONPATH=/home/rudra/custom_flightmode/install/px4_msgs/local/lib/python3.10/dist-packages:${PYTHONPATH} /usr/bin/cmake /home/rudra/custom_flightmode/src/px4_ros2_custom_flight_mode-main -DCMAKE_INSTALL_PREFIX=/home/rudra/custom_flightmode/install/draw_flight_mode
[0.724s] Invoking command in '/home/rudra/custom_flightmode/build/draw_flight_mode': AMENT_PREFIX_PATH=/home/rudra/custom_flightmode/install/px4_ros2_cpp:/home/rudra/custom_flightmode/install/px4_msgs:${AMENT_PREFIX_PATH} CMAKE_PREFIX_PATH=/home/rudra/custom_flightmode/install/px4_ros2_cpp:/home/rudra/custom_flightmode/install/px4_msgs:/home/rudra/ros2_ws/install/talker_listener:/home/rudra/ros2_ws/install/first_pkg:/opt/ros/humble LD_LIBRARY_PATH=/home/rudra/custom_flightmode/install/px4_ros2_cpp/lib:/home/rudra/custom_flightmode/install/px4_msgs/lib:${LD_LIBRARY_PATH} PYTHONPATH=/home/rudra/custom_flightmode/install/px4_msgs/local/lib/python3.10/dist-packages:${PYTHONPATH} /usr/bin/cmake --build /home/rudra/custom_flightmode/build/draw_flight_mode -- -j12 -l12
[0.767s] [35m[1mConsolidate compiler generated dependencies of target draw_r[0m
[0.803s] [ 50%] [32mBuilding CXX object CMakeFiles/draw_r.dir/src/main.cpp.o[0m
[9.737s] In file included from /home/rudra/custom_flightmode/src/px4_ros2_custom_flight_mode-main/src/main.cpp:24:
[9.737s] /home/rudra/custom_flightmode/src/px4_ros2_custom_flight_mode-main/include/mode.hpp: In member function ‘virtual void DrawLeftEdgeMode::updateSetpoint(float)’:
[9.737s] /home/rudra/custom_flightmode/src/px4_ros2_custom_flight_mode-main/include/mode.hpp:139:21: error: operands to ‘?:’ have different types ‘const Eigen::CwiseBinaryOp<Eigen::internal::scalar_product_op<float, float>, const Eigen::Matrix<float, 3, 1>, const Eigen::CwiseNullaryOp<Eigen::internal::scalar_constant_op<float>, const Eigen::Matrix<float, 3, 1> > >’ and ‘const ConstantReturnType’ {aka ‘const Eigen::CwiseNullaryOp<Eigen::internal::scalar_constant_op<float>, Eigen::Matrix<float, 3, 1> >’}
[9.737s]   138 |                 const Eigen::Vector3f v_nom = (dist > 0.1f)
[9.737s]       |                                               ~~~~~~~~~~~~~
[9.737s]   139 |                     ? to_tgt.normalized() * kR_speed_ms
[9.738s]       |                     ^~~~~~~~~~~~~~~~~~~~~~~~~~~~~~~~~~~
[9.738s]   140 |                     : Eigen::Vector3f::Zero();
[9.738s]       |                     ~~~~~~~~~~~~~~~~~~~~~~~~~
[9.738s] In file included from /home/rudra/custom_flightmode/src/px4_ros2_custom_flight_mode-main/src/main.cpp:25:
[9.738s] /home/rudra/custom_flightmode/src/px4_ros2_custom_flight_mode-main/include/mode_curve.hpp: In member function ‘virtual void DrawCurveMode::updateSetpoint(float)’:
[9.738s] /home/rudra/custom_flightmode/src/px4_ros2_custom_flight_mode-main/include/mode_curve.hpp:157:21: error: operands to ‘?:’ have different types ‘const Eigen::CwiseBinaryOp<Eigen::internal::scalar_product_op<float, float>, const Eigen::Matrix<float, 3, 1>, const Eigen::CwiseNullaryOp<Eigen::internal::scalar_constant_op<float>, const Eigen::Matrix<float, 3, 1> > >’ and ‘const ConstantReturnType’ {aka ‘const Eigen::CwiseNullaryOp<Eigen::internal::scalar_constant_op<float>, Eigen::Matrix<float, 3, 1> >’}
[9.738s]   156 |                 const Eigen::Vector3f v_nom = (dist > 0.1f)
[9.738s]       |                                               ~~~~~~~~~~~~~
[9.738s]   157 |                     ? to_wp.normalized() * kR_speed_ms
[9.738s]       |                     ^~~~~~~~~~~~~~~~~~~~~~~~~~~~~~~~~~
[9.738s]   158 |                     : Eigen::Vector3f::Zero();
[9.739s]       |                     ~~~~~~~~~~~~~~~~~~~~~~~~~
[9.739s] In file included from /home/rudra/custom_flightmode/src/px4_ros2_custom_flight_mode-main/src/main.cpp:26:
[9.739s] /home/rudra/custom_flightmode/src/px4_ros2_custom_flight_mode-main/include/mode_diagonal.hpp: In member function ‘virtual void DrawDiagonalMode::updateSetpoint(float)’:
[9.739s] /home/rudra/custom_flightmode/src/px4_ros2_custom_flight_mode-main/include/mode_diagonal.hpp:125:21: error: operands to ‘?:’ have different types ‘const Eigen::CwiseBinaryOp<Eigen::internal::scalar_product_op<float, float>, const Eigen::Matrix<float, 3, 1>, const Eigen::CwiseNullaryOp<Eigen::internal::scalar_constant_op<float>, const Eigen::Matrix<float, 3, 1> > >’ and ‘const ConstantReturnType’ {aka ‘const Eigen::CwiseNullaryOp<Eigen::internal::scalar_constant_op<float>, Eigen::Matrix<float, 3, 1> >’}
[9.739s]   124 |                 const Eigen::Vector3f v_nom = (dist > 0.1f)
[9.739s]       |                                               ~~~~~~~~~~~~~
[9.739s]   125 |                     ? to_tgt.normalized() * kR_speed_ms
[9.739s]       |                     ^~~~~~~~~~~~~~~~~~~~~~~~~~~~~~~~~~~
[9.739s]   126 |                     : Eigen::Vector3f::Zero();
[9.739s]       |                     ~~~~~~~~~~~~~~~~~~~~~~~~~
[9.739s] /home/rudra/custom_flightmode/src/px4_ros2_custom_flight_mode-main/src/main.cpp: In constructor ‘Drone1Node::Drone1Node(const string&, bool, const rclcpp::NodeOptions&, const string&, const string&)’:
[9.739s] /home/rudra/custom_flightmode/src/px4_ros2_custom_flight_mode-main/src/main.cpp:47:45: error: ignoring return value of ‘rcutils_ret_t rcutils_logging_set_logger_level(const char*, int)’ declared with attribute ‘warn_unused_result’ [-Werror=unused-result]
[9.739s]    47 |             rcutils_logging_set_logger_level(
[9.739s]       |             ~~~~~~~~~~~~~~~~~~~~~~~~~~~~~~~~^
[9.740s]    48 |                 get_logger().get_name(), RCUTILS_LOG_SEVERITY_DEBUG);
[9.740s]       |                 ~~~~~~~~~~~~~~~~~~~~~~~~~~~~~~~~~~~~~~~~~~~~~~~~~~~~
[9.740s] /home/rudra/custom_flightmode/src/px4_ros2_custom_flight_mode-main/src/main.cpp: In constructor ‘Drone2Node::Drone2Node(const string&, bool, const rclcpp::NodeOptions&, const string&, const string&)’:
[9.740s] /home/rudra/custom_flightmode/src/px4_ros2_custom_flight_mode-main/src/main.cpp:75:45: error: ignoring return value of ‘rcutils_ret_t rcutils_logging_set_logger_level(const char*, int)’ declared with attribute ‘warn_unused_result’ [-Werror=unused-result]
[9.740s]    75 |             rcutils_logging_set_logger_level(
[9.740s]       |             ~~~~~~~~~~~~~~~~~~~~~~~~~~~~~~~~^
[9.740s]    76 |                 get_logger().get_name(), RCUTILS_LOG_SEVERITY_DEBUG);
[9.740s]       |                 ~~~~~~~~~~~~~~~~~~~~~~~~~~~~~~~~~~~~~~~~~~~~~~~~~~~~
[9.740s] /home/rudra/custom_flightmode/src/px4_ros2_custom_flight_mode-main/src/main.cpp: In constructor ‘Drone3Node::Drone3Node(const string&, bool, const rclcpp::NodeOptions&, const string&, const string&)’:
[9.740s] /home/rudra/custom_flightmode/src/px4_ros2_custom_flight_mode-main/src/main.cpp:103:45: error: ignoring return value of ‘rcutils_ret_t rcutils_logging_set_logger_level(const char*, int)’ declared with attribute ‘warn_unused_result’ [-Werror=unused-result]
[9.740s]   103 |             rcutils_logging_set_logger_level(
[9.740s]       |             ~~~~~~~~~~~~~~~~~~~~~~~~~~~~~~~~^
[9.740s]   104 |                 get_logger().get_name(), RCUTILS_LOG_SEVERITY_DEBUG);
[9.741s]       |                 ~~~~~~~~~~~~~~~~~~~~~~~~~~~~~~~~~~~~~~~~~~~~~~~~~~~~
[9.741s] cc1plus: all warnings being treated as errors
[9.741s] gmake[2]: *** [CMakeFiles/draw_r.dir/build.make:76: CMakeFiles/draw_r.dir/src/main.cpp.o] Error 1
[9.741s] gmake[1]: *** [CMakeFiles/Makefile2:137: CMakeFiles/draw_r.dir/all] Error 2
[9.741s] gmake: *** [Makefile:146: all] Error 2
[9.743s] Invoked command in '/home/rudra/custom_flightmode/build/draw_flight_mode' returned '2': AMENT_PREFIX_PATH=/home/rudra/custom_flightmode/install/px4_ros2_cpp:/home/rudra/custom_flightmode/install/px4_msgs:${AMENT_PREFIX_PATH} CMAKE_PREFIX_PATH=/home/rudra/custom_flightmode/install/px4_ros2_cpp:/home/rudra/custom_flightmode/install/px4_msgs:/home/rudra/ros2_ws/install/talker_listener:/home/rudra/ros2_ws/install/first_pkg:/opt/ros/humble LD_LIBRARY_PATH=/home/rudra/custom_flightmode/install/px4_ros2_cpp/lib:/home/rudra/custom_flightmode/install/px4_msgs/lib:${LD_LIBRARY_PATH} PYTHONPATH=/home/rudra/custom_flightmode/install/px4_msgs/local/lib/python3.10/dist-packages:${PYTHONPATH} /usr/bin/cmake --build /home/rudra/custom_flightmode/build/draw_flight_mode -- -j12 -l12
