[0.026s] Invoking command in '/home/rudra/custom_flightmode/build/px4_swarm_drawer': AMENT_PREFIX_PATH=/home/rudra/custom_flightmode/install/px4_msgs:${AMENT_PREFIX_PATH} CMAKE_PREFIX_PATH=/home/rudra/custom_flightmode/install/px4_msgs:/home/rudra/ros2_ws/install/talker_listener:/home/rudra/ros2_ws/install/first_pkg:/opt/ros/humble LD_LIBRARY_PATH=/home/rudra/custom_flightmode/install/px4_msgs/lib:${LD_LIBRARY_PATH} PYTHONPATH=/home/rudra/custom_flightmode/install/px4_msgs/local/lib/python3.10/dist-packages:${PYTHONPATH} /usr/bin/cmake /home/rudra/custom_flightmode/src/px4_swarm_drawer -DCMAKE_INSTALL_PREFIX=/home/rudra/custom_flightmode/install/px4_swarm_drawer
[0.041s] -- Found ament_cmake: 1.3.14 (/opt/ros/humble/share/ament_cmake/cmake)
[0.184s] -- Found rclcpp: 16.0.19 (/opt/ros/humble/share/rclcpp/cmake)
[0.209s] -- Found rosidl_generator_c: 3.1.9 (/opt/ros/humble/share/rosidl_generator_c/cmake)
[0.211s] -- Found rosidl_adapter: 3.1.9 (/opt/ros/humble/share/rosidl_adapter/cmake)
[0.216s] -- Found rosidl_generator_cpp: 3.1.9 (/opt/ros/humble/share/rosidl_generator_cpp/cmake)
[0.223s] -- Using all available rosidl_typesupport_c: rosidl_typesupport_fastrtps_c;rosidl_typesupport_introspection_c
[0.235s] -- Using all available rosidl_typesupport_cpp: rosidl_typesupport_fastrtps_cpp;rosidl_typesupport_introspection_cpp
[0.265s] -- Found rmw_implementation_cmake: 6.1.2 (/opt/ros/humble/share/rmw_implementation_cmake/cmake)
[0.265s] -- Found rmw_fastrtps_cpp: 6.2.10 (/opt/ros/humble/share/rmw_fastrtps_cpp/cmake)
[0.379s] -- Using RMW implementation 'rmw_fastrtps_cpp' as default
[0.435s] CMake Error at CMakeLists.txt:10 (find_package):
[0.435s]   By not providing "Findpx4_ros2.cmake" in CMAKE_MODULE_PATH this project has
[0.435s]   asked CMake to find a package configuration file provided by "px4_ros2",
[0.436s]   but CMake did not find one.
[0.436s] 
[0.436s]   Could not find a package configuration file provided by "px4_ros2" with any
[0.436s]   of the following names:
[0.436s] 
[0.436s]     px4_ros2Config.cmake
[0.436s]     px4_ros2-config.cmake
[0.436s] 
[0.436s]   Add the installation prefix of "px4_ros2" to CMAKE_PREFIX_PATH or set
[0.436s]   "px4_ros2_DIR" to a directory containing one of the above files.  If
[0.436s]   "px4_ros2" provides a separate development package or SDK, be sure it has
[0.436s]   been installed.
[0.436s] 
[0.436s] 
[0.436s] -- Configuring incomplete, errors occurred!
[0.437s] See also "/home/rudra/custom_flightmode/build/px4_swarm_drawer/CMakeFiles/CMakeOutput.log".
[0.444s] Invoked command in '/home/rudra/custom_flightmode/build/px4_swarm_drawer' returned '1': AMENT_PREFIX_PATH=/home/rudra/custom_flightmode/install/px4_msgs:${AMENT_PREFIX_PATH} CMAKE_PREFIX_PATH=/home/rudra/custom_flightmode/install/px4_msgs:/home/rudra/ros2_ws/install/talker_listener:/home/rudra/ros2_ws/install/first_pkg:/opt/ros/humble LD_LIBRARY_PATH=/home/rudra/custom_flightmode/install/px4_msgs/lib:${LD_LIBRARY_PATH} PYTHONPATH=/home/rudra/custom_flightmode/install/px4_msgs/local/lib/python3.10/dist-packages:${PYTHONPATH} /usr/bin/cmake /home/rudra/custom_flightmode/src/px4_swarm_drawer -DCMAKE_INSTALL_PREFIX=/home/rudra/custom_flightmode/install/px4_swarm_drawer
