[0.013s] Invoking command in '/home/rudra/custom_flightmode/build/draw_flight_mode': AMENT_PREFIX_PATH=/home/rudra/custom_flightmode/install/px4_ros2_cpp:/home/rudra/custom_flightmode/install/px4_msgs:${AMENT_PREFIX_PATH} CMAKE_PREFIX_PATH=/home/rudra/custom_flightmode/install/px4_ros2_cpp:/home/rudra/custom_flightmode/install/px4_msgs:/home/rudra/ros2_ws/install/talker_listener:/home/rudra/ros2_ws/install/first_pkg:/opt/ros/humble LD_LIBRARY_PATH=/home/rudra/custom_flightmode/install/px4_ros2_cpp/lib:/home/rudra/custom_flightmode/install/px4_msgs/lib:${LD_LIBRARY_PATH} PYTHONPATH=/home/rudra/custom_flightmode/install/px4_msgs/local/lib/python3.10/dist-packages:${PYTHONPATH} /usr/bin/cmake --build /home/rudra/custom_flightmode/build/draw_flight_mode -- -j12 -l12
[0.052s] [35m[1mConsolidate compiler generated dependencies of target draw_r[0m
[0.075s] [ 50%] [32mBuilding CXX object CMakeFiles/draw_r.dir/src/main.cpp.o[0m
[5.846s] [100%] [32m[1mLinking CXX executable draw_r[0m
[7.136s] [100%] Built target draw_r
[7.146s] Invoked command in '/home/rudra/custom_flightmode/build/draw_flight_mode' returned '0': AMENT_PREFIX_PATH=/home/rudra/custom_flightmode/install/px4_ros2_cpp:/home/rudra/custom_flightmode/install/px4_msgs:${AMENT_PREFIX_PATH} CMAKE_PREFIX_PATH=/home/rudra/custom_flightmode/install/px4_ros2_cpp:/home/rudra/custom_flightmode/install/px4_msgs:/home/rudra/ros2_ws/install/talker_listener:/home/rudra/ros2_ws/install/first_pkg:/opt/ros/humble LD_LIBRARY_PATH=/home/rudra/custom_flightmode/install/px4_ros2_cpp/lib:/home/rudra/custom_flightmode/install/px4_msgs/lib:${LD_LIBRARY_PATH} PYTHONPATH=/home/rudra/custom_flightmode/install/px4_msgs/local/lib/python3.10/dist-packages:${PYTHONPATH} /usr/bin/cmake --build /home/rudra/custom_flightmode/build/draw_flight_mode -- -j12 -l12
[7.156s] Invoking command in '/home/rudra/custom_flightmode/build/draw_flight_mode': AMENT_PREFIX_PATH=/home/rudra/custom_flightmode/install/px4_ros2_cpp:/home/rudra/custom_flightmode/install/px4_msgs:${AMENT_PREFIX_PATH} CMAKE_PREFIX_PATH=/home/rudra/custom_flightmode/install/px4_ros2_cpp:/home/rudra/custom_flightmode/install/px4_msgs:/home/rudra/ros2_ws/install/talker_listener:/home/rudra/ros2_ws/install/first_pkg:/opt/ros/humble LD_LIBRARY_PATH=/home/rudra/custom_flightmode/install/px4_ros2_cpp/lib:/home/rudra/custom_flightmode/install/px4_msgs/lib:${LD_LIBRARY_PATH} PYTHONPATH=/home/rudra/custom_flightmode/install/px4_msgs/local/lib/python3.10/dist-packages:${PYTHONPATH} /usr/bin/cmake --install /home/rudra/custom_flightmode/build/draw_flight_mode
[7.163s] -- Install configuration: ""
[7.163s] -- Installing: /home/rudra/custom_flightmode/install/draw_flight_mode/lib/draw_flight_mode/draw_r
[7.165s] -- Set runtime path of "/home/rudra/custom_flightmode/install/draw_flight_mode/lib/draw_flight_mode/draw_r" to ""
[7.165s] -- Installing: /home/rudra/custom_flightmode/install/draw_flight_mode/share/ament_index/resource_index/package_run_dependencies/draw_flight_mode
[7.165s] -- Installing: /home/rudra/custom_flightmode/install/draw_flight_mode/share/ament_index/resource_index/parent_prefix_path/draw_flight_mode
[7.165s] -- Installing: /home/rudra/custom_flightmode/install/draw_flight_mode/share/draw_flight_mode/environment/ament_prefix_path.sh
[7.165s] -- Installing: /home/rudra/custom_flightmode/install/draw_flight_mode/share/draw_flight_mode/environment/ament_prefix_path.dsv
[7.166s] -- Installing: /home/rudra/custom_flightmode/install/draw_flight_mode/share/draw_flight_mode/environment/path.sh
[7.166s] -- Installing: /home/rudra/custom_flightmode/install/draw_flight_mode/share/draw_flight_mode/environment/path.dsv
[7.166s] -- Installing: /home/rudra/custom_flightmode/install/draw_flight_mode/share/draw_flight_mode/local_setup.bash
[7.166s] -- Installing: /home/rudra/custom_flightmode/install/draw_flight_mode/share/draw_flight_mode/local_setup.sh
[7.166s] -- Installing: /home/rudra/custom_flightmode/install/draw_flight_mode/share/draw_flight_mode/local_setup.zsh
[7.166s] -- Installing: /home/rudra/custom_flightmode/install/draw_flight_mode/share/draw_flight_mode/local_setup.dsv
[7.167s] -- Installing: /home/rudra/custom_flightmode/install/draw_flight_mode/share/draw_flight_mode/package.dsv
[7.167s] -- Installing: /home/rudra/custom_flightmode/install/draw_flight_mode/share/ament_index/resource_index/packages/draw_flight_mode
[7.167s] -- Installing: /home/rudra/custom_flightmode/install/draw_flight_mode/share/draw_flight_mode/cmake/draw_flight_modeConfig.cmake
[7.167s] -- Installing: /home/rudra/custom_flightmode/install/draw_flight_mode/share/draw_flight_mode/cmake/draw_flight_modeConfig-version.cmake
[7.167s] -- Installing: /home/rudra/custom_flightmode/install/draw_flight_mode/share/draw_flight_mode/package.xml
[7.169s] Invoked command in '/home/rudra/custom_flightmode/build/draw_flight_mode' returned '0': AMENT_PREFIX_PATH=/home/rudra/custom_flightmode/install/px4_ros2_cpp:/home/rudra/custom_flightmode/install/px4_msgs:${AMENT_PREFIX_PATH} CMAKE_PREFIX_PATH=/home/rudra/custom_flightmode/install/px4_ros2_cpp:/home/rudra/custom_flightmode/install/px4_msgs:/home/rudra/ros2_ws/install/talker_listener:/home/rudra/ros2_ws/install/first_pkg:/opt/ros/humble LD_LIBRARY_PATH=/home/rudra/custom_flightmode/install/px4_ros2_cpp/lib:/home/rudra/custom_flightmode/install/px4_msgs/lib:${LD_LIBRARY_PATH} PYTHONPATH=/home/rudra/custom_flightmode/install/px4_msgs/local/lib/python3.10/dist-packages:${PYTHONPATH} /usr/bin/cmake --install /home/rudra/custom_flightmode/build/draw_flight_mode
