[0.015s] Invoking command in '/home/rudra/custom_flightmode/build/px4_swarm_drawer': AMENT_PREFIX_PATH=/home/rudra/custom_flightmode/install/px4_ros2_cpp:/home/rudra/custom_flightmode/install/px4_msgs:${AMENT_PREFIX_PATH} CMAKE_PREFIX_PATH=/home/rudra/custom_flightmode/install/px4_ros2_cpp:/home/rudra/custom_flightmode/install/px4_msgs:/home/rudra/ros2_ws/install/talker_listener:/home/rudra/ros2_ws/install/first_pkg:/opt/ros/humble LD_LIBRARY_PATH=/home/rudra/custom_flightmode/install/px4_ros2_cpp/lib:/home/rudra/custom_flightmode/install/px4_msgs/lib:${LD_LIBRARY_PATH} PYTHONPATH=/home/rudra/custom_flightmode/install/px4_msgs/local/lib/python3.10/dist-packages:${PYTHONPATH} /usr/bin/cmake --build /home/rudra/custom_flightmode/build/px4_swarm_drawer -- -j12 -l12
[0.053s] [35m[1mConsolidate compiler generated dependencies of target swarm_mode_node[0m
[0.074s] [ 50%] [32mBuilding CXX object CMakeFiles/swarm_mode_node.dir/src/main.cpp.o[0m
[9.399s] [100%] [32m[1mLinking CXX executable swarm_mode_node[0m
[11.065s] [100%] Built target swarm_mode_node
[11.077s] Invoked command in '/home/rudra/custom_flightmode/build/px4_swarm_drawer' returned '0': AMENT_PREFIX_PATH=/home/rudra/custom_flightmode/install/px4_ros2_cpp:/home/rudra/custom_flightmode/install/px4_msgs:${AMENT_PREFIX_PATH} CMAKE_PREFIX_PATH=/home/rudra/custom_flightmode/install/px4_ros2_cpp:/home/rudra/custom_flightmode/install/px4_msgs:/home/rudra/ros2_ws/install/talker_listener:/home/rudra/ros2_ws/install/first_pkg:/opt/ros/humble LD_LIBRARY_PATH=/home/rudra/custom_flightmode/install/px4_ros2_cpp/lib:/home/rudra/custom_flightmode/install/px4_msgs/lib:${LD_LIBRARY_PATH} PYTHONPATH=/home/rudra/custom_flightmode/install/px4_msgs/local/lib/python3.10/dist-packages:${PYTHONPATH} /usr/bin/cmake --build /home/rudra/custom_flightmode/build/px4_swarm_drawer -- -j12 -l12
[11.088s] Invoking command in '/home/rudra/custom_flightmode/build/px4_swarm_drawer': AMENT_PREFIX_PATH=/home/rudra/custom_flightmode/install/px4_ros2_cpp:/home/rudra/custom_flightmode/install/px4_msgs:${AMENT_PREFIX_PATH} CMAKE_PREFIX_PATH=/home/rudra/custom_flightmode/install/px4_ros2_cpp:/home/rudra/custom_flightmode/install/px4_msgs:/home/rudra/ros2_ws/install/talker_listener:/home/rudra/ros2_ws/install/first_pkg:/opt/ros/humble LD_LIBRARY_PATH=/home/rudra/custom_flightmode/install/px4_ros2_cpp/lib:/home/rudra/custom_flightmode/install/px4_msgs/lib:${LD_LIBRARY_PATH} PYTHONPATH=/home/rudra/custom_flightmode/install/px4_msgs/local/lib/python3.10/dist-packages:${PYTHONPATH} /usr/bin/cmake --install /home/rudra/custom_flightmode/build/px4_swarm_drawer
[11.096s] -- Install configuration: ""
[11.096s] -- Installing: /home/rudra/custom_flightmode/install/px4_swarm_drawer/lib/px4_swarm_drawer/swarm_mode_node
[11.105s] -- Set runtime path of "/home/rudra/custom_flightmode/install/px4_swarm_drawer/lib/px4_swarm_drawer/swarm_mode_node" to ""
[11.105s] -- Installing: /home/rudra/custom_flightmode/install/px4_swarm_drawer/share/px4_swarm_drawer/launch
[11.105s] -- Installing: /home/rudra/custom_flightmode/install/px4_swarm_drawer/share/ament_index/resource_index/package_run_dependencies/px4_swarm_drawer
[11.105s] -- Installing: /home/rudra/custom_flightmode/install/px4_swarm_drawer/share/ament_index/resource_index/parent_prefix_path/px4_swarm_drawer
[11.105s] -- Installing: /home/rudra/custom_flightmode/install/px4_swarm_drawer/share/px4_swarm_drawer/environment/ament_prefix_path.sh
[11.105s] -- Installing: /home/rudra/custom_flightmode/install/px4_swarm_drawer/share/px4_swarm_drawer/environment/ament_prefix_path.dsv
[11.106s] -- Installing: /home/rudra/custom_flightmode/install/px4_swarm_drawer/share/px4_swarm_drawer/environment/path.sh
[11.106s] -- Installing: /home/rudra/custom_flightmode/install/px4_swarm_drawer/share/px4_swarm_drawer/environment/path.dsv
[11.106s] -- Installing: /home/rudra/custom_flightmode/install/px4_swarm_drawer/share/px4_swarm_drawer/local_setup.bash
[11.106s] -- Installing: /home/rudra/custom_flightmode/install/px4_swarm_drawer/share/px4_swarm_drawer/local_setup.sh
[11.106s] -- Installing: /home/rudra/custom_flightmode/install/px4_swarm_drawer/share/px4_swarm_drawer/local_setup.zsh
[11.106s] -- Installing: /home/rudra/custom_flightmode/install/px4_swarm_drawer/share/px4_swarm_drawer/local_setup.dsv
[11.106s] -- Installing: /home/rudra/custom_flightmode/install/px4_swarm_drawer/share/px4_swarm_drawer/package.dsv
[11.107s] -- Installing: /home/rudra/custom_flightmode/install/px4_swarm_drawer/share/ament_index/resource_index/packages/px4_swarm_drawer
[11.107s] -- Installing: /home/rudra/custom_flightmode/install/px4_swarm_drawer/share/px4_swarm_drawer/cmake/px4_swarm_drawerConfig.cmake
[11.107s] -- Installing: /home/rudra/custom_flightmode/install/px4_swarm_drawer/share/px4_swarm_drawer/cmake/px4_swarm_drawerConfig-version.cmake
[11.107s] -- Installing: /home/rudra/custom_flightmode/install/px4_swarm_drawer/share/px4_swarm_drawer/package.xml
[11.110s] Invoked command in '/home/rudra/custom_flightmode/build/px4_swarm_drawer' returned '0': AMENT_PREFIX_PATH=/home/rudra/custom_flightmode/install/px4_ros2_cpp:/home/rudra/custom_flightmode/install/px4_msgs:${AMENT_PREFIX_PATH} CMAKE_PREFIX_PATH=/home/rudra/custom_flightmode/install/px4_ros2_cpp:/home/rudra/custom_flightmode/install/px4_msgs:/home/rudra/ros2_ws/install/talker_listener:/home/rudra/ros2_ws/install/first_pkg:/opt/ros/humble LD_LIBRARY_PATH=/home/rudra/custom_flightmode/install/px4_ros2_cpp/lib:/home/rudra/custom_flightmode/install/px4_msgs/lib:${LD_LIBRARY_PATH} PYTHONPATH=/home/rudra/custom_flightmode/install/px4_msgs/local/lib/python3.10/dist-packages:${PYTHONPATH} /usr/bin/cmake --install /home/rudra/custom_flightmode/build/px4_swarm_drawer
