[0.000000] (-) TimerEvent: {}
[0.000239] (-) JobUnselected: {'identifier': 'example_executor_with_multiple_modes_cpp'}
[0.000413] (-) JobUnselected: {'identifier': 'example_global_navigation_cpp'}
[0.000513] (-) JobUnselected: {'identifier': 'example_local_navigation_cpp'}
[0.000533] (-) JobUnselected: {'identifier': 'example_mode_fw_attitude_cpp'}
[0.000553] (-) JobUnselected: {'identifier': 'example_mode_goto_cpp'}
[0.000569] (-) JobUnselected: {'identifier': 'example_mode_goto_global_cpp'}
[0.000584] (-) JobUnselected: {'identifier': 'example_mode_goto_py'}
[0.000598] (-) JobUnselected: {'identifier': 'example_mode_manual_cpp'}
[0.000612] (-) JobUnselected: {'identifier': 'example_mode_mission_cpp'}
[0.000627] (-) JobUnselected: {'identifier': 'example_mode_rtl_replacement_cpp'}
[0.000640] (-) JobUnselected: {'identifier': 'example_mode_vtol_cpp'}
[0.000654] (-) JobUnselected: {'identifier': 'example_mode_with_executor_cpp'}
[0.000668] (-) JobUnselected: {'identifier': 'example_mode_with_rclpy_py'}
[0.000681] (-) JobUnselected: {'identifier': 'example_rover_velocity_mode_cpp'}
[0.000695] (-) JobUnselected: {'identifier': 'px4_msgs'}
[0.000708] (-) JobUnselected: {'identifier': 'px4_ros2_cpp'}
[0.000722] (-) JobUnselected: {'identifier': 'px4_ros2_py'}
[0.000738] (draw_flight_mode) JobQueued: {'identifier': 'draw_flight_mode', 'dependencies': OrderedDict([('px4_msgs', '/home/rudra/custom_flightmode/install/px4_msgs'), ('px4_ros2_cpp', '/home/rudra/custom_flightmode/install/px4_ros2_cpp')])}
[0.000759] (draw_flight_mode) JobStarted: {'identifier': 'draw_flight_mode'}
[0.013838] (draw_flight_mode) JobProgress: {'identifier': 'draw_flight_mode', 'progress': 'cmake'}
[0.014495] (draw_flight_mode) JobProgress: {'identifier': 'draw_flight_mode', 'progress': 'build'}
[0.014982] (draw_flight_mode) Command: {'cmd': ['/usr/bin/cmake', '--build', '/home/rudra/custom_flightmode/build/draw_flight_mode', '--', '-j12', '-l12'], 'cwd': '/home/rudra/custom_flightmode/build/draw_flight_mode', 'env': OrderedDict([('GJS_DEBUG_TOPICS', 'JS ERROR;JS LOG'), ('LESSOPEN', '| /usr/bin/lesspipe %s'), ('VSCODE_CWD', '/home/rudra'), ('LANGUAGE', 'en_IN:en'), ('USER', 'rudra'), ('VSCODE_NLS_CONFIG', '{"userLocale":"en-gb","osLocale":"en-in","resolvedLanguage":"en","defaultMessagesFile":"/usr/share/antigravity/resources/app/out/nls.messages.json","locale":"en-gb","availableLanguages":{}}'), ('XDG_SESSION_TYPE', 'x11'), ('SHLVL', '1'), ('LD_LIBRARY_PATH', '/home/rudra/custom_flightmode/install/px4_ros2_cpp/lib:/home/rudra/custom_flightmode/install/px4_msgs/lib:/opt/ros/humble/opt/rviz_ogre_vendor/lib:/opt/ros/humble/lib/x86_64-linux-gnu:/opt/ros/humble/lib'), ('HOME', '/home/rudra'), ('CHROME_DESKTOP', 'antigravity.desktop'), ('OLDPWD', '/home/rudra/custom_flightmode'), ('DESKTOP_SESSION', 'ubuntu'), ('NVM_BIN', '/home/rudra/.nvm/versions/node/v24.16.0/bin'), ('NVM_INC', '/home/rudra/.nvm/versions/node/v24.16.0/include/node'), ('VSCODE_IPC_HOOK', '/run/user/1000/vscode-386ead39-1.10-main.sock'), ('GIO_LAUNCHED_DESKTOP_FILE', '/usr/share/applications/antigravity.desktop'), ('ROS_PYTHON_VERSION', '3'), ('GNOME_SHELL_SESSION_MODE', 'ubuntu'), ('GTK_MODULES', 'gail:atk-bridge'), ('PAGER', 'cat'), ('MANAGERPID', '1912'), ('SYSTEMD_EXEC_PID', '2215'), ('DBUS_SESSION_BUS_ADDRESS', 'unix:path=/run/user/1000/bus'), ('ANTIGRAVITY_AGENT', '1'), ('GIO_LAUNCHED_DESKTOP_FILE_PID', '43482'), ('NVM_DIR', '/home/rudra/.nvm'), ('COLCON_PREFIX_PATH', '/home/rudra/ros2_ws/install'), ('ROS_DISTRO', 'humble'), ('GTK_IM_MODULE', 'ibus'), ('LOGNAME', 'rudra'), ('JOURNAL_STREAM', '8:22828'), ('_', '/usr/bin/colcon'), ('ROS_VERSION', '2'), ('XDG_SESSION_CLASS', 'user'), ('USERNAME', 'rudra'), ('TERM', 'dumb'), ('GNOME_DESKTOP_SESSION_ID', 'this-is-deprecated'), ('FC_FONTATIONS', '1'), ('ROS_LOCALHOST_ONLY', '0'), ('WINDOWPATH', '2'), ('ANTIGRAVITY_EDITOR_APP_ROOT', '/usr/share/antigravity/resources/app'), ('PATH', '/usr/lib/ccache:/home/rudra/ardupilot/Tools/autotest:/opt/gcc-arm-none-eabi-10-2020-q4-major/bin:/home/rudra/.local/bin:/home/rudra/.nvm/versions/node/v24.16.0/bin:/opt/ros/humble/bin:/usr/lib/ccache:/home/rudra/ardupilot/Tools/autotest:/opt/gcc-arm-none-eabi-10-2020-q4-major/bin:/home/rudra/.local/bin:/usr/local/sbin:/usr/local/bin:/usr/sbin:/usr/bin:/sbin:/bin:/usr/games:/usr/local/games:/snap/bin:/snap/bin:/opt/xtensa-esp-elf/bin/'), ('SESSION_MANAGER', 'local/victus:@/tmp/.ICE-unix/2188,unix/victus:/tmp/.ICE-unix/2188'), ('INVOCATION_ID', '5d6edd1254934f7095d81f49b375e718'), ('XDG_MENU_PREFIX', 'gnome-'), ('XDG_RUNTIME_DIR', '/run/user/1000'), ('GDK_BACKEND', 'x11'), ('DISPLAY', ':1'), ('LANG', 'en_US.UTF-8'), ('XDG_CURRENT_DESKTOP', 'ubuntu:GNOME'), ('XMODIFIERS', '@im=ibus'), ('XDG_SESSION_DESKTOP', 'ubuntu'), ('XAUTHORITY', '/run/user/1000/gdm/Xauthority'), ('LS_COLORS', ''), ('SSH_AGENT_LAUNCHER', 'gnome-keyring'), ('SSH_AUTH_SOCK', '/run/user/1000/keyring/ssh'), ('AMENT_PREFIX_PATH', '/home/rudra/custom_flightmode/install/px4_ros2_cpp:/home/rudra/custom_flightmode/install/px4_msgs:/home/rudra/ros2_ws/install/talker_listener:/home/rudra/ros2_ws/install/first_pkg:/opt/ros/humble'), ('SHELL', '/bin/bash'), ('QT_ACCESSIBILITY', '1'), ('GDMSESSION', 'ubuntu'), ('LESSCLOSE', '/usr/bin/lesspipe %s %s'), ('GPG_AGENT_INFO', '/run/user/1000/gnupg/S.gpg-agent:0:1'), ('GJS_DEBUG_OUTPUT', 'stderr'), ('QT_IM_MODULE', 'ibus'), ('ANTIGRAVITY_TRAJECTORY_ID', '4e80b990-21d9-4e85-bc33-b0725dfa4513'), ('PWD', '/home/rudra/custom_flightmode/build/draw_flight_mode'), ('LC_ALL', 'en_US.UTF-8'), ('XDG_CONFIG_DIRS', '/etc/xdg/xdg-ubuntu:/etc/xdg'), ('VSCODE_CODE_CACHE_PATH', '/home/rudra/.config/Antigravity/CachedData/15487b3041e65228cae24980a3f796c905ef582c'), ('NVM_CD_FLAGS', ''), ('XDG_DATA_DIRS', '/usr/share/ubuntu:/usr/share/gnome:/usr/local/share/:/usr/share/:/var/lib/snapd/desktop'), ('PYTHONPATH', '/home/rudra/custom_flightmode/install/px4_msgs/local/lib/python3.10/dist-packages:/home/rudra/ros2_ws/install/talker_listener/lib/python3.10/site-packages:/home/rudra/ros2_ws/install/first_pkg/lib/python3.10/site-packages:/opt/ros/humble/lib/python3.10/site-packages:/opt/ros/humble/local/lib/python3.10/dist-packages'), ('COLCON', '1'), ('VSCODE_PID', '43482'), ('CMAKE_PREFIX_PATH', '/home/rudra/custom_flightmode/install/px4_ros2_cpp:/home/rudra/custom_flightmode/install/px4_msgs:/home/rudra/ros2_ws/install/talker_listener:/home/rudra/ros2_ws/install/first_pkg:/opt/ros/humble')]), 'shell': False}
[0.034806] (draw_flight_mode) StderrLine: {'line': b'\x1b[0mCMake Error: The source directory "/home/rudra/custom_flightmode/src/px4_ros2_custom_flight_mode" does not exist.\n'}
[0.035006] (draw_flight_mode) StderrLine: {'line': b'Specify --help for usage, or press the help button on the CMake GUI.\x1b[0m\n'}
[0.035903] (draw_flight_mode) StderrLine: {'line': b'gmake: *** [Makefile:267: cmake_check_build_system] Error 1\n'}
[0.038167] (draw_flight_mode) CommandEnded: {'returncode': 2}
[0.048818] (draw_flight_mode) JobEnded: {'identifier': 'draw_flight_mode', 'rc': 2}
[0.059199] (-) EventReactorShutdown: {}
