In file included from [01m[K/usr/include/c++/11/memory:76[m[K,
                 from [01m[K/opt/ros/humble/include/rclcpp/rclcpp/rclcpp.hpp:153[m[K,
                 from [01m[K/home/rudra/custom_flightmode/src/px4_ros2_custom_flight_mode/src/main.cpp:6[m[K:
/usr/include/c++/11/bits/unique_ptr.h: In instantiation of ‘[01m[Ktypename std::_MakeUniq<_Tp>::__single_object std::make_unique(_Args&& ...) [with _Tp = DrawModeExecutor; _Args = {DrawFlightMode&}; typename std::_MakeUniq<_Tp>::__single_object = std::unique_ptr<DrawModeExecutor, std::default_delete<DrawModeExecutor> >][m[K’:
[01m[K/home/rudra/custom_flightmode/install/px4_ros2_cpp/include/px4_ros2/components/node_with_mode.hpp:140:45:[m[K   required from ‘[01m[Kauto px4_ros2::NodeWithModeExecutor<ModeExecutorT, OwnedModeT, OtherModesT>::createModeExecutor(std::index_sequence<__var_indices ...>) [with long unsigned int ...Idx = {}; ModeExecutorT = DrawModeExecutor; OwnedModeT = DrawFlightMode; OtherModesT = {}; std::index_sequence<__var_indices ...> = std::integer_sequence<long unsigned int>][m[K’
[01m[K/home/rudra/custom_flightmode/install/px4_ros2_cpp/include/px4_ros2/components/node_with_mode.hpp:112:40:[m[K   required from ‘[01m[Kpx4_ros2::NodeWithModeExecutor<ModeExecutorT, OwnedModeT, OtherModesT>::NodeWithModeExecutor(std::string, bool) [with ModeExecutorT = DrawModeExecutor; OwnedModeT = DrawFlightMode; OtherModesT = {}; std::string = std::__cxx11::basic_string<char>][m[K’
[01m[K/usr/include/c++/11/ext/new_allocator.h:162:4:[m[K   required from ‘[01m[Kvoid __gnu_cxx::new_allocator<_Tp>::construct(_Up*, _Args&& ...) [with _Up = px4_ros2::NodeWithModeExecutor<DrawModeExecutor, DrawFlightMode>; _Args = {const std::__cxx11::basic_string<char, std::char_traits<char>, std::allocator<char> >&, const bool&}; _Tp = px4_ros2::NodeWithModeExecutor<DrawModeExecutor, DrawFlightMode>][m[K’
[01m[K/usr/include/c++/11/bits/alloc_traits.h:516:17:[m[K   required from ‘[01m[Kstatic void std::allocator_traits<std::allocator<_Tp1> >::construct(std::allocator_traits<std::allocator<_Tp1> >::allocator_type&, _Up*, _Args&& ...) [with _Up = px4_ros2::NodeWithModeExecutor<DrawModeExecutor, DrawFlightMode>; _Args = {const std::__cxx11::basic_string<char, std::char_traits<char>, std::allocator<char> >&, const bool&}; _Tp = px4_ros2::NodeWithModeExecutor<DrawModeExecutor, DrawFlightMode>; std::allocator_traits<std::allocator<_Tp1> >::allocator_type = std::allocator<px4_ros2::NodeWithModeExecutor<DrawModeExecutor, DrawFlightMode> >][m[K’
[01m[K/usr/include/c++/11/bits/shared_ptr_base.h:519:39:[m[K   required from ‘[01m[Kstd::_Sp_counted_ptr_inplace<_Tp, _Alloc, _Lp>::_Sp_counted_ptr_inplace(_Alloc, _Args&& ...) [with _Args = {const std::__cxx11::basic_string<char, std::char_traits<char>, std::allocator<char> >&, const bool&}; _Tp = px4_ros2::NodeWithModeExecutor<DrawModeExecutor, DrawFlightMode>; _Alloc = std::allocator<px4_ros2::NodeWithModeExecutor<DrawModeExecutor, DrawFlightMode> >; __gnu_cxx::_Lock_policy _Lp = __gnu_cxx::_S_atomic][m[K’
[01m[K/usr/include/c++/11/bits/shared_ptr_base.h:650:16:[m[K   required from ‘[01m[Kstd::__shared_count<_Lp>::__shared_count(_Tp*&, std::_Sp_alloc_shared_tag<_Alloc>, _Args&& ...) [with _Tp = px4_ros2::NodeWithModeExecutor<DrawModeExecutor, DrawFlightMode>; _Alloc = std::allocator<px4_ros2::NodeWithModeExecutor<DrawModeExecutor, DrawFlightMode> >; _Args = {const std::__cxx11::basic_string<char, std::char_traits<char>, std::allocator<char> >&, const bool&}; __gnu_cxx::_Lock_policy _Lp = __gnu_cxx::_S_atomic][m[K’
[01m[K/usr/include/c++/11/bits/shared_ptr_base.h:1342:14:[m[K   required from ‘[01m[Kstd::__shared_ptr<_Tp, _Lp>::__shared_ptr(std::_Sp_alloc_shared_tag<_Tp>, _Args&& ...) [with _Alloc = std::allocator<px4_ros2::NodeWithModeExecutor<DrawModeExecutor, DrawFlightMode> >; _Args = {const std::__cxx11::basic_string<char, std::char_traits<char>, std::allocator<char> >&, const bool&}; _Tp = px4_ros2::NodeWithModeExecutor<DrawModeExecutor, DrawFlightMode>; __gnu_cxx::_Lock_policy _Lp = __gnu_cxx::_S_atomic][m[K’
[01m[K/usr/include/c++/11/bits/shared_ptr.h:409:59:[m[K   required from ‘[01m[Kstd::shared_ptr<_Tp>::shared_ptr(std::_Sp_alloc_shared_tag<_Tp>, _Args&& ...) [with _Alloc = std::allocator<px4_ros2::NodeWithModeExecutor<DrawModeExecutor, DrawFlightMode> >; _Args = {const std::__cxx11::basic_string<char, std::char_traits<char>, std::allocator<char> >&, const bool&}; _Tp = px4_ros2::NodeWithModeExecutor<DrawModeExecutor, DrawFlightMode>][m[K’
[01m[K/usr/include/c++/11/bits/shared_ptr.h:862:14:[m[K   required from ‘[01m[Kstd::shared_ptr<_Tp> std::allocate_shared(const _Alloc&, _Args&& ...) [with _Tp = px4_ros2::NodeWithModeExecutor<DrawModeExecutor, DrawFlightMode>; _Alloc = std::allocator<px4_ros2::NodeWithModeExecutor<DrawModeExecutor, DrawFlightMode> >; _Args = {const std::__cxx11::basic_string<char, std::char_traits<char>, std::allocator<char> >&, const bool&}][m[K’
[01m[K/usr/include/c++/11/bits/shared_ptr.h:878:39:[m[K   required from ‘[01m[Kstd::shared_ptr<_Tp> std::make_shared(_Args&& ...) [with _Tp = px4_ros2::NodeWithModeExecutor<DrawModeExecutor, DrawFlightMode>; _Args = {const std::__cxx11::basic_string<char, std::char_traits<char>, std::allocator<char> >&, const bool&}][m[K’
[01m[K/home/rudra/custom_flightmode/src/px4_ros2_custom_flight_mode/src/main.cpp:20:54:[m[K   required from here
[01m[K/usr/include/c++/11/bits/unique_ptr.h:962:30:[m[K [01;31m[Kerror: [m[Kno matching function for call to ‘[01m[KDrawModeExecutor::DrawModeExecutor(DrawFlightMode&)[m[K’
  962 |     { return unique_ptr<_Tp>([01;31m[Knew _Tp(std::forward<_Args>(__args)...)[m[K); }
      |                              [01;31m[K^~~~~~~~~~~~~~~~~~~~~~~~~~~~~~~~~~~~~~~[m[K
In file included from [01m[K/home/rudra/custom_flightmode/src/px4_ros2_custom_flight_mode/src/main.cpp:8[m[K:
[01m[K/home/rudra/custom_flightmode/src/px4_ros2_custom_flight_mode/include/mode.hpp:228:3:[m[K [01;36m[Knote: [m[Kcandidate: ‘[01m[KDrawModeExecutor::DrawModeExecutor(rclcpp::Node&, px4_ros2::ModeBase&)[m[K’
  228 |   [01;36m[KDrawModeExecutor[m[K(rclcpp::Node & node, px4_ros2::ModeBase & owned_mode)
      |   [01;36m[K^~~~~~~~~~~~~~~~[m[K
[01m[K/home/rudra/custom_flightmode/src/px4_ros2_custom_flight_mode/include/mode.hpp:228:3:[m[K [01;36m[Knote: [m[K  candidate expects 2 arguments, 1 provided
gmake[2]: *** [CMakeFiles/draw_r.dir/build.make:76: CMakeFiles/draw_r.dir/src/main.cpp.o] Error 1
gmake[1]: *** [CMakeFiles/Makefile2:137: CMakeFiles/draw_r.dir/all] Error 2
gmake: *** [Makefile:146: all] Error 2
