[0.047s] Invoking command in '/home/rudra/custom_flightmode/build/example_mode_vtol_cpp': AMENT_PREFIX_PATH=/home/rudra/custom_flightmode/install/px4_ros2_cpp:/home/rudra/custom_flightmode/install/px4_msgs:${AMENT_PREFIX_PATH} CMAKE_PREFIX_PATH=/home/rudra/custom_flightmode/install/px4_ros2_cpp:/home/rudra/custom_flightmode/install/px4_msgs:/home/rudra/ros2_ws/install/talker_listener:/home/rudra/ros2_ws/install/first_pkg:/opt/ros/humble LD_LIBRARY_PATH=/home/rudra/custom_flightmode/install/px4_ros2_cpp/lib:/home/rudra/custom_flightmode/install/px4_msgs/lib:${LD_LIBRARY_PATH} PYTHONPATH=/home/rudra/custom_flightmode/install/px4_msgs/local/lib/python3.10/dist-packages:${PYTHONPATH} /usr/bin/cmake /home/rudra/custom_flightmode/src/px4-ros2-interface-lib/examples/cpp/modes/vtol -DCMAKE_INSTALL_PREFIX=/home/rudra/custom_flightmode/install/example_mode_vtol_cpp
[2.241s] -- The C compiler identification is GNU 11.4.0
[2.241s] -- The CXX compiler identification is GNU 11.4.0
[2.241s] -- Detecting C compiler ABI info
[2.242s] -- Detecting C compiler ABI info - done
[2.242s] -- Check for working C compiler: /usr/lib/ccache/cc - skipped
[2.242s] -- Detecting C compile features
[2.242s] -- Detecting C compile features - done
[2.242s] -- Detecting CXX compiler ABI info
[2.242s] -- Detecting CXX compiler ABI info - done
[2.242s] -- Check for working CXX compiler: /usr/lib/ccache/c++ - skipped
[2.242s] -- Detecting CXX compile features
[2.242s] -- Detecting CXX compile features - done
[2.242s] -- Found eigen3_cmake_module: 0.1.1 (/opt/ros/humble/share/eigen3_cmake_module/cmake)
[2.242s] -- Found Eigen3: TRUE (found version "3.4.0") 
[2.242s] -- Found ament_cmake: 1.3.14 (/opt/ros/humble/share/ament_cmake/cmake)
[2.244s] -- Found Python3: /usr/bin/python3 (found version "3.10.12") found components: Interpreter 
[2.244s] -- Found rclcpp: 16.0.19 (/opt/ros/humble/share/rclcpp/cmake)
[2.244s] -- Found rosidl_generator_c: 3.1.9 (/opt/ros/humble/share/rosidl_generator_c/cmake)
[2.244s] -- Found rosidl_adapter: 3.1.9 (/opt/ros/humble/share/rosidl_adapter/cmake)
[2.244s] -- Found rosidl_generator_cpp: 3.1.9 (/opt/ros/humble/share/rosidl_generator_cpp/cmake)
[2.245s] -- Using all available rosidl_typesupport_c: rosidl_typesupport_fastrtps_c;rosidl_typesupport_introspection_c
[2.245s] -- Using all available rosidl_typesupport_cpp: rosidl_typesupport_fastrtps_cpp;rosidl_typesupport_introspection_cpp
[2.245s] -- Found rmw_implementation_cmake: 6.1.2 (/opt/ros/humble/share/rmw_implementation_cmake/cmake)
[2.245s] -- Found rmw_fastrtps_cpp: 6.2.10 (/opt/ros/humble/share/rmw_fastrtps_cpp/cmake)
[2.245s] -- Found OpenSSL: /usr/lib/x86_64-linux-gnu/libcrypto.so (found version "3.0.2")  
[2.245s] -- Found FastRTPS: /opt/ros/humble/include  
[2.245s] -- Using RMW implementation 'rmw_fastrtps_cpp' as default
[2.245s] -- Looking for pthread.h
[2.277s] -- Looking for pthread.h - found
[2.277s] -- Performing Test CMAKE_HAVE_LIBC_PTHREAD
[2.373s] -- Performing Test CMAKE_HAVE_LIBC_PTHREAD - Success
[2.374s] -- Found Threads: TRUE  
[2.460s] -- Found px4_ros2_cpp: 0.0.1 (/home/rudra/custom_flightmode/install/px4_ros2_cpp/share/px4_ros2_cpp/cmake)
[2.479s] -- Found ament_lint_auto: 0.12.15 (/opt/ros/humble/share/ament_lint_auto/cmake)
[2.668s] -- Added test 'copyright' to check source files copyright and LICENSE
[2.670s] -- Added test 'cppcheck' to perform static code analysis on C / C++ code
[2.670s] -- Configured cppcheck include dirs: /home/rudra/custom_flightmode/src/px4-ros2-interface-lib/examples/cpp/modes/vtol/include
[2.670s] -- Configured cppcheck exclude dirs and/or files: 
[2.673s] -- Added test 'cpplint' to check C / C++ code against the Google style
[2.673s] -- Configured cpplint exclude dirs and/or files: 
[2.674s] -- Added test 'lint_cmake' to check CMake code style
[2.674s] -- Added test 'uncrustify' to check C / C++ code style
[2.674s] -- Configured uncrustify additional arguments: 
[2.674s] -- Added test 'xmllint' to check XML markup files
[2.677s] -- Configuring done
[2.696s] -- Generating done
[2.706s] -- Build files have been written to: /home/rudra/custom_flightmode/build/example_mode_vtol_cpp
[2.738s] Invoked command in '/home/rudra/custom_flightmode/build/example_mode_vtol_cpp' returned '0': AMENT_PREFIX_PATH=/home/rudra/custom_flightmode/install/px4_ros2_cpp:/home/rudra/custom_flightmode/install/px4_msgs:${AMENT_PREFIX_PATH} CMAKE_PREFIX_PATH=/home/rudra/custom_flightmode/install/px4_ros2_cpp:/home/rudra/custom_flightmode/install/px4_msgs:/home/rudra/ros2_ws/install/talker_listener:/home/rudra/ros2_ws/install/first_pkg:/opt/ros/humble LD_LIBRARY_PATH=/home/rudra/custom_flightmode/install/px4_ros2_cpp/lib:/home/rudra/custom_flightmode/install/px4_msgs/lib:${LD_LIBRARY_PATH} PYTHONPATH=/home/rudra/custom_flightmode/install/px4_msgs/local/lib/python3.10/dist-packages:${PYTHONPATH} /usr/bin/cmake /home/rudra/custom_flightmode/src/px4-ros2-interface-lib/examples/cpp/modes/vtol -DCMAKE_INSTALL_PREFIX=/home/rudra/custom_flightmode/install/example_mode_vtol_cpp
[2.738s] Invoking command in '/home/rudra/custom_flightmode/build/example_mode_vtol_cpp': AMENT_PREFIX_PATH=/home/rudra/custom_flightmode/install/px4_ros2_cpp:/home/rudra/custom_flightmode/install/px4_msgs:${AMENT_PREFIX_PATH} CMAKE_PREFIX_PATH=/home/rudra/custom_flightmode/install/px4_ros2_cpp:/home/rudra/custom_flightmode/install/px4_msgs:/home/rudra/ros2_ws/install/talker_listener:/home/rudra/ros2_ws/install/first_pkg:/opt/ros/humble LD_LIBRARY_PATH=/home/rudra/custom_flightmode/install/px4_ros2_cpp/lib:/home/rudra/custom_flightmode/install/px4_msgs/lib:${LD_LIBRARY_PATH} PYTHONPATH=/home/rudra/custom_flightmode/install/px4_msgs/local/lib/python3.10/dist-packages:${PYTHONPATH} /usr/bin/cmake --build /home/rudra/custom_flightmode/build/example_mode_vtol_cpp -- -j12 -l12
[7.414s] [ 50%] [32mBuilding CXX object CMakeFiles/example_mode_vtol.dir/src/main.cpp.o[0m
[7.414s] [100%] [32m[1mLinking CXX executable example_mode_vtol[0m
[7.811s] [100%] Built target example_mode_vtol
[7.866s] Invoked command in '/home/rudra/custom_flightmode/build/example_mode_vtol_cpp' returned '0': AMENT_PREFIX_PATH=/home/rudra/custom_flightmode/install/px4_ros2_cpp:/home/rudra/custom_flightmode/install/px4_msgs:${AMENT_PREFIX_PATH} CMAKE_PREFIX_PATH=/home/rudra/custom_flightmode/install/px4_ros2_cpp:/home/rudra/custom_flightmode/install/px4_msgs:/home/rudra/ros2_ws/install/talker_listener:/home/rudra/ros2_ws/install/first_pkg:/opt/ros/humble LD_LIBRARY_PATH=/home/rudra/custom_flightmode/install/px4_ros2_cpp/lib:/home/rudra/custom_flightmode/install/px4_msgs/lib:${LD_LIBRARY_PATH} PYTHONPATH=/home/rudra/custom_flightmode/install/px4_msgs/local/lib/python3.10/dist-packages:${PYTHONPATH} /usr/bin/cmake --build /home/rudra/custom_flightmode/build/example_mode_vtol_cpp -- -j12 -l12
[7.867s] Invoking command in '/home/rudra/custom_flightmode/build/example_mode_vtol_cpp': AMENT_PREFIX_PATH=/home/rudra/custom_flightmode/install/px4_ros2_cpp:/home/rudra/custom_flightmode/install/px4_msgs:${AMENT_PREFIX_PATH} CMAKE_PREFIX_PATH=/home/rudra/custom_flightmode/install/px4_ros2_cpp:/home/rudra/custom_flightmode/install/px4_msgs:/home/rudra/ros2_ws/install/talker_listener:/home/rudra/ros2_ws/install/first_pkg:/opt/ros/humble LD_LIBRARY_PATH=/home/rudra/custom_flightmode/install/px4_ros2_cpp/lib:/home/rudra/custom_flightmode/install/px4_msgs/lib:${LD_LIBRARY_PATH} PYTHONPATH=/home/rudra/custom_flightmode/install/px4_msgs/local/lib/python3.10/dist-packages:${PYTHONPATH} /usr/bin/cmake --install /home/rudra/custom_flightmode/build/example_mode_vtol_cpp
[7.888s] -- Install configuration: ""
[7.889s] -- Installing: /home/rudra/custom_flightmode/install/example_mode_vtol_cpp/lib/example_mode_vtol_cpp/example_mode_vtol
[7.892s] -- Set runtime path of "/home/rudra/custom_flightmode/install/example_mode_vtol_cpp/lib/example_mode_vtol_cpp/example_mode_vtol" to ""
[7.893s] -- Installing: /home/rudra/custom_flightmode/install/example_mode_vtol_cpp/share/ament_index/resource_index/package_run_dependencies/example_mode_vtol_cpp
[7.895s] -- Installing: /home/rudra/custom_flightmode/install/example_mode_vtol_cpp/share/ament_index/resource_index/parent_prefix_path/example_mode_vtol_cpp
[7.895s] -- Installing: /home/rudra/custom_flightmode/install/example_mode_vtol_cpp/share/example_mode_vtol_cpp/environment/ament_prefix_path.sh
[7.895s] -- Installing: /home/rudra/custom_flightmode/install/example_mode_vtol_cpp/share/example_mode_vtol_cpp/environment/ament_prefix_path.dsv
[7.895s] -- Installing: /home/rudra/custom_flightmode/install/example_mode_vtol_cpp/share/example_mode_vtol_cpp/environment/path.sh
[7.895s] -- Installing: /home/rudra/custom_flightmode/install/example_mode_vtol_cpp/share/example_mode_vtol_cpp/environment/path.dsv
[7.895s] -- Installing: /home/rudra/custom_flightmode/install/example_mode_vtol_cpp/share/example_mode_vtol_cpp/local_setup.bash
[7.895s] -- Installing: /home/rudra/custom_flightmode/install/example_mode_vtol_cpp/share/example_mode_vtol_cpp/local_setup.sh
[7.895s] -- Installing: /home/rudra/custom_flightmode/install/example_mode_vtol_cpp/share/example_mode_vtol_cpp/local_setup.zsh
[7.899s] -- Installing: /home/rudra/custom_flightmode/install/example_mode_vtol_cpp/share/example_mode_vtol_cpp/local_setup.dsv
[7.899s] -- Installing: /home/rudra/custom_flightmode/install/example_mode_vtol_cpp/share/example_mode_vtol_cpp/package.dsv
[7.900s] -- Installing: /home/rudra/custom_flightmode/install/example_mode_vtol_cpp/share/ament_index/resource_index/packages/example_mode_vtol_cpp
[7.900s] -- Installing: /home/rudra/custom_flightmode/install/example_mode_vtol_cpp/share/example_mode_vtol_cpp/cmake/example_mode_vtol_cppConfig.cmake
[7.900s] -- Installing: /home/rudra/custom_flightmode/install/example_mode_vtol_cpp/share/example_mode_vtol_cpp/cmake/example_mode_vtol_cppConfig-version.cmake
[7.901s] -- Installing: /home/rudra/custom_flightmode/install/example_mode_vtol_cpp/share/example_mode_vtol_cpp/package.xml
[7.919s] Invoked command in '/home/rudra/custom_flightmode/build/example_mode_vtol_cpp' returned '0': AMENT_PREFIX_PATH=/home/rudra/custom_flightmode/install/px4_ros2_cpp:/home/rudra/custom_flightmode/install/px4_msgs:${AMENT_PREFIX_PATH} CMAKE_PREFIX_PATH=/home/rudra/custom_flightmode/install/px4_ros2_cpp:/home/rudra/custom_flightmode/install/px4_msgs:/home/rudra/ros2_ws/install/talker_listener:/home/rudra/ros2_ws/install/first_pkg:/opt/ros/humble LD_LIBRARY_PATH=/home/rudra/custom_flightmode/install/px4_ros2_cpp/lib:/home/rudra/custom_flightmode/install/px4_msgs/lib:${LD_LIBRARY_PATH} PYTHONPATH=/home/rudra/custom_flightmode/install/px4_msgs/local/lib/python3.10/dist-packages:${PYTHONPATH} /usr/bin/cmake --install /home/rudra/custom_flightmode/build/example_mode_vtol_cpp
