[0.175s] Invoking command in '/home/rudra/custom_flightmode/build/example_rover_velocity_mode_cpp': AMENT_PREFIX_PATH=/home/rudra/custom_flightmode/install/px4_ros2_cpp:/home/rudra/custom_flightmode/install/px4_msgs:${AMENT_PREFIX_PATH} CMAKE_PREFIX_PATH=/home/rudra/custom_flightmode/install/px4_ros2_cpp:/home/rudra/custom_flightmode/install/px4_msgs:/home/rudra/ros2_ws/install/talker_listener:/home/rudra/ros2_ws/install/first_pkg:/opt/ros/humble LD_LIBRARY_PATH=/home/rudra/custom_flightmode/install/px4_ros2_cpp/lib:/home/rudra/custom_flightmode/install/px4_msgs/lib:${LD_LIBRARY_PATH} PYTHONPATH=/home/rudra/custom_flightmode/install/px4_msgs/local/lib/python3.10/dist-packages:${PYTHONPATH} /usr/bin/cmake /home/rudra/custom_flightmode/src/px4-ros2-interface-lib/examples/cpp/modes/rover_velocity -DCMAKE_INSTALL_PREFIX=/home/rudra/custom_flightmode/install/example_rover_velocity_mode_cpp
[0.316s] -- The C compiler identification is GNU 11.4.0
[0.416s] -- The CXX compiler identification is GNU 11.4.0
[0.433s] -- Detecting C compiler ABI info
[0.530s] -- Detecting C compiler ABI info - done
[0.545s] -- Check for working C compiler: /usr/lib/ccache/cc - skipped
[0.545s] -- Detecting C compile features
[0.546s] -- Detecting C compile features - done
[0.552s] -- Detecting CXX compiler ABI info
[0.660s] -- Detecting CXX compiler ABI info - done
[0.674s] -- Check for working CXX compiler: /usr/lib/ccache/c++ - skipped
[0.675s] -- Detecting CXX compile features
[0.678s] -- Detecting CXX compile features - done
[0.682s] -- Found ament_cmake: 1.3.14 (/opt/ros/humble/share/ament_cmake/cmake)
[1.194s] -- Found Python3: /usr/bin/python3 (found version "3.10.12") found components: Interpreter 
[1.342s] -- Found rclcpp: 16.0.19 (/opt/ros/humble/share/rclcpp/cmake)
[1.406s] -- Found rosidl_generator_c: 3.1.9 (/opt/ros/humble/share/rosidl_generator_c/cmake)
[1.413s] -- Found rosidl_adapter: 3.1.9 (/opt/ros/humble/share/rosidl_adapter/cmake)
[1.426s] -- Found rosidl_generator_cpp: 3.1.9 (/opt/ros/humble/share/rosidl_generator_cpp/cmake)
[1.445s] -- Using all available rosidl_typesupport_c: rosidl_typesupport_fastrtps_c;rosidl_typesupport_introspection_c
[1.469s] -- Using all available rosidl_typesupport_cpp: rosidl_typesupport_fastrtps_cpp;rosidl_typesupport_introspection_cpp
[1.533s] -- Found rmw_implementation_cmake: 6.1.2 (/opt/ros/humble/share/rmw_implementation_cmake/cmake)
[1.537s] -- Found rmw_fastrtps_cpp: 6.2.10 (/opt/ros/humble/share/rmw_fastrtps_cpp/cmake)
[1.673s] -- Found OpenSSL: /usr/lib/x86_64-linux-gnu/libcrypto.so (found version "3.0.2")  
[1.723s] -- Found FastRTPS: /opt/ros/humble/include  
[1.786s] -- Using RMW implementation 'rmw_fastrtps_cpp' as default
[1.799s] -- Looking for pthread.h
[1.941s] -- Looking for pthread.h - found
[1.941s] -- Performing Test CMAKE_HAVE_LIBC_PTHREAD
[2.089s] -- Performing Test CMAKE_HAVE_LIBC_PTHREAD - Success
[2.093s] -- Found Threads: TRUE  
[2.165s] -- Found px4_ros2_cpp: 0.0.1 (/home/rudra/custom_flightmode/install/px4_ros2_cpp/share/px4_ros2_cpp/cmake)
[2.204s] -- Found ament_lint_auto: 0.12.15 (/opt/ros/humble/share/ament_lint_auto/cmake)
[2.344s] -- Added test 'copyright' to check source files copyright and LICENSE
[2.345s] -- Added test 'cppcheck' to perform static code analysis on C / C++ code
[2.345s] -- Configured cppcheck include dirs: /home/rudra/custom_flightmode/src/px4-ros2-interface-lib/examples/cpp/modes/rover_velocity/include
[2.346s] -- Configured cppcheck exclude dirs and/or files: 
[2.347s] -- Added test 'cpplint' to check C / C++ code against the Google style
[2.347s] -- Configured cpplint exclude dirs and/or files: 
[2.350s] -- Added test 'lint_cmake' to check CMake code style
[2.353s] -- Added test 'uncrustify' to check C / C++ code style
[2.353s] -- Configured uncrustify additional arguments: 
[2.354s] -- Added test 'xmllint' to check XML markup files
[2.357s] -- Configuring done
[2.377s] -- Generating done
[2.386s] -- Build files have been written to: /home/rudra/custom_flightmode/build/example_rover_velocity_mode_cpp
[2.408s] Invoked command in '/home/rudra/custom_flightmode/build/example_rover_velocity_mode_cpp' returned '0': AMENT_PREFIX_PATH=/home/rudra/custom_flightmode/install/px4_ros2_cpp:/home/rudra/custom_flightmode/install/px4_msgs:${AMENT_PREFIX_PATH} CMAKE_PREFIX_PATH=/home/rudra/custom_flightmode/install/px4_ros2_cpp:/home/rudra/custom_flightmode/install/px4_msgs:/home/rudra/ros2_ws/install/talker_listener:/home/rudra/ros2_ws/install/first_pkg:/opt/ros/humble LD_LIBRARY_PATH=/home/rudra/custom_flightmode/install/px4_ros2_cpp/lib:/home/rudra/custom_flightmode/install/px4_msgs/lib:${LD_LIBRARY_PATH} PYTHONPATH=/home/rudra/custom_flightmode/install/px4_msgs/local/lib/python3.10/dist-packages:${PYTHONPATH} /usr/bin/cmake /home/rudra/custom_flightmode/src/px4-ros2-interface-lib/examples/cpp/modes/rover_velocity -DCMAKE_INSTALL_PREFIX=/home/rudra/custom_flightmode/install/example_rover_velocity_mode_cpp
[2.410s] Invoking command in '/home/rudra/custom_flightmode/build/example_rover_velocity_mode_cpp': AMENT_PREFIX_PATH=/home/rudra/custom_flightmode/install/px4_ros2_cpp:/home/rudra/custom_flightmode/install/px4_msgs:${AMENT_PREFIX_PATH} CMAKE_PREFIX_PATH=/home/rudra/custom_flightmode/install/px4_ros2_cpp:/home/rudra/custom_flightmode/install/px4_msgs:/home/rudra/ros2_ws/install/talker_listener:/home/rudra/ros2_ws/install/first_pkg:/opt/ros/humble LD_LIBRARY_PATH=/home/rudra/custom_flightmode/install/px4_ros2_cpp/lib:/home/rudra/custom_flightmode/install/px4_msgs/lib:${LD_LIBRARY_PATH} PYTHONPATH=/home/rudra/custom_flightmode/install/px4_msgs/local/lib/python3.10/dist-packages:${PYTHONPATH} /usr/bin/cmake --build /home/rudra/custom_flightmode/build/example_rover_velocity_mode_cpp -- -j12 -l12
[2.504s] [ 50%] [32mBuilding CXX object CMakeFiles/rover_velocity_mode.dir/src/main.cpp.o[0m
[7.296s] [100%] [32m[1mLinking CXX executable rover_velocity_mode[0m
[8.745s] [100%] Built target rover_velocity_mode
