[0.786s] Invoking command in '/home/rudra/custom_flightmode/src/px4-ros2-interface-lib/examples/python/modes/goto': AMENT_PREFIX_PATH=/home/rudra/custom_flightmode/install/px4_ros2_py:/home/rudra/custom_flightmode/install/px4_ros2_cpp:/home/rudra/custom_flightmode/install/px4_msgs:${AMENT_PREFIX_PATH} CMAKE_PREFIX_PATH=/home/rudra/custom_flightmode/install/px4_ros2_py:/home/rudra/custom_flightmode/install/px4_ros2_cpp:/home/rudra/custom_flightmode/install/px4_msgs LD_LIBRARY_PATH=/home/rudra/custom_flightmode/install/px4_ros2_cpp/lib:/home/rudra/custom_flightmode/install/px4_msgs/lib:${LD_LIBRARY_PATH} PYTHONPATH=/home/rudra/custom_flightmode/build/example_mode_goto_py/prefix_override:/usr/lib/python3/dist-packages/colcon_core/task/python/colcon_distutils_commands:/home/rudra/custom_flightmode/install/example_mode_goto_py/lib/python3.10/site-packages:/home/rudra/custom_flightmode/install/px4_ros2_py/local/lib/python3.10/dist-packages:/home/rudra/custom_flightmode/install/px4_msgs/local/lib/python3.10/dist-packages:${PYTHONPATH} /usr/bin/python3 -W ignore:setup.py install is deprecated -W ignore:easy_install command is deprecated setup.py egg_info --egg-base ../../../../../../build/example_mode_goto_py build --build-base /home/rudra/custom_flightmode/build/example_mode_goto_py/build install --record /home/rudra/custom_flightmode/build/example_mode_goto_py/install.log --install-scripts $base/lib/example_mode_goto_py --single-version-externally-managed install_data
[1.008s] running egg_info
[1.023s] creating ../../../../../../build/example_mode_goto_py/example_mode_goto_py.egg-info
[1.023s] writing ../../../../../../build/example_mode_goto_py/example_mode_goto_py.egg-info/PKG-INFO
[1.023s] writing dependency_links to ../../../../../../build/example_mode_goto_py/example_mode_goto_py.egg-info/dependency_links.txt
[1.024s] writing entry points to ../../../../../../build/example_mode_goto_py/example_mode_goto_py.egg-info/entry_points.txt
[1.024s] writing requirements to ../../../../../../build/example_mode_goto_py/example_mode_goto_py.egg-info/requires.txt
[1.024s] writing top-level names to ../../../../../../build/example_mode_goto_py/example_mode_goto_py.egg-info/top_level.txt
[1.024s] writing manifest file '../../../../../../build/example_mode_goto_py/example_mode_goto_py.egg-info/SOURCES.txt'
[1.056s] reading manifest file '../../../../../../build/example_mode_goto_py/example_mode_goto_py.egg-info/SOURCES.txt'
[1.057s] writing manifest file '../../../../../../build/example_mode_goto_py/example_mode_goto_py.egg-info/SOURCES.txt'
[1.057s] running build
[1.057s] running build_py
[1.057s] creating /home/rudra/custom_flightmode/build/example_mode_goto_py/build/lib/example_mode_goto_py
[1.058s] copying example_mode_goto_py/__init__.py -> /home/rudra/custom_flightmode/build/example_mode_goto_py/build/lib/example_mode_goto_py
[1.058s] copying example_mode_goto_py/mode.py -> /home/rudra/custom_flightmode/build/example_mode_goto_py/build/lib/example_mode_goto_py
[1.058s] running install
[1.061s] running install_lib
[1.076s] creating /home/rudra/custom_flightmode/install/example_mode_goto_py/lib/python3.10/site-packages/example_mode_goto_py
[1.076s] copying /home/rudra/custom_flightmode/build/example_mode_goto_py/build/lib/example_mode_goto_py/__init__.py -> /home/rudra/custom_flightmode/install/example_mode_goto_py/lib/python3.10/site-packages/example_mode_goto_py
[1.076s] copying /home/rudra/custom_flightmode/build/example_mode_goto_py/build/lib/example_mode_goto_py/mode.py -> /home/rudra/custom_flightmode/install/example_mode_goto_py/lib/python3.10/site-packages/example_mode_goto_py
[1.077s] byte-compiling /home/rudra/custom_flightmode/install/example_mode_goto_py/lib/python3.10/site-packages/example_mode_goto_py/__init__.py to __init__.cpython-310.pyc
[1.077s] byte-compiling /home/rudra/custom_flightmode/install/example_mode_goto_py/lib/python3.10/site-packages/example_mode_goto_py/mode.py to mode.cpython-310.pyc
[1.077s] running install_data
[1.078s] creating /home/rudra/custom_flightmode/install/example_mode_goto_py/share/ament_index/resource_index/packages
[1.078s] copying resource/example_mode_goto_py -> /home/rudra/custom_flightmode/install/example_mode_goto_py/share/ament_index/resource_index/packages
[1.078s] copying package.xml -> /home/rudra/custom_flightmode/install/example_mode_goto_py/share/example_mode_goto_py
[1.078s] running install_egg_info
[1.095s] Copying ../../../../../../build/example_mode_goto_py/example_mode_goto_py.egg-info to /home/rudra/custom_flightmode/install/example_mode_goto_py/lib/python3.10/site-packages/example_mode_goto_py-0.0.1-py3.10.egg-info
[1.096s] running install_scripts
[1.128s] Installing goto script to /home/rudra/custom_flightmode/install/example_mode_goto_py/lib/example_mode_goto_py
[1.128s] writing list of installed files to '/home/rudra/custom_flightmode/build/example_mode_goto_py/install.log'
[1.153s] Invoked command in '/home/rudra/custom_flightmode/src/px4-ros2-interface-lib/examples/python/modes/goto' returned '0': AMENT_PREFIX_PATH=/home/rudra/custom_flightmode/install/px4_ros2_py:/home/rudra/custom_flightmode/install/px4_ros2_cpp:/home/rudra/custom_flightmode/install/px4_msgs:${AMENT_PREFIX_PATH} CMAKE_PREFIX_PATH=/home/rudra/custom_flightmode/install/px4_ros2_py:/home/rudra/custom_flightmode/install/px4_ros2_cpp:/home/rudra/custom_flightmode/install/px4_msgs LD_LIBRARY_PATH=/home/rudra/custom_flightmode/install/px4_ros2_cpp/lib:/home/rudra/custom_flightmode/install/px4_msgs/lib:${LD_LIBRARY_PATH} PYTHONPATH=/home/rudra/custom_flightmode/build/example_mode_goto_py/prefix_override:/usr/lib/python3/dist-packages/colcon_core/task/python/colcon_distutils_commands:/home/rudra/custom_flightmode/install/example_mode_goto_py/lib/python3.10/site-packages:/home/rudra/custom_flightmode/install/px4_ros2_py/local/lib/python3.10/dist-packages:/home/rudra/custom_flightmode/install/px4_msgs/local/lib/python3.10/dist-packages:${PYTHONPATH} /usr/bin/python3 -W ignore:setup.py install is deprecated -W ignore:easy_install command is deprecated setup.py egg_info --egg-base ../../../../../../build/example_mode_goto_py build --build-base /home/rudra/custom_flightmode/build/example_mode_goto_py/build install --record /home/rudra/custom_flightmode/build/example_mode_goto_py/install.log --install-scripts $base/lib/example_mode_goto_py --single-version-externally-managed install_data
