[0.013s] Invoking command in '/home/rudra/custom_flightmode/build/draw_flight_mode': AMENT_PREFIX_PATH=/home/rudra/custom_flightmode/install/px4_ros2_cpp:/home/rudra/custom_flightmode/install/px4_msgs:${AMENT_PREFIX_PATH} CMAKE_PREFIX_PATH=/home/rudra/custom_flightmode/install/px4_ros2_cpp:/home/rudra/custom_flightmode/install/px4_msgs:/home/rudra/ros2_ws/install/talker_listener:/home/rudra/ros2_ws/install/first_pkg:/opt/ros/humble LD_LIBRARY_PATH=/home/rudra/custom_flightmode/install/px4_ros2_cpp/lib:/home/rudra/custom_flightmode/install/px4_msgs/lib:${LD_LIBRARY_PATH} PYTHONPATH=/home/rudra/custom_flightmode/install/px4_msgs/local/lib/python3.10/dist-packages:${PYTHONPATH} /usr/bin/cmake --build /home/rudra/custom_flightmode/build/draw_flight_mode -- -j12 -l12
[0.062s] Consolidate compiler generated dependencies of target draw_r
[0.079s] [ 50%] Building CXX object CMakeFiles/draw_r.dir/src/main.cpp.o
[15.515s] [100%] Linking CXX executable draw_r
[17.419s] [100%] Built target draw_r
[17.431s] Invoked command in '/home/rudra/custom_flightmode/build/draw_flight_mode' returned '0': AMENT_PREFIX_PATH=/home/rudra/custom_flightmode/install/px4_ros2_cpp:/home/rudra/custom_flightmode/install/px4_msgs:${AMENT_PREFIX_PATH} CMAKE_PREFIX_PATH=/home/rudra/custom_flightmode/install/px4_ros2_cpp:/home/rudra/custom_flightmode/install/px4_msgs:/home/rudra/ros2_ws/install/talker_listener:/home/rudra/ros2_ws/install/first_pkg:/opt/ros/humble LD_LIBRARY_PATH=/home/rudra/custom_flightmode/install/px4_ros2_cpp/lib:/home/rudra/custom_flightmode/install/px4_msgs/lib:${LD_LIBRARY_PATH} PYTHONPATH=/home/rudra/custom_flightmode/install/px4_msgs/local/lib/python3.10/dist-packages:${PYTHONPATH} /usr/bin/cmake --build /home/rudra/custom_flightmode/build/draw_flight_mode -- -j12 -l12
[17.441s] Invoking command in '/home/rudra/custom_flightmode/build/draw_flight_mode': AMENT_PREFIX_PATH=/home/rudra/custom_flightmode/install/px4_ros2_cpp:/home/rudra/custom_flightmode/install/px4_msgs:${AMENT_PREFIX_PATH} CMAKE_PREFIX_PATH=/home/rudra/custom_flightmode/install/px4_ros2_cpp:/home/rudra/custom_flightmode/install/px4_msgs:/home/rudra/ros2_ws/install/talker_listener:/home/rudra/ros2_ws/install/first_pkg:/opt/ros/humble LD_LIBRARY_PATH=/home/rudra/custom_flightmode/install/px4_ros2_cpp/lib:/home/rudra/custom_flightmode/install/px4_msgs/lib:${LD_LIBRARY_PATH} PYTHONPATH=/home/rudra/custom_flightmode/install/px4_msgs/local/lib/python3.10/dist-packages:${PYTHONPATH} /usr/bin/cmake --install /home/rudra/custom_flightmode/build/draw_flight_mode
[17.449s] -- Install configuration: ""
[17.449s] -- Execute custom install script
[17.449s] -- Up-to-date symlink: /home/rudra/custom_flightmode/install/draw_flight_mode/lib/draw_flight_mode/draw_r
[17.450s] -- Up-to-date symlink: /home/rudra/custom_flightmode/install/draw_flight_mode/share/ament_index/resource_index/package_run_dependencies/draw_flight_mode
[17.450s] -- Up-to-date symlink: /home/rudra/custom_flightmode/install/draw_flight_mode/share/ament_index/resource_index/parent_prefix_path/draw_flight_mode
[17.450s] -- Up-to-date symlink: /home/rudra/custom_flightmode/install/draw_flight_mode/share/draw_flight_mode/environment/ament_prefix_path.sh
[17.450s] -- Up-to-date symlink: /home/rudra/custom_flightmode/install/draw_flight_mode/share/draw_flight_mode/environment/ament_prefix_path.dsv
[17.450s] -- Up-to-date symlink: /home/rudra/custom_flightmode/install/draw_flight_mode/share/draw_flight_mode/environment/path.sh
[17.450s] -- Up-to-date symlink: /home/rudra/custom_flightmode/install/draw_flight_mode/share/draw_flight_mode/environment/path.dsv
[17.450s] -- Up-to-date symlink: /home/rudra/custom_flightmode/install/draw_flight_mode/share/draw_flight_mode/local_setup.bash
[17.450s] -- Up-to-date symlink: /home/rudra/custom_flightmode/install/draw_flight_mode/share/draw_flight_mode/local_setup.sh
[17.451s] -- Up-to-date symlink: /home/rudra/custom_flightmode/install/draw_flight_mode/share/draw_flight_mode/local_setup.zsh
[17.451s] -- Up-to-date symlink: /home/rudra/custom_flightmode/install/draw_flight_mode/share/draw_flight_mode/local_setup.dsv
[17.451s] -- Symlinking: /home/rudra/custom_flightmode/install/draw_flight_mode/share/draw_flight_mode/package.dsv
[17.460s] -- Up-to-date symlink: /home/rudra/custom_flightmode/install/draw_flight_mode/share/ament_index/resource_index/packages/draw_flight_mode
[17.460s] -- Up-to-date symlink: /home/rudra/custom_flightmode/install/draw_flight_mode/share/draw_flight_mode/cmake/draw_flight_modeConfig.cmake
[17.460s] -- Up-to-date symlink: /home/rudra/custom_flightmode/install/draw_flight_mode/share/draw_flight_mode/cmake/draw_flight_modeConfig-version.cmake
[17.460s] -- Up-to-date symlink: /home/rudra/custom_flightmode/install/draw_flight_mode/share/draw_flight_mode/package.xml
[17.462s] Invoked command in '/home/rudra/custom_flightmode/build/draw_flight_mode' returned '0': AMENT_PREFIX_PATH=/home/rudra/custom_flightmode/install/px4_ros2_cpp:/home/rudra/custom_flightmode/install/px4_msgs:${AMENT_PREFIX_PATH} CMAKE_PREFIX_PATH=/home/rudra/custom_flightmode/install/px4_ros2_cpp:/home/rudra/custom_flightmode/install/px4_msgs:/home/rudra/ros2_ws/install/talker_listener:/home/rudra/ros2_ws/install/first_pkg:/opt/ros/humble LD_LIBRARY_PATH=/home/rudra/custom_flightmode/install/px4_ros2_cpp/lib:/home/rudra/custom_flightmode/install/px4_msgs/lib:${LD_LIBRARY_PATH} PYTHONPATH=/home/rudra/custom_flightmode/install/px4_msgs/local/lib/python3.10/dist-packages:${PYTHONPATH} /usr/bin/cmake --install /home/rudra/custom_flightmode/build/draw_flight_mode
