[1.154s] Invoking command in '/home/rudra/custom_flightmode/src/px4-ros2-interface-lib/examples/python/modes/goto_with_rclpy': AMENT_PREFIX_PATH=/home/rudra/custom_flightmode/install/px4_ros2_py:/home/rudra/custom_flightmode/install/px4_ros2_cpp:/home/rudra/custom_flightmode/install/px4_msgs:${AMENT_PREFIX_PATH} CMAKE_PREFIX_PATH=/home/rudra/custom_flightmode/install/px4_ros2_py:/home/rudra/custom_flightmode/install/px4_ros2_cpp:/home/rudra/custom_flightmode/install/px4_msgs LD_LIBRARY_PATH=/home/rudra/custom_flightmode/install/px4_ros2_cpp/lib:/home/rudra/custom_flightmode/install/px4_msgs/lib:${LD_LIBRARY_PATH} PYTHONPATH=/home/rudra/custom_flightmode/build/example_mode_with_rclpy_py/prefix_override:/usr/lib/python3/dist-packages/colcon_core/task/python/colcon_distutils_commands:/home/rudra/custom_flightmode/install/example_mode_with_rclpy_py/lib/python3.10/site-packages:/home/rudra/custom_flightmode/install/px4_ros2_py/local/lib/python3.10/dist-packages:/home/rudra/custom_flightmode/install/px4_msgs/local/lib/python3.10/dist-packages:${PYTHONPATH} /usr/bin/python3 -W ignore:setup.py install is deprecated -W ignore:easy_install command is deprecated setup.py egg_info --egg-base ../../../../../../build/example_mode_with_rclpy_py build --build-base /home/rudra/custom_flightmode/build/example_mode_with_rclpy_py/build install --record /home/rudra/custom_flightmode/build/example_mode_with_rclpy_py/install.log --install-scripts $base/lib/example_mode_with_rclpy_py --single-version-externally-managed install_data
[1.486s] running egg_info
[1.510s] writing ../../../../../../build/example_mode_with_rclpy_py/example_mode_with_rclpy_py.egg-info/PKG-INFO
[1.511s] writing dependency_links to ../../../../../../build/example_mode_with_rclpy_py/example_mode_with_rclpy_py.egg-info/dependency_links.txt
[1.511s] writing entry points to ../../../../../../build/example_mode_with_rclpy_py/example_mode_with_rclpy_py.egg-info/entry_points.txt
[1.512s] writing requirements to ../../../../../../build/example_mode_with_rclpy_py/example_mode_with_rclpy_py.egg-info/requires.txt
[1.512s] writing top-level names to ../../../../../../build/example_mode_with_rclpy_py/example_mode_with_rclpy_py.egg-info/top_level.txt
[1.558s] reading manifest file '../../../../../../build/example_mode_with_rclpy_py/example_mode_with_rclpy_py.egg-info/SOURCES.txt'
[1.559s] writing manifest file '../../../../../../build/example_mode_with_rclpy_py/example_mode_with_rclpy_py.egg-info/SOURCES.txt'
[1.559s] running build
[1.560s] running build_py
[1.560s] copying example_mode_with_rclpy_py/__init__.py -> /home/rudra/custom_flightmode/build/example_mode_with_rclpy_py/build/lib/example_mode_with_rclpy_py
[1.560s] copying example_mode_with_rclpy_py/test.py -> /home/rudra/custom_flightmode/build/example_mode_with_rclpy_py/build/lib/example_mode_with_rclpy_py
[1.560s] running install
[1.565s] running install_lib
[1.589s] running install_data
[1.589s] copying resource/example_mode_with_rclpy_py -> /home/rudra/custom_flightmode/install/example_mode_with_rclpy_py/share/ament_index/resource_index/packages
[1.589s] copying package.xml -> /home/rudra/custom_flightmode/install/example_mode_with_rclpy_py/share/example_mode_with_rclpy_py
[1.589s] running install_egg_info
[1.614s] removing '/home/rudra/custom_flightmode/install/example_mode_with_rclpy_py/lib/python3.10/site-packages/example_mode_with_rclpy_py-0.0.1-py3.10.egg-info' (and everything under it)
[1.615s] Copying ../../../../../../build/example_mode_with_rclpy_py/example_mode_with_rclpy_py.egg-info to /home/rudra/custom_flightmode/install/example_mode_with_rclpy_py/lib/python3.10/site-packages/example_mode_with_rclpy_py-0.0.1-py3.10.egg-info
[1.616s] running install_scripts
[1.666s] Installing test script to /home/rudra/custom_flightmode/install/example_mode_with_rclpy_py/lib/example_mode_with_rclpy_py
[1.666s] writing list of installed files to '/home/rudra/custom_flightmode/build/example_mode_with_rclpy_py/install.log'
[1.717s] Invoked command in '/home/rudra/custom_flightmode/src/px4-ros2-interface-lib/examples/python/modes/goto_with_rclpy' returned '0': AMENT_PREFIX_PATH=/home/rudra/custom_flightmode/install/px4_ros2_py:/home/rudra/custom_flightmode/install/px4_ros2_cpp:/home/rudra/custom_flightmode/install/px4_msgs:${AMENT_PREFIX_PATH} CMAKE_PREFIX_PATH=/home/rudra/custom_flightmode/install/px4_ros2_py:/home/rudra/custom_flightmode/install/px4_ros2_cpp:/home/rudra/custom_flightmode/install/px4_msgs LD_LIBRARY_PATH=/home/rudra/custom_flightmode/install/px4_ros2_cpp/lib:/home/rudra/custom_flightmode/install/px4_msgs/lib:${LD_LIBRARY_PATH} PYTHONPATH=/home/rudra/custom_flightmode/build/example_mode_with_rclpy_py/prefix_override:/usr/lib/python3/dist-packages/colcon_core/task/python/colcon_distutils_commands:/home/rudra/custom_flightmode/install/example_mode_with_rclpy_py/lib/python3.10/site-packages:/home/rudra/custom_flightmode/install/px4_ros2_py/local/lib/python3.10/dist-packages:/home/rudra/custom_flightmode/install/px4_msgs/local/lib/python3.10/dist-packages:${PYTHONPATH} /usr/bin/python3 -W ignore:setup.py install is deprecated -W ignore:easy_install command is deprecated setup.py egg_info --egg-base ../../../../../../build/example_mode_with_rclpy_py build --build-base /home/rudra/custom_flightmode/build/example_mode_with_rclpy_py/build install --record /home/rudra/custom_flightmode/build/example_mode_with_rclpy_py/install.log --install-scripts $base/lib/example_mode_with_rclpy_py --single-version-externally-managed install_data
