[0.111s] Invoking command in '/home/rudra/custom_flightmode/build/example_rover_velocity_mode_cpp': AMENT_PREFIX_PATH=/home/rudra/custom_flightmode/install/px4_ros2_cpp:/home/rudra/custom_flightmode/install/px4_msgs:${AMENT_PREFIX_PATH} CMAKE_PREFIX_PATH=/home/rudra/custom_flightmode/install/px4_ros2_cpp:/home/rudra/custom_flightmode/install/px4_msgs:/home/rudra/ros2_ws/install/talker_listener:/home/rudra/ros2_ws/install/first_pkg:/opt/ros/humble LD_LIBRARY_PATH=/home/rudra/custom_flightmode/install/px4_ros2_cpp/lib:/home/rudra/custom_flightmode/install/px4_msgs/lib:${LD_LIBRARY_PATH} PYTHONPATH=/home/rudra/custom_flightmode/install/px4_msgs/local/lib/python3.10/dist-packages:${PYTHONPATH} /usr/bin/cmake --build /home/rudra/custom_flightmode/build/example_rover_velocity_mode_cpp -- -j12 -l12
[0.190s] [100%] Built target rover_velocity_mode
[0.208s] Invoked command in '/home/rudra/custom_flightmode/build/example_rover_velocity_mode_cpp' returned '0': AMENT_PREFIX_PATH=/home/rudra/custom_flightmode/install/px4_ros2_cpp:/home/rudra/custom_flightmode/install/px4_msgs:${AMENT_PREFIX_PATH} CMAKE_PREFIX_PATH=/home/rudra/custom_flightmode/install/px4_ros2_cpp:/home/rudra/custom_flightmode/install/px4_msgs:/home/rudra/ros2_ws/install/talker_listener:/home/rudra/ros2_ws/install/first_pkg:/opt/ros/humble LD_LIBRARY_PATH=/home/rudra/custom_flightmode/install/px4_ros2_cpp/lib:/home/rudra/custom_flightmode/install/px4_msgs/lib:${LD_LIBRARY_PATH} PYTHONPATH=/home/rudra/custom_flightmode/install/px4_msgs/local/lib/python3.10/dist-packages:${PYTHONPATH} /usr/bin/cmake --build /home/rudra/custom_flightmode/build/example_rover_velocity_mode_cpp -- -j12 -l12
[0.210s] Invoking command in '/home/rudra/custom_flightmode/build/example_rover_velocity_mode_cpp': AMENT_PREFIX_PATH=/home/rudra/custom_flightmode/install/px4_ros2_cpp:/home/rudra/custom_flightmode/install/px4_msgs:${AMENT_PREFIX_PATH} CMAKE_PREFIX_PATH=/home/rudra/custom_flightmode/install/px4_ros2_cpp:/home/rudra/custom_flightmode/install/px4_msgs:/home/rudra/ros2_ws/install/talker_listener:/home/rudra/ros2_ws/install/first_pkg:/opt/ros/humble LD_LIBRARY_PATH=/home/rudra/custom_flightmode/install/px4_ros2_cpp/lib:/home/rudra/custom_flightmode/install/px4_msgs/lib:${LD_LIBRARY_PATH} PYTHONPATH=/home/rudra/custom_flightmode/install/px4_msgs/local/lib/python3.10/dist-packages:${PYTHONPATH} /usr/bin/cmake --install /home/rudra/custom_flightmode/build/example_rover_velocity_mode_cpp
[0.221s] -- Install configuration: ""
[0.221s] -- Up-to-date: /home/rudra/custom_flightmode/install/example_rover_velocity_mode_cpp/lib/example_rover_velocity_mode_cpp/rover_velocity_mode
[0.222s] -- Up-to-date: /home/rudra/custom_flightmode/install/example_rover_velocity_mode_cpp/share/ament_index/resource_index/package_run_dependencies/example_rover_velocity_mode_cpp
[0.222s] -- Up-to-date: /home/rudra/custom_flightmode/install/example_rover_velocity_mode_cpp/share/ament_index/resource_index/parent_prefix_path/example_rover_velocity_mode_cpp
[0.222s] -- Up-to-date: /home/rudra/custom_flightmode/install/example_rover_velocity_mode_cpp/share/example_rover_velocity_mode_cpp/environment/ament_prefix_path.sh
[0.222s] -- Up-to-date: /home/rudra/custom_flightmode/install/example_rover_velocity_mode_cpp/share/example_rover_velocity_mode_cpp/environment/ament_prefix_path.dsv
[0.222s] -- Up-to-date: /home/rudra/custom_flightmode/install/example_rover_velocity_mode_cpp/share/example_rover_velocity_mode_cpp/environment/path.sh
[0.222s] -- Up-to-date: /home/rudra/custom_flightmode/install/example_rover_velocity_mode_cpp/share/example_rover_velocity_mode_cpp/environment/path.dsv
[0.222s] -- Up-to-date: /home/rudra/custom_flightmode/install/example_rover_velocity_mode_cpp/share/example_rover_velocity_mode_cpp/local_setup.bash
[0.223s] -- Up-to-date: /home/rudra/custom_flightmode/install/example_rover_velocity_mode_cpp/share/example_rover_velocity_mode_cpp/local_setup.sh
[0.223s] -- Up-to-date: /home/rudra/custom_flightmode/install/example_rover_velocity_mode_cpp/share/example_rover_velocity_mode_cpp/local_setup.zsh
[0.223s] -- Up-to-date: /home/rudra/custom_flightmode/install/example_rover_velocity_mode_cpp/share/example_rover_velocity_mode_cpp/local_setup.dsv
[0.223s] -- Installing: /home/rudra/custom_flightmode/install/example_rover_velocity_mode_cpp/share/example_rover_velocity_mode_cpp/package.dsv
[0.223s] -- Up-to-date: /home/rudra/custom_flightmode/install/example_rover_velocity_mode_cpp/share/ament_index/resource_index/packages/example_rover_velocity_mode_cpp
[0.223s] -- Up-to-date: /home/rudra/custom_flightmode/install/example_rover_velocity_mode_cpp/share/example_rover_velocity_mode_cpp/cmake/example_rover_velocity_mode_cppConfig.cmake
[0.223s] -- Up-to-date: /home/rudra/custom_flightmode/install/example_rover_velocity_mode_cpp/share/example_rover_velocity_mode_cpp/cmake/example_rover_velocity_mode_cppConfig-version.cmake
[0.223s] -- Up-to-date: /home/rudra/custom_flightmode/install/example_rover_velocity_mode_cpp/share/example_rover_velocity_mode_cpp/package.xml
[0.226s] Invoked command in '/home/rudra/custom_flightmode/build/example_rover_velocity_mode_cpp' returned '0': AMENT_PREFIX_PATH=/home/rudra/custom_flightmode/install/px4_ros2_cpp:/home/rudra/custom_flightmode/install/px4_msgs:${AMENT_PREFIX_PATH} CMAKE_PREFIX_PATH=/home/rudra/custom_flightmode/install/px4_ros2_cpp:/home/rudra/custom_flightmode/install/px4_msgs:/home/rudra/ros2_ws/install/talker_listener:/home/rudra/ros2_ws/install/first_pkg:/opt/ros/humble LD_LIBRARY_PATH=/home/rudra/custom_flightmode/install/px4_ros2_cpp/lib:/home/rudra/custom_flightmode/install/px4_msgs/lib:${LD_LIBRARY_PATH} PYTHONPATH=/home/rudra/custom_flightmode/install/px4_msgs/local/lib/python3.10/dist-packages:${PYTHONPATH} /usr/bin/cmake --install /home/rudra/custom_flightmode/build/example_rover_velocity_mode_cpp
