running egg_info
writing ../../../../../../build/example_mode_goto_py/example_mode_goto_py.egg-info/PKG-INFO
writing dependency_links to ../../../../../../build/example_mode_goto_py/example_mode_goto_py.egg-info/dependency_links.txt
writing entry points to ../../../../../../build/example_mode_goto_py/example_mode_goto_py.egg-info/entry_points.txt
writing requirements to ../../../../../../build/example_mode_goto_py/example_mode_goto_py.egg-info/requires.txt
writing top-level names to ../../../../../../build/example_mode_goto_py/example_mode_goto_py.egg-info/top_level.txt
reading manifest file '../../../../../../build/example_mode_goto_py/example_mode_goto_py.egg-info/SOURCES.txt'
writing manifest file '../../../../../../build/example_mode_goto_py/example_mode_goto_py.egg-info/SOURCES.txt'
running build
running build_py
copying example_mode_goto_py/__init__.py -> /home/rudra/custom_flightmode/build/example_mode_goto_py/build/lib/example_mode_goto_py
copying example_mode_goto_py/mode.py -> /home/rudra/custom_flightmode/build/example_mode_goto_py/build/lib/example_mode_goto_py
running install
running install_lib
running install_data
copying resource/example_mode_goto_py -> /home/rudra/custom_flightmode/install/example_mode_goto_py/share/ament_index/resource_index/packages
copying package.xml -> /home/rudra/custom_flightmode/install/example_mode_goto_py/share/example_mode_goto_py
running install_egg_info
removing '/home/rudra/custom_flightmode/install/example_mode_goto_py/lib/python3.10/site-packages/example_mode_goto_py-0.0.1-py3.10.egg-info' (and everything under it)
Copying ../../../../../../build/example_mode_goto_py/example_mode_goto_py.egg-info to /home/rudra/custom_flightmode/install/example_mode_goto_py/lib/python3.10/site-packages/example_mode_goto_py-0.0.1-py3.10.egg-info
running install_scripts
Installing goto script to /home/rudra/custom_flightmode/install/example_mode_goto_py/lib/example_mode_goto_py
writing list of installed files to '/home/rudra/custom_flightmode/build/example_mode_goto_py/install.log'
