[0.000000] (-) TimerEvent: {}
[0.000358] (-) JobUnselected: {'identifier': 'example_executor_with_multiple_modes_cpp'}
[0.000516] (-) JobUnselected: {'identifier': 'example_global_navigation_cpp'}
[0.000536] (-) JobUnselected: {'identifier': 'example_local_navigation_cpp'}
[0.000551] (-) JobUnselected: {'identifier': 'example_mode_fw_attitude_cpp'}
[0.000564] (-) JobUnselected: {'identifier': 'example_mode_goto_cpp'}
[0.000576] (-) JobUnselected: {'identifier': 'example_mode_goto_global_cpp'}
[0.000587] (-) JobUnselected: {'identifier': 'example_mode_goto_py'}
[0.000599] (-) JobUnselected: {'identifier': 'example_mode_manual_cpp'}
[0.000610] (-) JobUnselected: {'identifier': 'example_mode_mission_cpp'}
[0.000622] (-) JobUnselected: {'identifier': 'example_mode_rtl_replacement_cpp'}
[0.000633] (-) JobUnselected: {'identifier': 'example_mode_vtol_cpp'}
[0.000644] (-) JobUnselected: {'identifier': 'example_mode_with_executor_cpp'}
[0.000655] (-) JobUnselected: {'identifier': 'example_mode_with_rclpy_py'}
[0.000666] (-) JobUnselected: {'identifier': 'example_rover_velocity_mode_cpp'}
[0.000678] (-) JobUnselected: {'identifier': 'px4_msgs'}
[0.000689] (-) JobUnselected: {'identifier': 'px4_ros2_cpp'}
[0.000700] (-) JobUnselected: {'identifier': 'px4_ros2_py'}
[0.000714] (draw_flight_mode) JobQueued: {'identifier': 'draw_flight_mode', 'dependencies': OrderedDict([('px4_msgs', '/home/rudra/custom_flightmode/install/px4_msgs'), ('px4_ros2_cpp', '/home/rudra/custom_flightmode/install/px4_ros2_cpp')])}
[0.000733] (draw_flight_mode) JobStarted: {'identifier': 'draw_flight_mode'}
[0.010717] (draw_flight_mode) JobProgress: {'identifier': 'draw_flight_mode', 'progress': 'cmake'}
[0.011258] (draw_flight_mode) JobProgress: {'identifier': 'draw_flight_mode', 'progress': 'build'}
[0.011764] (draw_flight_mode) Command: {'cmd': ['/usr/bin/cmake', '--build', '/home/rudra/custom_flightmode/build/draw_flight_mode', '--', '-j12', '-l12'], 'cwd': '/home/rudra/custom_flightmode/build/draw_flight_mode', 'env': OrderedDict([('GJS_DEBUG_TOPICS', 'JS ERROR;JS LOG'), ('LESSOPEN', '| /usr/bin/lesspipe %s'), ('VSCODE_CWD', '/home/rudra'), ('LANGUAGE', 'en_IN:en'), ('USER', 'rudra'), ('VSCODE_NLS_CONFIG', '{"userLocale":"en-gb","osLocale":"en-in","resolvedLanguage":"en","defaultMessagesFile":"/usr/share/antigravity/resources/app/out/nls.messages.json","locale":"en-gb","availableLanguages":{}}'), ('XDG_SESSION_TYPE', 'x11'), ('SHLVL', '1'), ('LD_LIBRARY_PATH', '/home/rudra/custom_flightmode/install/px4_ros2_cpp/lib:/home/rudra/custom_flightmode/install/px4_msgs/lib:/opt/ros/humble/opt/rviz_ogre_vendor/lib:/opt/ros/humble/lib/x86_64-linux-gnu:/opt/ros/humble/lib'), ('HOME', '/home/rudra'), ('CHROME_DESKTOP', 'antigravity.desktop'), ('OLDPWD', '/home/rudra/custom_flightmode'), ('DESKTOP_SESSION', 'ubuntu'), ('NVM_BIN', '/home/rudra/.nvm/versions/node/v24.16.0/bin'), ('NVM_INC', '/home/rudra/.nvm/versions/node/v24.16.0/include/node'), ('VSCODE_IPC_HOOK', '/run/user/1000/vscode-386ead39-1.10-main.sock'), ('GIO_LAUNCHED_DESKTOP_FILE', '/usr/share/applications/antigravity.desktop'), ('ROS_PYTHON_VERSION', '3'), ('GNOME_SHELL_SESSION_MODE', 'ubuntu'), ('GTK_MODULES', 'gail:atk-bridge'), ('PAGER', 'cat'), ('MANAGERPID', '1912'), ('SYSTEMD_EXEC_PID', '2215'), ('DBUS_SESSION_BUS_ADDRESS', 'unix:path=/run/user/1000/bus'), ('ANTIGRAVITY_AGENT', '1'), ('GIO_LAUNCHED_DESKTOP_FILE_PID', '43482'), ('NVM_DIR', '/home/rudra/.nvm'), ('COLCON_PREFIX_PATH', '/home/rudra/ros2_ws/install'), ('ROS_DISTRO', 'humble'), ('GTK_IM_MODULE', 'ibus'), ('LOGNAME', 'rudra'), ('JOURNAL_STREAM', '8:22828'), ('_', '/usr/bin/colcon'), ('ROS_VERSION', '2'), ('XDG_SESSION_CLASS', 'user'), ('USERNAME', 'rudra'), ('TERM', 'dumb'), ('GNOME_DESKTOP_SESSION_ID', 'this-is-deprecated'), ('FC_FONTATIONS', '1'), ('ROS_LOCALHOST_ONLY', '0'), ('WINDOWPATH', '2'), ('ANTIGRAVITY_EDITOR_APP_ROOT', '/usr/share/antigravity/resources/app'), ('PATH', '/usr/lib/ccache:/home/rudra/ardupilot/Tools/autotest:/opt/gcc-arm-none-eabi-10-2020-q4-major/bin:/home/rudra/.local/bin:/home/rudra/.nvm/versions/node/v24.16.0/bin:/opt/ros/humble/bin:/usr/lib/ccache:/home/rudra/ardupilot/Tools/autotest:/opt/gcc-arm-none-eabi-10-2020-q4-major/bin:/home/rudra/.local/bin:/usr/local/sbin:/usr/local/bin:/usr/sbin:/usr/bin:/sbin:/bin:/usr/games:/usr/local/games:/snap/bin:/snap/bin:/opt/xtensa-esp-elf/bin/'), ('SESSION_MANAGER', 'local/victus:@/tmp/.ICE-unix/2188,unix/victus:/tmp/.ICE-unix/2188'), ('INVOCATION_ID', '5d6edd1254934f7095d81f49b375e718'), ('XDG_MENU_PREFIX', 'gnome-'), ('XDG_RUNTIME_DIR', '/run/user/1000'), ('GDK_BACKEND', 'x11'), ('DISPLAY', ':1'), ('LANG', 'en_US.UTF-8'), ('XDG_CURRENT_DESKTOP', 'ubuntu:GNOME'), ('XMODIFIERS', '@im=ibus'), ('XDG_SESSION_DESKTOP', 'ubuntu'), ('XAUTHORITY', '/run/user/1000/gdm/Xauthority'), ('LS_COLORS', ''), ('SSH_AGENT_LAUNCHER', 'gnome-keyring'), ('SSH_AUTH_SOCK', '/run/user/1000/keyring/ssh'), ('AMENT_PREFIX_PATH', '/home/rudra/custom_flightmode/install/px4_ros2_cpp:/home/rudra/custom_flightmode/install/px4_msgs:/home/rudra/ros2_ws/install/talker_listener:/home/rudra/ros2_ws/install/first_pkg:/opt/ros/humble'), ('SHELL', '/bin/bash'), ('QT_ACCESSIBILITY', '1'), ('GDMSESSION', 'ubuntu'), ('LESSCLOSE', '/usr/bin/lesspipe %s %s'), ('GPG_AGENT_INFO', '/run/user/1000/gnupg/S.gpg-agent:0:1'), ('GJS_DEBUG_OUTPUT', 'stderr'), ('QT_IM_MODULE', 'ibus'), ('ANTIGRAVITY_TRAJECTORY_ID', '4e80b990-21d9-4e85-bc33-b0725dfa4513'), ('PWD', '/home/rudra/custom_flightmode/build/draw_flight_mode'), ('LC_ALL', 'en_US.UTF-8'), ('XDG_CONFIG_DIRS', '/etc/xdg/xdg-ubuntu:/etc/xdg'), ('VSCODE_CODE_CACHE_PATH', '/home/rudra/.config/Antigravity/CachedData/15487b3041e65228cae24980a3f796c905ef582c'), ('NVM_CD_FLAGS', ''), ('XDG_DATA_DIRS', '/usr/share/ubuntu:/usr/share/gnome:/usr/local/share/:/usr/share/:/var/lib/snapd/desktop'), ('PYTHONPATH', '/home/rudra/custom_flightmode/install/px4_msgs/local/lib/python3.10/dist-packages:/home/rudra/ros2_ws/install/talker_listener/lib/python3.10/site-packages:/home/rudra/ros2_ws/install/first_pkg/lib/python3.10/site-packages:/opt/ros/humble/lib/python3.10/site-packages:/opt/ros/humble/local/lib/python3.10/dist-packages'), ('COLCON', '1'), ('VSCODE_PID', '43482'), ('CMAKE_PREFIX_PATH', '/home/rudra/custom_flightmode/install/px4_ros2_cpp:/home/rudra/custom_flightmode/install/px4_msgs:/home/rudra/ros2_ws/install/talker_listener:/home/rudra/ros2_ws/install/first_pkg:/opt/ros/humble')]), 'shell': False}
[0.052277] (draw_flight_mode) StdoutLine: {'line': b'\x1b[35m\x1b[1mConsolidate compiler generated dependencies of target draw_r\x1b[0m\n'}
[0.075329] (draw_flight_mode) StdoutLine: {'line': b'[ 50%] \x1b[32mBuilding CXX object CMakeFiles/draw_r.dir/src/main.cpp.o\x1b[0m\n'}
[0.099730] (-) TimerEvent: {}
[0.200018] (-) TimerEvent: {}
[0.300299] (-) TimerEvent: {}
[0.400572] (-) TimerEvent: {}
[0.500881] (-) TimerEvent: {}
[0.601191] (-) TimerEvent: {}
[0.701468] (-) TimerEvent: {}
[0.801844] (-) TimerEvent: {}
[0.902170] (-) TimerEvent: {}
[1.002563] (-) TimerEvent: {}
[1.102874] (-) TimerEvent: {}
[1.203189] (-) TimerEvent: {}
[1.303483] (-) TimerEvent: {}
[1.403784] (-) TimerEvent: {}
[1.504042] (-) TimerEvent: {}
[1.604309] (-) TimerEvent: {}
[1.704578] (-) TimerEvent: {}
[1.804839] (-) TimerEvent: {}
[1.905192] (-) TimerEvent: {}
[2.005490] (-) TimerEvent: {}
[2.105750] (-) TimerEvent: {}
[2.206008] (-) TimerEvent: {}
[2.306324] (-) TimerEvent: {}
[2.406608] (-) TimerEvent: {}
[2.506891] (-) TimerEvent: {}
[2.607194] (-) TimerEvent: {}
[2.707475] (-) TimerEvent: {}
[2.807739] (-) TimerEvent: {}
[2.907979] (-) TimerEvent: {}
[3.008238] (-) TimerEvent: {}
[3.108483] (-) TimerEvent: {}
[3.208744] (-) TimerEvent: {}
[3.309018] (-) TimerEvent: {}
[3.409288] (-) TimerEvent: {}
[3.509567] (-) TimerEvent: {}
[3.609828] (-) TimerEvent: {}
[3.710095] (-) TimerEvent: {}
[3.810370] (-) TimerEvent: {}
[3.910636] (-) TimerEvent: {}
[4.010896] (-) TimerEvent: {}
[4.111169] (-) TimerEvent: {}
[4.211490] (-) TimerEvent: {}
[4.311876] (-) TimerEvent: {}
[4.412188] (-) TimerEvent: {}
[4.512523] (-) TimerEvent: {}
[4.612912] (-) TimerEvent: {}
[4.713192] (-) TimerEvent: {}
[4.813554] (-) TimerEvent: {}
[4.913797] (-) TimerEvent: {}
[5.014134] (-) TimerEvent: {}
[5.114581] (-) TimerEvent: {}
[5.214841] (-) TimerEvent: {}
[5.315118] (-) TimerEvent: {}
[5.415382] (-) TimerEvent: {}
[5.515641] (-) TimerEvent: {}
[5.615893] (-) TimerEvent: {}
[5.716157] (-) TimerEvent: {}
[5.816415] (-) TimerEvent: {}
[5.846857] (draw_flight_mode) StdoutLine: {'line': b'[100%] \x1b[32m\x1b[1mLinking CXX executable draw_r\x1b[0m\n'}
[5.916563] (-) TimerEvent: {}
[6.016887] (-) TimerEvent: {}
[6.117198] (-) TimerEvent: {}
[6.217512] (-) TimerEvent: {}
[6.317776] (-) TimerEvent: {}
[6.418080] (-) TimerEvent: {}
[6.518358] (-) TimerEvent: {}
[6.618698] (-) TimerEvent: {}
[6.719047] (-) TimerEvent: {}
[6.819308] (-) TimerEvent: {}
[6.919639] (-) TimerEvent: {}
[7.019938] (-) TimerEvent: {}
[7.120265] (-) TimerEvent: {}
[7.136194] (draw_flight_mode) StdoutLine: {'line': b'[100%] Built target draw_r\n'}
[7.146634] (draw_flight_mode) CommandEnded: {'returncode': 0}
[7.147278] (draw_flight_mode) JobProgress: {'identifier': 'draw_flight_mode', 'progress': 'install'}
[7.156286] (draw_flight_mode) Command: {'cmd': ['/usr/bin/cmake', '--install', '/home/rudra/custom_flightmode/build/draw_flight_mode'], 'cwd': '/home/rudra/custom_flightmode/build/draw_flight_mode', 'env': OrderedDict([('GJS_DEBUG_TOPICS', 'JS ERROR;JS LOG'), ('LESSOPEN', '| /usr/bin/lesspipe %s'), ('VSCODE_CWD', '/home/rudra'), ('LANGUAGE', 'en_IN:en'), ('USER', 'rudra'), ('VSCODE_NLS_CONFIG', '{"userLocale":"en-gb","osLocale":"en-in","resolvedLanguage":"en","defaultMessagesFile":"/usr/share/antigravity/resources/app/out/nls.messages.json","locale":"en-gb","availableLanguages":{}}'), ('XDG_SESSION_TYPE', 'x11'), ('SHLVL', '1'), ('LD_LIBRARY_PATH', '/home/rudra/custom_flightmode/install/px4_ros2_cpp/lib:/home/rudra/custom_flightmode/install/px4_msgs/lib:/opt/ros/humble/opt/rviz_ogre_vendor/lib:/opt/ros/humble/lib/x86_64-linux-gnu:/opt/ros/humble/lib'), ('HOME', '/home/rudra'), ('CHROME_DESKTOP', 'antigravity.desktop'), ('OLDPWD', '/home/rudra/custom_flightmode'), ('DESKTOP_SESSION', 'ubuntu'), ('NVM_BIN', '/home/rudra/.nvm/versions/node/v24.16.0/bin'), ('NVM_INC', '/home/rudra/.nvm/versions/node/v24.16.0/include/node'), ('VSCODE_IPC_HOOK', '/run/user/1000/vscode-386ead39-1.10-main.sock'), ('GIO_LAUNCHED_DESKTOP_FILE', '/usr/share/applications/antigravity.desktop'), ('ROS_PYTHON_VERSION', '3'), ('GNOME_SHELL_SESSION_MODE', 'ubuntu'), ('GTK_MODULES', 'gail:atk-bridge'), ('PAGER', 'cat'), ('MANAGERPID', '1912'), ('SYSTEMD_EXEC_PID', '2215'), ('DBUS_SESSION_BUS_ADDRESS', 'unix:path=/run/user/1000/bus'), ('ANTIGRAVITY_AGENT', '1'), ('GIO_LAUNCHED_DESKTOP_FILE_PID', '43482'), ('NVM_DIR', '/home/rudra/.nvm'), ('COLCON_PREFIX_PATH', '/home/rudra/ros2_ws/install'), ('ROS_DISTRO', 'humble'), ('GTK_IM_MODULE', 'ibus'), ('LOGNAME', 'rudra'), ('JOURNAL_STREAM', '8:22828'), ('_', '/usr/bin/colcon'), ('ROS_VERSION', '2'), ('XDG_SESSION_CLASS', 'user'), ('USERNAME', 'rudra'), ('TERM', 'dumb'), ('GNOME_DESKTOP_SESSION_ID', 'this-is-deprecated'), ('FC_FONTATIONS', '1'), ('ROS_LOCALHOST_ONLY', '0'), ('WINDOWPATH', '2'), ('ANTIGRAVITY_EDITOR_APP_ROOT', '/usr/share/antigravity/resources/app'), ('PATH', '/usr/lib/ccache:/home/rudra/ardupilot/Tools/autotest:/opt/gcc-arm-none-eabi-10-2020-q4-major/bin:/home/rudra/.local/bin:/home/rudra/.nvm/versions/node/v24.16.0/bin:/opt/ros/humble/bin:/usr/lib/ccache:/home/rudra/ardupilot/Tools/autotest:/opt/gcc-arm-none-eabi-10-2020-q4-major/bin:/home/rudra/.local/bin:/usr/local/sbin:/usr/local/bin:/usr/sbin:/usr/bin:/sbin:/bin:/usr/games:/usr/local/games:/snap/bin:/snap/bin:/opt/xtensa-esp-elf/bin/'), ('SESSION_MANAGER', 'local/victus:@/tmp/.ICE-unix/2188,unix/victus:/tmp/.ICE-unix/2188'), ('INVOCATION_ID', '5d6edd1254934f7095d81f49b375e718'), ('XDG_MENU_PREFIX', 'gnome-'), ('XDG_RUNTIME_DIR', '/run/user/1000'), ('GDK_BACKEND', 'x11'), ('DISPLAY', ':1'), ('LANG', 'en_US.UTF-8'), ('XDG_CURRENT_DESKTOP', 'ubuntu:GNOME'), ('XMODIFIERS', '@im=ibus'), ('XDG_SESSION_DESKTOP', 'ubuntu'), ('XAUTHORITY', '/run/user/1000/gdm/Xauthority'), ('LS_COLORS', ''), ('SSH_AGENT_LAUNCHER', 'gnome-keyring'), ('SSH_AUTH_SOCK', '/run/user/1000/keyring/ssh'), ('AMENT_PREFIX_PATH', '/home/rudra/custom_flightmode/install/px4_ros2_cpp:/home/rudra/custom_flightmode/install/px4_msgs:/home/rudra/ros2_ws/install/talker_listener:/home/rudra/ros2_ws/install/first_pkg:/opt/ros/humble'), ('SHELL', '/bin/bash'), ('QT_ACCESSIBILITY', '1'), ('GDMSESSION', 'ubuntu'), ('LESSCLOSE', '/usr/bin/lesspipe %s %s'), ('GPG_AGENT_INFO', '/run/user/1000/gnupg/S.gpg-agent:0:1'), ('GJS_DEBUG_OUTPUT', 'stderr'), ('QT_IM_MODULE', 'ibus'), ('ANTIGRAVITY_TRAJECTORY_ID', '4e80b990-21d9-4e85-bc33-b0725dfa4513'), ('PWD', '/home/rudra/custom_flightmode/build/draw_flight_mode'), ('LC_ALL', 'en_US.UTF-8'), ('XDG_CONFIG_DIRS', '/etc/xdg/xdg-ubuntu:/etc/xdg'), ('VSCODE_CODE_CACHE_PATH', '/home/rudra/.config/Antigravity/CachedData/15487b3041e65228cae24980a3f796c905ef582c'), ('NVM_CD_FLAGS', ''), ('XDG_DATA_DIRS', '/usr/share/ubuntu:/usr/share/gnome:/usr/local/share/:/usr/share/:/var/lib/snapd/desktop'), ('PYTHONPATH', '/home/rudra/custom_flightmode/install/px4_msgs/local/lib/python3.10/dist-packages:/home/rudra/ros2_ws/install/talker_listener/lib/python3.10/site-packages:/home/rudra/ros2_ws/install/first_pkg/lib/python3.10/site-packages:/opt/ros/humble/lib/python3.10/site-packages:/opt/ros/humble/local/lib/python3.10/dist-packages'), ('COLCON', '1'), ('VSCODE_PID', '43482'), ('CMAKE_PREFIX_PATH', '/home/rudra/custom_flightmode/install/px4_ros2_cpp:/home/rudra/custom_flightmode/install/px4_msgs:/home/rudra/ros2_ws/install/talker_listener:/home/rudra/ros2_ws/install/first_pkg:/opt/ros/humble')]), 'shell': False}
[7.163313] (draw_flight_mode) StdoutLine: {'line': b'-- Install configuration: ""\n'}
[7.163510] (draw_flight_mode) StdoutLine: {'line': b'-- Installing: /home/rudra/custom_flightmode/install/draw_flight_mode/lib/draw_flight_mode/draw_r\n'}
[7.165460] (draw_flight_mode) StdoutLine: {'line': b'-- Set runtime path of "/home/rudra/custom_flightmode/install/draw_flight_mode/lib/draw_flight_mode/draw_r" to ""\n'}
[7.165615] (draw_flight_mode) StdoutLine: {'line': b'-- Installing: /home/rudra/custom_flightmode/install/draw_flight_mode/share/ament_index/resource_index/package_run_dependencies/draw_flight_mode\n'}
[7.165801] (draw_flight_mode) StdoutLine: {'line': b'-- Installing: /home/rudra/custom_flightmode/install/draw_flight_mode/share/ament_index/resource_index/parent_prefix_path/draw_flight_mode\n'}
[7.165986] (draw_flight_mode) StdoutLine: {'line': b'-- Installing: /home/rudra/custom_flightmode/install/draw_flight_mode/share/draw_flight_mode/environment/ament_prefix_path.sh\n'}
[7.166117] (draw_flight_mode) StdoutLine: {'line': b'-- Installing: /home/rudra/custom_flightmode/install/draw_flight_mode/share/draw_flight_mode/environment/ament_prefix_path.dsv\n'}
[7.166268] (draw_flight_mode) StdoutLine: {'line': b'-- Installing: /home/rudra/custom_flightmode/install/draw_flight_mode/share/draw_flight_mode/environment/path.sh\n'}
[7.166403] (draw_flight_mode) StdoutLine: {'line': b'-- Installing: /home/rudra/custom_flightmode/install/draw_flight_mode/share/draw_flight_mode/environment/path.dsv\n'}
[7.166534] (draw_flight_mode) StdoutLine: {'line': b'-- Installing: /home/rudra/custom_flightmode/install/draw_flight_mode/share/draw_flight_mode/local_setup.bash\n'}
[7.166725] (draw_flight_mode) StdoutLine: {'line': b'-- Installing: /home/rudra/custom_flightmode/install/draw_flight_mode/share/draw_flight_mode/local_setup.sh\n'}
[7.166920] (draw_flight_mode) StdoutLine: {'line': b'-- Installing: /home/rudra/custom_flightmode/install/draw_flight_mode/share/draw_flight_mode/local_setup.zsh\n'}
[7.167080] (draw_flight_mode) StdoutLine: {'line': b'-- Installing: /home/rudra/custom_flightmode/install/draw_flight_mode/share/draw_flight_mode/local_setup.dsv\n'}
[7.167240] (draw_flight_mode) StdoutLine: {'line': b'-- Installing: /home/rudra/custom_flightmode/install/draw_flight_mode/share/draw_flight_mode/package.dsv\n'}
[7.167455] (draw_flight_mode) StdoutLine: {'line': b'-- Installing: /home/rudra/custom_flightmode/install/draw_flight_mode/share/ament_index/resource_index/packages/draw_flight_mode\n'}
[7.167620] (draw_flight_mode) StdoutLine: {'line': b'-- Installing: /home/rudra/custom_flightmode/install/draw_flight_mode/share/draw_flight_mode/cmake/draw_flight_modeConfig.cmake\n'}
[7.167735] (draw_flight_mode) StdoutLine: {'line': b'-- Installing: /home/rudra/custom_flightmode/install/draw_flight_mode/share/draw_flight_mode/cmake/draw_flight_modeConfig-version.cmake\n'}
[7.167866] (draw_flight_mode) StdoutLine: {'line': b'-- Installing: /home/rudra/custom_flightmode/install/draw_flight_mode/share/draw_flight_mode/package.xml\n'}
[7.169856] (draw_flight_mode) CommandEnded: {'returncode': 0}
[7.183324] (draw_flight_mode) JobEnded: {'identifier': 'draw_flight_mode', 'rc': 0}
[7.184358] (-) EventReactorShutdown: {}
