[0.030s] Invoking command in '/home/rudra/custom_flightmode/build/example_mode_mission_cpp': AMENT_PREFIX_PATH=/home/rudra/custom_flightmode/install/px4_ros2_cpp:/home/rudra/custom_flightmode/install/px4_msgs:${AMENT_PREFIX_PATH} CMAKE_PREFIX_PATH=/home/rudra/custom_flightmode/install/px4_ros2_cpp:/home/rudra/custom_flightmode/install/px4_msgs:/home/rudra/ros2_ws/install/talker_listener:/home/rudra/ros2_ws/install/first_pkg:/opt/ros/humble LD_LIBRARY_PATH=/home/rudra/custom_flightmode/install/px4_ros2_cpp/lib:/home/rudra/custom_flightmode/install/px4_msgs/lib:${LD_LIBRARY_PATH} PYTHONPATH=/home/rudra/custom_flightmode/install/px4_msgs/local/lib/python3.10/dist-packages:${PYTHONPATH} /usr/bin/cmake /home/rudra/custom_flightmode/src/px4-ros2-interface-lib/examples/cpp/modes/mission -DCMAKE_INSTALL_PREFIX=/home/rudra/custom_flightmode/install/example_mode_mission_cpp
[2.179s] -- The C compiler identification is GNU 11.4.0
[2.179s] -- The CXX compiler identification is GNU 11.4.0
[2.179s] -- Detecting C compiler ABI info
[2.180s] -- Detecting C compiler ABI info - done
[2.180s] -- Check for working C compiler: /usr/lib/ccache/cc - skipped
[2.180s] -- Detecting C compile features
[2.180s] -- Detecting C compile features - done
[2.180s] -- Detecting CXX compiler ABI info
[2.180s] -- Detecting CXX compiler ABI info - done
[2.180s] -- Check for working CXX compiler: /usr/lib/ccache/c++ - skipped
[2.180s] -- Detecting CXX compile features
[2.180s] -- Detecting CXX compile features - done
[2.180s] -- Found eigen3_cmake_module: 0.1.1 (/opt/ros/humble/share/eigen3_cmake_module/cmake)
[2.180s] -- Found Eigen3: TRUE (found version "3.4.0") 
[2.180s] -- Found ament_cmake: 1.3.14 (/opt/ros/humble/share/ament_cmake/cmake)
[2.180s] -- Found Python3: /usr/bin/python3 (found version "3.10.12") found components: Interpreter 
[2.181s] -- Found rclcpp: 16.0.19 (/opt/ros/humble/share/rclcpp/cmake)
[2.181s] -- Found rosidl_generator_c: 3.1.9 (/opt/ros/humble/share/rosidl_generator_c/cmake)
[2.181s] -- Found rosidl_adapter: 3.1.9 (/opt/ros/humble/share/rosidl_adapter/cmake)
[2.181s] -- Found rosidl_generator_cpp: 3.1.9 (/opt/ros/humble/share/rosidl_generator_cpp/cmake)
[2.181s] -- Using all available rosidl_typesupport_c: rosidl_typesupport_fastrtps_c;rosidl_typesupport_introspection_c
[2.181s] -- Using all available rosidl_typesupport_cpp: rosidl_typesupport_fastrtps_cpp;rosidl_typesupport_introspection_cpp
[2.181s] -- Found rmw_implementation_cmake: 6.1.2 (/opt/ros/humble/share/rmw_implementation_cmake/cmake)
[2.181s] -- Found rmw_fastrtps_cpp: 6.2.10 (/opt/ros/humble/share/rmw_fastrtps_cpp/cmake)
[2.181s] -- Found OpenSSL: /usr/lib/x86_64-linux-gnu/libcrypto.so (found version "3.0.2")  
[2.181s] -- Found FastRTPS: /opt/ros/humble/include  
[2.181s] -- Using RMW implementation 'rmw_fastrtps_cpp' as default
[2.181s] -- Looking for pthread.h
[2.181s] -- Looking for pthread.h - found
[2.181s] -- Performing Test CMAKE_HAVE_LIBC_PTHREAD
[2.182s] -- Performing Test CMAKE_HAVE_LIBC_PTHREAD - Success
[2.182s] -- Found Threads: TRUE  
[2.182s] -- Found px4_ros2_cpp: 0.0.1 (/home/rudra/custom_flightmode/install/px4_ros2_cpp/share/px4_ros2_cpp/cmake)
[2.182s] -- Found ament_lint_auto: 0.12.15 (/opt/ros/humble/share/ament_lint_auto/cmake)
[2.182s] -- Added test 'copyright' to check source files copyright and LICENSE
[2.182s] -- Added test 'cppcheck' to perform static code analysis on C / C++ code
[2.182s] -- Configured cppcheck include dirs: /home/rudra/custom_flightmode/src/px4-ros2-interface-lib/examples/cpp/modes/mission/include
[2.182s] -- Configured cppcheck exclude dirs and/or files: 
[2.182s] -- Added test 'cpplint' to check C / C++ code against the Google style
[2.182s] -- Configured cpplint exclude dirs and/or files: 
[2.184s] -- Added test 'lint_cmake' to check CMake code style
[2.186s] -- Added test 'uncrustify' to check C / C++ code style
[2.187s] -- Configured uncrustify additional arguments: 
[2.187s] -- Added test 'xmllint' to check XML markup files
[2.190s] -- Configuring done
[2.214s] -- Generating done
[2.224s] -- Build files have been written to: /home/rudra/custom_flightmode/build/example_mode_mission_cpp
[2.251s] Invoked command in '/home/rudra/custom_flightmode/build/example_mode_mission_cpp' returned '0': AMENT_PREFIX_PATH=/home/rudra/custom_flightmode/install/px4_ros2_cpp:/home/rudra/custom_flightmode/install/px4_msgs:${AMENT_PREFIX_PATH} CMAKE_PREFIX_PATH=/home/rudra/custom_flightmode/install/px4_ros2_cpp:/home/rudra/custom_flightmode/install/px4_msgs:/home/rudra/ros2_ws/install/talker_listener:/home/rudra/ros2_ws/install/first_pkg:/opt/ros/humble LD_LIBRARY_PATH=/home/rudra/custom_flightmode/install/px4_ros2_cpp/lib:/home/rudra/custom_flightmode/install/px4_msgs/lib:${LD_LIBRARY_PATH} PYTHONPATH=/home/rudra/custom_flightmode/install/px4_msgs/local/lib/python3.10/dist-packages:${PYTHONPATH} /usr/bin/cmake /home/rudra/custom_flightmode/src/px4-ros2-interface-lib/examples/cpp/modes/mission -DCMAKE_INSTALL_PREFIX=/home/rudra/custom_flightmode/install/example_mode_mission_cpp
[2.252s] Invoking command in '/home/rudra/custom_flightmode/build/example_mode_mission_cpp': AMENT_PREFIX_PATH=/home/rudra/custom_flightmode/install/px4_ros2_cpp:/home/rudra/custom_flightmode/install/px4_msgs:${AMENT_PREFIX_PATH} CMAKE_PREFIX_PATH=/home/rudra/custom_flightmode/install/px4_ros2_cpp:/home/rudra/custom_flightmode/install/px4_msgs:/home/rudra/ros2_ws/install/talker_listener:/home/rudra/ros2_ws/install/first_pkg:/opt/ros/humble LD_LIBRARY_PATH=/home/rudra/custom_flightmode/install/px4_ros2_cpp/lib:/home/rudra/custom_flightmode/install/px4_msgs/lib:${LD_LIBRARY_PATH} PYTHONPATH=/home/rudra/custom_flightmode/install/px4_msgs/local/lib/python3.10/dist-packages:${PYTHONPATH} /usr/bin/cmake --build /home/rudra/custom_flightmode/build/example_mode_mission_cpp -- -j12 -l12
[2.327s] [ 50%] [32mBuilding CXX object CMakeFiles/example_mode_mission.dir/src/main.cpp.o[0m
[2.388s] [100%] [32m[1mLinking CXX executable example_mode_mission[0m
[7.937s] [100%] Built target example_mode_mission
[7.992s] Invoked command in '/home/rudra/custom_flightmode/build/example_mode_mission_cpp' returned '0': AMENT_PREFIX_PATH=/home/rudra/custom_flightmode/install/px4_ros2_cpp:/home/rudra/custom_flightmode/install/px4_msgs:${AMENT_PREFIX_PATH} CMAKE_PREFIX_PATH=/home/rudra/custom_flightmode/install/px4_ros2_cpp:/home/rudra/custom_flightmode/install/px4_msgs:/home/rudra/ros2_ws/install/talker_listener:/home/rudra/ros2_ws/install/first_pkg:/opt/ros/humble LD_LIBRARY_PATH=/home/rudra/custom_flightmode/install/px4_ros2_cpp/lib:/home/rudra/custom_flightmode/install/px4_msgs/lib:${LD_LIBRARY_PATH} PYTHONPATH=/home/rudra/custom_flightmode/install/px4_msgs/local/lib/python3.10/dist-packages:${PYTHONPATH} /usr/bin/cmake --build /home/rudra/custom_flightmode/build/example_mode_mission_cpp -- -j12 -l12
[7.995s] Invoking command in '/home/rudra/custom_flightmode/build/example_mode_mission_cpp': AMENT_PREFIX_PATH=/home/rudra/custom_flightmode/install/px4_ros2_cpp:/home/rudra/custom_flightmode/install/px4_msgs:${AMENT_PREFIX_PATH} CMAKE_PREFIX_PATH=/home/rudra/custom_flightmode/install/px4_ros2_cpp:/home/rudra/custom_flightmode/install/px4_msgs:/home/rudra/ros2_ws/install/talker_listener:/home/rudra/ros2_ws/install/first_pkg:/opt/ros/humble LD_LIBRARY_PATH=/home/rudra/custom_flightmode/install/px4_ros2_cpp/lib:/home/rudra/custom_flightmode/install/px4_msgs/lib:${LD_LIBRARY_PATH} PYTHONPATH=/home/rudra/custom_flightmode/install/px4_msgs/local/lib/python3.10/dist-packages:${PYTHONPATH} /usr/bin/cmake --install /home/rudra/custom_flightmode/build/example_mode_mission_cpp
[8.007s] -- Install configuration: ""
[8.008s] -- Installing: /home/rudra/custom_flightmode/install/example_mode_mission_cpp/lib/example_mode_mission_cpp/example_mode_mission
[8.019s] -- Set runtime path of "/home/rudra/custom_flightmode/install/example_mode_mission_cpp/lib/example_mode_mission_cpp/example_mode_mission" to ""
[8.020s] -- Installing: /home/rudra/custom_flightmode/install/example_mode_mission_cpp/share/ament_index/resource_index/package_run_dependencies/example_mode_mission_cpp
[8.021s] -- Installing: /home/rudra/custom_flightmode/install/example_mode_mission_cpp/share/ament_index/resource_index/parent_prefix_path/example_mode_mission_cpp
[8.022s] -- Installing: /home/rudra/custom_flightmode/install/example_mode_mission_cpp/share/example_mode_mission_cpp/environment/ament_prefix_path.sh
[8.023s] -- Installing: /home/rudra/custom_flightmode/install/example_mode_mission_cpp/share/example_mode_mission_cpp/environment/ament_prefix_path.dsv
[8.023s] -- Installing: /home/rudra/custom_flightmode/install/example_mode_mission_cpp/share/example_mode_mission_cpp/environment/path.sh
[8.023s] -- Installing: /home/rudra/custom_flightmode/install/example_mode_mission_cpp/share/example_mode_mission_cpp/environment/path.dsv
[8.023s] -- Installing: /home/rudra/custom_flightmode/install/example_mode_mission_cpp/share/example_mode_mission_cpp/local_setup.bash
[8.023s] -- Installing: /home/rudra/custom_flightmode/install/example_mode_mission_cpp/share/example_mode_mission_cpp/local_setup.sh
[8.023s] -- Installing: /home/rudra/custom_flightmode/install/example_mode_mission_cpp/share/example_mode_mission_cpp/local_setup.zsh
[8.023s] -- Installing: /home/rudra/custom_flightmode/install/example_mode_mission_cpp/share/example_mode_mission_cpp/local_setup.dsv
[8.023s] -- Installing: /home/rudra/custom_flightmode/install/example_mode_mission_cpp/share/example_mode_mission_cpp/package.dsv
[8.023s] -- Installing: /home/rudra/custom_flightmode/install/example_mode_mission_cpp/share/ament_index/resource_index/packages/example_mode_mission_cpp
[8.023s] -- Installing: /home/rudra/custom_flightmode/install/example_mode_mission_cpp/share/example_mode_mission_cpp/cmake/example_mode_mission_cppConfig.cmake
[8.024s] -- Installing: /home/rudra/custom_flightmode/install/example_mode_mission_cpp/share/example_mode_mission_cpp/cmake/example_mode_mission_cppConfig-version.cmake
[8.024s] -- Installing: /home/rudra/custom_flightmode/install/example_mode_mission_cpp/share/example_mode_mission_cpp/package.xml
[8.028s] Invoked command in '/home/rudra/custom_flightmode/build/example_mode_mission_cpp' returned '0': AMENT_PREFIX_PATH=/home/rudra/custom_flightmode/install/px4_ros2_cpp:/home/rudra/custom_flightmode/install/px4_msgs:${AMENT_PREFIX_PATH} CMAKE_PREFIX_PATH=/home/rudra/custom_flightmode/install/px4_ros2_cpp:/home/rudra/custom_flightmode/install/px4_msgs:/home/rudra/ros2_ws/install/talker_listener:/home/rudra/ros2_ws/install/first_pkg:/opt/ros/humble LD_LIBRARY_PATH=/home/rudra/custom_flightmode/install/px4_ros2_cpp/lib:/home/rudra/custom_flightmode/install/px4_msgs/lib:${LD_LIBRARY_PATH} PYTHONPATH=/home/rudra/custom_flightmode/install/px4_msgs/local/lib/python3.10/dist-packages:${PYTHONPATH} /usr/bin/cmake --install /home/rudra/custom_flightmode/build/example_mode_mission_cpp
