[0.007s] Invoking command in '/home/rudra/custom_flightmode/build/px4_ros2_cpp': AMENT_PREFIX_PATH=/home/rudra/custom_flightmode/install/px4_msgs:${AMENT_PREFIX_PATH} CMAKE_PREFIX_PATH=/home/rudra/custom_flightmode/install/px4_msgs:/home/rudra/ros2_ws/install/talker_listener:/home/rudra/ros2_ws/install/first_pkg:/opt/ros/humble LD_LIBRARY_PATH=/home/rudra/custom_flightmode/install/px4_msgs/lib:${LD_LIBRARY_PATH} PYTHONPATH=/home/rudra/custom_flightmode/install/px4_msgs/local/lib/python3.10/dist-packages:${PYTHONPATH} /usr/bin/cmake /home/rudra/custom_flightmode/src/px4-ros2-interface-lib/px4_ros2_cpp -DCMAKE_INSTALL_PREFIX=/home/rudra/custom_flightmode/install/px4_ros2_cpp
[0.053s] -- The C compiler identification is GNU 11.4.0
[0.101s] -- The CXX compiler identification is GNU 11.4.0
[0.110s] -- Detecting C compiler ABI info
[0.162s] -- Detecting C compiler ABI info - done
[0.168s] -- Check for working C compiler: /usr/lib/ccache/cc - skipped
[0.168s] -- Detecting C compile features
[0.168s] -- Detecting C compile features - done
[0.171s] -- Detecting CXX compiler ABI info
[0.230s] -- Detecting CXX compiler ABI info - done
[0.236s] -- Check for working CXX compiler: /usr/lib/ccache/c++ - skipped
[0.236s] -- Detecting CXX compile features
[0.236s] -- Detecting CXX compile features - done
[0.238s] -- Found ament_cmake: 1.3.14 (/opt/ros/humble/share/ament_cmake/cmake)
[0.541s] -- Found Python3: /usr/bin/python3 (found version "3.10.12") found components: Interpreter 
[0.615s] -- Found ament_index_cpp: 1.4.1 (/opt/ros/humble/share/ament_index_cpp/cmake)
[0.617s] -- Found rclcpp: 16.0.19 (/opt/ros/humble/share/rclcpp/cmake)
[0.651s] -- Found rosidl_generator_c: 3.1.9 (/opt/ros/humble/share/rosidl_generator_c/cmake)
[0.655s] -- Found rosidl_adapter: 3.1.9 (/opt/ros/humble/share/rosidl_adapter/cmake)
[0.662s] -- Found rosidl_generator_cpp: 3.1.9 (/opt/ros/humble/share/rosidl_generator_cpp/cmake)
[0.671s] -- Using all available rosidl_typesupport_c: rosidl_typesupport_fastrtps_c;rosidl_typesupport_introspection_c
[0.683s] -- Using all available rosidl_typesupport_cpp: rosidl_typesupport_fastrtps_cpp;rosidl_typesupport_introspection_cpp
[0.718s] -- Found rmw_implementation_cmake: 6.1.2 (/opt/ros/humble/share/rmw_implementation_cmake/cmake)
[0.720s] -- Found rmw_fastrtps_cpp: 6.2.10 (/opt/ros/humble/share/rmw_fastrtps_cpp/cmake)
[0.799s] -- Found OpenSSL: /usr/lib/x86_64-linux-gnu/libcrypto.so (found version "3.0.2")  
[0.827s] -- Found FastRTPS: /opt/ros/humble/include  
[0.869s] -- Using RMW implementation 'rmw_fastrtps_cpp' as default
[0.876s] -- Looking for pthread.h
[0.926s] -- Looking for pthread.h - found
[0.927s] -- Performing Test CMAKE_HAVE_LIBC_PTHREAD
[0.976s] -- Performing Test CMAKE_HAVE_LIBC_PTHREAD - Success
[0.977s] -- Found Threads: TRUE  
[1.018s] -- Found px4_msgs: 1.17.0 (/home/rudra/custom_flightmode/install/px4_msgs/share/px4_msgs/cmake)
[1.028s] -- Found eigen3_cmake_module: 0.1.1 (/opt/ros/humble/share/eigen3_cmake_module/cmake)
[1.036s] -- Found Eigen3: TRUE (found version "3.4.0") 
[1.088s] -- Found ament_lint_auto: 0.12.15 (/opt/ros/humble/share/ament_lint_auto/cmake)
[1.089s] -- Found ament_cmake_gtest: 1.3.14 (/opt/ros/humble/share/ament_cmake_gtest/cmake)
[1.178s] -- Found gtest sources under '/opt/ros/humble/src/gtest_vendor': C++ tests using 'Google Test' will be built
[1.185s] -- Added test 'copyright' to check source files copyright and LICENSE
[1.193s] -- Added test 'cppcheck' to perform static code analysis on C / C++ code
[1.194s] -- Configured cppcheck include dirs: /home/rudra/custom_flightmode/src/px4-ros2-interface-lib/px4_ros2_cpp/include
[1.194s] -- Configured cppcheck exclude dirs and/or files: 
[1.203s] -- Added test 'cpplint' to check C / C++ code against the Google style
[1.203s] -- Configured cpplint exclude dirs and/or files: 
[1.207s] -- Added test 'lint_cmake' to check CMake code style
[1.216s] -- Added test 'uncrustify' to check C / C++ code style
[1.216s] -- Configured uncrustify additional arguments: 
[1.218s] -- Added test 'xmllint' to check XML markup files
[1.219s] -- Configuring done
[1.246s] -- Generating done
[1.254s] -- Build files have been written to: /home/rudra/custom_flightmode/build/px4_ros2_cpp
[1.264s] Invoked command in '/home/rudra/custom_flightmode/build/px4_ros2_cpp' returned '0': AMENT_PREFIX_PATH=/home/rudra/custom_flightmode/install/px4_msgs:${AMENT_PREFIX_PATH} CMAKE_PREFIX_PATH=/home/rudra/custom_flightmode/install/px4_msgs:/home/rudra/ros2_ws/install/talker_listener:/home/rudra/ros2_ws/install/first_pkg:/opt/ros/humble LD_LIBRARY_PATH=/home/rudra/custom_flightmode/install/px4_msgs/lib:${LD_LIBRARY_PATH} PYTHONPATH=/home/rudra/custom_flightmode/install/px4_msgs/local/lib/python3.10/dist-packages:${PYTHONPATH} /usr/bin/cmake /home/rudra/custom_flightmode/src/px4-ros2-interface-lib/px4_ros2_cpp -DCMAKE_INSTALL_PREFIX=/home/rudra/custom_flightmode/install/px4_ros2_cpp
[1.265s] Invoking command in '/home/rudra/custom_flightmode/build/px4_ros2_cpp': AMENT_PREFIX_PATH=/home/rudra/custom_flightmode/install/px4_msgs:${AMENT_PREFIX_PATH} CMAKE_PREFIX_PATH=/home/rudra/custom_flightmode/install/px4_msgs:/home/rudra/ros2_ws/install/talker_listener:/home/rudra/ros2_ws/install/first_pkg:/opt/ros/humble LD_LIBRARY_PATH=/home/rudra/custom_flightmode/install/px4_msgs/lib:${LD_LIBRARY_PATH} PYTHONPATH=/home/rudra/custom_flightmode/install/px4_msgs/local/lib/python3.10/dist-packages:${PYTHONPATH} /usr/bin/cmake --build /home/rudra/custom_flightmode/build/px4_ros2_cpp -- -j12 -l12
[1.311s] [  1%] [34m[1mGenerating px4_all_messages.hpp using empy[0m
[1.312s] [  4%] [32mBuilding CXX object CMakeFiles/integration_utils.dir/test/integration/util.cpp.o[0m
[1.312s] [  4%] [32mBuilding CXX object CMakeFiles/unit_utils.dir/test/unit/utils/util.cpp.o[0m
[1.312s] [  5%] [32mBuilding CXX object gtest/CMakeFiles/gtest_main.dir/src/gtest_main.cc.o[0m
[1.313s] [  7%] [32mBuilding CXX object gtest/CMakeFiles/gtest.dir/src/gtest-all.cc.o[0m
[1.327s] [  8%] [32m[1mLinking CXX static library libgtest_main.a[0m
[1.332s] [  9%] [32m[1mLinking CXX static library libgtest.a[0m
[1.332s] [ 11%] [32m[1mLinking CXX shared library libunit_utils.so[0m
[1.339s] [ 12%] [32m[1mLinking CXX shared library libintegration_utils.so[0m
[1.358s] [ 12%] Built target generate_px4_header
[1.382s] [ 16%] [32mBuilding CXX object CMakeFiles/px4_ros2_cpp.dir/src/components/mode.cpp.o[0m
[1.383s] [ 16%] [32mBuilding CXX object CMakeFiles/px4_ros2_cpp.dir/src/components/overrides.cpp.o[0m
[1.383s] [ 16%] [32mBuilding CXX object CMakeFiles/px4_ros2_cpp.dir/src/components/health_and_arming_checks.cpp.o[0m
[1.383s] [ 18%] [32mBuilding CXX object CMakeFiles/px4_ros2_cpp.dir/src/components/message_compatibility_check.cpp.o[0m
[1.386s] [ 19%] [32mBuilding CXX object CMakeFiles/px4_ros2_cpp.dir/src/components/wait_for_fmu.cpp.o[0m
[1.386s] [ 21%] [32mBuilding CXX object CMakeFiles/px4_ros2_cpp.dir/src/components/manual_control_input.cpp.o[0m
[1.386s] [ 22%] [32mBuilding CXX object CMakeFiles/px4_ros2_cpp.dir/src/components/registration.cpp.o[0m
[1.389s] [ 23%] [32mBuilding CXX object CMakeFiles/px4_ros2_cpp.dir/src/components/mode_executor.cpp.o[0m
[1.402s] [ 23%] Built target gtest_main
[1.412s] [ 25%] [32mBuilding CXX object CMakeFiles/px4_ros2_cpp.dir/src/control/peripheral_actuators.cpp.o[0m
[1.431s] [ 26%] [32mBuilding CXX object CMakeFiles/px4_ros2_cpp.dir/src/control/setpoint_types/direct_actuators.cpp.o[0m
[1.431s] [ 28%] [32mBuilding CXX object CMakeFiles/px4_ros2_cpp.dir/src/control/setpoint_types/experimental/rates.cpp.o[0m
[1.434s] [ 29%] [32mBuilding CXX object CMakeFiles/px4_ros2_cpp.dir/src/control/setpoint_types/experimental/attitude.cpp.o[0m
[1.436s] [ 30%] [32mBuilding CXX object CMakeFiles/px4_ros2_cpp.dir/src/control/setpoint_types/experimental/rover/position.cpp.o[0m
[1.442s] [ 32%] [32mBuilding CXX object CMakeFiles/px4_ros2_cpp.dir/src/control/setpoint_types/experimental/rover/speed_attitude.cpp.o[0m
[1.445s] [ 32%] Built target gtest
[1.450s] [ 33%] [32mBuilding CXX object CMakeFiles/px4_ros2_cpp.dir/src/control/setpoint_types/experimental/rover/speed_steering.cpp.o[0m
[1.454s] [ 35%] [32mBuilding CXX object CMakeFiles/px4_ros2_cpp.dir/src/control/setpoint_types/experimental/rover/speed_rate.cpp.o[0m
[1.461s] [ 36%] [32mBuilding CXX object CMakeFiles/px4_ros2_cpp.dir/src/control/setpoint_types/experimental/rover/throttle_attitude.cpp.o[0m
[1.464s] [ 38%] [32mBuilding CXX object CMakeFiles/px4_ros2_cpp.dir/src/control/setpoint_types/experimental/rover/throttle_steering.cpp.o[0m
[1.470s] [ 39%] [32mBuilding CXX object CMakeFiles/px4_ros2_cpp.dir/src/control/setpoint_types/experimental/rover/throttle_rate.cpp.o[0m
[1.479s] [ 40%] [32mBuilding CXX object CMakeFiles/px4_ros2_cpp.dir/src/control/setpoint_types/fixedwing/lateral_longitudinal.cpp.o[0m
[1.480s] [ 42%] [32mBuilding CXX object CMakeFiles/px4_ros2_cpp.dir/src/control/setpoint_types/experimental/trajectory.cpp.o[0m
[1.487s] [ 43%] [32mBuilding CXX object CMakeFiles/px4_ros2_cpp.dir/src/control/setpoint_types/multicopter/goto.cpp.o[0m
[1.489s] [ 43%] Built target unit_utils
[1.493s] [ 45%] [32mBuilding CXX object CMakeFiles/px4_ros2_cpp.dir/src/control/vtol.cpp.o[0m
[1.496s] [ 46%] [32mBuilding CXX object CMakeFiles/px4_ros2_cpp.dir/src/mission/mission.cpp.o[0m
[1.497s] [ 47%] [32mBuilding CXX object CMakeFiles/px4_ros2_cpp.dir/src/mission/actions/default_actions.cpp.o[0m
[1.502s] [ 49%] [32mBuilding CXX object CMakeFiles/px4_ros2_cpp.dir/src/mission/trajectory/multicopter/waypoint_trajectory_executor.cpp.o[0m
[1.504s] [ 50%] [32mBuilding CXX object CMakeFiles/px4_ros2_cpp.dir/src/mission/mission_executor.cpp.o[0m
[1.506s] [ 52%] [32mBuilding CXX object CMakeFiles/px4_ros2_cpp.dir/src/navigation/experimental/global_position_measurement_interface.cpp.o[0m
[1.517s] [ 53%] [32mBuilding CXX object CMakeFiles/px4_ros2_cpp.dir/src/navigation/experimental/local_position_measurement_interface.cpp.o[0m
[1.528s] [ 54%] [32mBuilding CXX object CMakeFiles/px4_ros2_cpp.dir/src/odometry/odometry.cpp.o[0m
[1.532s] [ 56%] [32mBuilding CXX object CMakeFiles/px4_ros2_cpp.dir/src/odometry/airspeed.cpp.o[0m
[1.541s] [ 59%] [32mBuilding CXX object CMakeFiles/px4_ros2_cpp.dir/src/odometry/global_position.cpp.o[0m
[1.541s] [ 59%] [32mBuilding CXX object CMakeFiles/px4_ros2_cpp.dir/src/odometry/attitude.cpp.o[0m
[1.541s] [ 60%] [32mBuilding CXX object CMakeFiles/px4_ros2_cpp.dir/src/odometry/angular_velocity.cpp.o[0m
[1.546s] [ 61%] [32mBuilding CXX object CMakeFiles/px4_ros2_cpp.dir/src/odometry/local_position.cpp.o[0m
[1.547s] [ 63%] [32mBuilding CXX object CMakeFiles/px4_ros2_cpp.dir/src/vehicle_state/home_position_setter.cpp.o[0m
[1.550s] [ 64%] [32mBuilding CXX object CMakeFiles/px4_ros2_cpp.dir/src/utils/vehicle_command_sender.cpp.o[0m
[1.561s] [ 66%] [32mBuilding CXX object CMakeFiles/px4_ros2_cpp.dir/src/utils/geodesic.cpp.o[0m
[1.568s] [ 67%] [32mBuilding CXX object CMakeFiles/px4_ros2_cpp.dir/src/utils/map_projection_impl.cpp.o[0m
[1.726s] [ 67%] Built target integration_utils
[2.236s] [ 69%] [32m[1mLinking CXX shared library libpx4_ros2_cpp.so[0m
[7.378s] [ 69%] Built target px4_ros2_cpp
[7.400s] [ 80%] [32mBuilding CXX object CMakeFiles/integration_tests.dir/test/integration/local_navigation.cpp.o[0m
[7.400s] [ 80%] [32mBuilding CXX object CMakeFiles/integration_tests.dir/test/integration/global_navigation.cpp.o[0m
[7.400s] [ 80%] [32mBuilding CXX object CMakeFiles/px4_ros2_cpp_unit_tests.dir/test/unit/main.cpp.o[0m
[7.400s] [ 80%] [32mBuilding CXX object CMakeFiles/px4_ros2_cpp_unit_tests.dir/test/unit/global_navigation.cpp.o[0m
[7.400s] [ 80%] [32mBuilding CXX object CMakeFiles/integration_tests.dir/test/integration/mode.cpp.o[0m
[7.400s] [ 80%] [32mBuilding CXX object CMakeFiles/integration_tests.dir/test/integration/mission.cpp.o[0m
[7.400s] [ 80%] [32mBuilding CXX object CMakeFiles/integration_tests.dir/test/integration/arming_check.cpp.o[0m
[7.400s] [ 80%] [32mBuilding CXX object CMakeFiles/integration_tests.dir/test/integration/mode_executor.cpp.o[0m
[7.401s] [ 81%] [32mBuilding CXX object CMakeFiles/px4_ros2_cpp_unit_tests.dir/test/unit/mission_execution.cpp.o[0m
[7.401s] [ 83%] [32mBuilding CXX object CMakeFiles/px4_ros2_cpp_unit_tests.dir/test/unit/local_navigation.cpp.o[0m
[7.402s] [ 84%] [32mBuilding CXX object CMakeFiles/integration_tests.dir/test/integration/home_position_setter.cpp.o[0m
[7.403s] [ 85%] [32mBuilding CXX object CMakeFiles/px4_ros2_cpp_unit_tests.dir/test/unit/modes.cpp.o[0m
[7.429s] [ 88%] [32mBuilding CXX object CMakeFiles/px4_ros2_cpp_unit_tests.dir/test/unit/shared_subscription.cpp.o[0m
[7.429s] [ 88%] [32mBuilding CXX object CMakeFiles/integration_tests.dir/test/integration/overrides.cpp.o[0m
[7.433s] [ 91%] [32mBuilding CXX object CMakeFiles/px4_ros2_cpp_unit_tests.dir/test/unit/utils/frame_conversion.cpp.o[0m
[7.433s] [ 91%] [32mBuilding CXX object CMakeFiles/px4_ros2_cpp_unit_tests.dir/test/unit/vehicle_command_sender.cpp.o[0m
[7.434s] [ 92%] [32mBuilding CXX object CMakeFiles/px4_ros2_cpp_unit_tests.dir/test/unit/vtol.cpp.o[0m
[7.435s] [ 94%] [32mBuilding CXX object CMakeFiles/px4_ros2_cpp_unit_tests.dir/test/unit/utils/geodesic.cpp.o[0m
[7.439s] [ 95%] [32mBuilding CXX object CMakeFiles/px4_ros2_cpp_unit_tests.dir/test/unit/utils/geometry.cpp.o[0m
[7.449s] [ 97%] [32mBuilding CXX object CMakeFiles/px4_ros2_cpp_unit_tests.dir/test/unit/utils/map_projection_impl.cpp.o[0m
[7.464s] [ 98%] [32m[1mLinking CXX executable integration_tests[0m
[7.472s] [100%] [32m[1mLinking CXX executable px4_ros2_cpp_unit_tests[0m
[9.504s] [100%] Built target integration_tests
[10.097s] [100%] Built target px4_ros2_cpp_unit_tests
[10.109s] Invoked command in '/home/rudra/custom_flightmode/build/px4_ros2_cpp' returned '0': AMENT_PREFIX_PATH=/home/rudra/custom_flightmode/install/px4_msgs:${AMENT_PREFIX_PATH} CMAKE_PREFIX_PATH=/home/rudra/custom_flightmode/install/px4_msgs:/home/rudra/ros2_ws/install/talker_listener:/home/rudra/ros2_ws/install/first_pkg:/opt/ros/humble LD_LIBRARY_PATH=/home/rudra/custom_flightmode/install/px4_msgs/lib:${LD_LIBRARY_PATH} PYTHONPATH=/home/rudra/custom_flightmode/install/px4_msgs/local/lib/python3.10/dist-packages:${PYTHONPATH} /usr/bin/cmake --build /home/rudra/custom_flightmode/build/px4_ros2_cpp -- -j12 -l12
[10.110s] Invoking command in '/home/rudra/custom_flightmode/build/px4_ros2_cpp': AMENT_PREFIX_PATH=/home/rudra/custom_flightmode/install/px4_msgs:${AMENT_PREFIX_PATH} CMAKE_PREFIX_PATH=/home/rudra/custom_flightmode/install/px4_msgs:/home/rudra/ros2_ws/install/talker_listener:/home/rudra/ros2_ws/install/first_pkg:/opt/ros/humble LD_LIBRARY_PATH=/home/rudra/custom_flightmode/install/px4_msgs/lib:${LD_LIBRARY_PATH} PYTHONPATH=/home/rudra/custom_flightmode/install/px4_msgs/local/lib/python3.10/dist-packages:${PYTHONPATH} /usr/bin/cmake --install /home/rudra/custom_flightmode/build/px4_ros2_cpp
[10.116s] -- Install configuration: ""
[10.117s] -- Installing: /home/rudra/custom_flightmode/install/px4_ros2_cpp/share/px4_ros2_cpp/environment/library_path.sh
[10.117s] -- Installing: /home/rudra/custom_flightmode/install/px4_ros2_cpp/share/px4_ros2_cpp/environment/library_path.dsv
[10.117s] -- Installing: /home/rudra/custom_flightmode/install/px4_ros2_cpp/include/px4_ros2
[10.117s] -- Installing: /home/rudra/custom_flightmode/install/px4_ros2_cpp/include/px4_ros2/vehicle_state
[10.117s] -- Installing: /home/rudra/custom_flightmode/install/px4_ros2_cpp/include/px4_ros2/vehicle_state/home_position_setter.hpp
[10.117s] -- Installing: /home/rudra/custom_flightmode/install/px4_ros2_cpp/include/px4_ros2/vehicle_state/home_position.hpp
[10.117s] -- Installing: /home/rudra/custom_flightmode/install/px4_ros2_cpp/include/px4_ros2/vehicle_state/groups.dox
[10.117s] -- Installing: /home/rudra/custom_flightmode/install/px4_ros2_cpp/include/px4_ros2/vehicle_state/vtol_status.hpp
[10.118s] -- Installing: /home/rudra/custom_flightmode/install/px4_ros2_cpp/include/px4_ros2/vehicle_state/vehicle_status.hpp
[10.118s] -- Installing: /home/rudra/custom_flightmode/install/px4_ros2_cpp/include/px4_ros2/vehicle_state/land_detected.hpp
[10.118s] -- Installing: /home/rudra/custom_flightmode/install/px4_ros2_cpp/include/px4_ros2/vehicle_state/battery.hpp
[10.118s] -- Installing: /home/rudra/custom_flightmode/install/px4_ros2_cpp/include/px4_ros2/navigation
[10.118s] -- Installing: /home/rudra/custom_flightmode/install/px4_ros2_cpp/include/px4_ros2/navigation/groups.dox
[10.118s] -- Installing: /home/rudra/custom_flightmode/install/px4_ros2_cpp/include/px4_ros2/navigation/experimental
[10.118s] -- Installing: /home/rudra/custom_flightmode/install/px4_ros2_cpp/include/px4_ros2/navigation/experimental/local_position_measurement_interface.hpp
[10.118s] -- Installing: /home/rudra/custom_flightmode/install/px4_ros2_cpp/include/px4_ros2/navigation/experimental/navigation_interface_base.hpp
[10.119s] -- Installing: /home/rudra/custom_flightmode/install/px4_ros2_cpp/include/px4_ros2/navigation/experimental/global_position_measurement_interface.hpp
[10.119s] -- Installing: /home/rudra/custom_flightmode/install/px4_ros2_cpp/include/px4_ros2/third_party
[10.119s] -- Installing: /home/rudra/custom_flightmode/install/px4_ros2_cpp/include/px4_ros2/third_party/nlohmann
[10.119s] -- Installing: /home/rudra/custom_flightmode/install/px4_ros2_cpp/include/px4_ros2/third_party/nlohmann/json_fwd.hpp
[10.119s] -- Installing: /home/rudra/custom_flightmode/install/px4_ros2_cpp/include/px4_ros2/third_party/nlohmann/json.hpp
[10.120s] -- Installing: /home/rudra/custom_flightmode/install/px4_ros2_cpp/include/px4_ros2/control
[10.121s] -- Installing: /home/rudra/custom_flightmode/install/px4_ros2_cpp/include/px4_ros2/control/peripheral_actuators.hpp
[10.121s] -- Installing: /home/rudra/custom_flightmode/install/px4_ros2_cpp/include/px4_ros2/control/groups.dox
[10.121s] -- Installing: /home/rudra/custom_flightmode/install/px4_ros2_cpp/include/px4_ros2/control/vtol.hpp
[10.121s] -- Installing: /home/rudra/custom_flightmode/install/px4_ros2_cpp/include/px4_ros2/control/setpoint_types
[10.121s] -- Installing: /home/rudra/custom_flightmode/install/px4_ros2_cpp/include/px4_ros2/control/setpoint_types/direct_actuators.hpp
[10.121s] -- Installing: /home/rudra/custom_flightmode/install/px4_ros2_cpp/include/px4_ros2/control/setpoint_types/multicopter
[10.121s] -- Installing: /home/rudra/custom_flightmode/install/px4_ros2_cpp/include/px4_ros2/control/setpoint_types/multicopter/goto.hpp
[10.121s] -- Installing: /home/rudra/custom_flightmode/install/px4_ros2_cpp/include/px4_ros2/control/setpoint_types/groups.dox
[10.121s] -- Installing: /home/rudra/custom_flightmode/install/px4_ros2_cpp/include/px4_ros2/control/setpoint_types/fixedwing
[10.121s] -- Installing: /home/rudra/custom_flightmode/install/px4_ros2_cpp/include/px4_ros2/control/setpoint_types/fixedwing/lateral_longitudinal.hpp
[10.122s] -- Installing: /home/rudra/custom_flightmode/install/px4_ros2_cpp/include/px4_ros2/control/setpoint_types/experimental
[10.122s] -- Installing: /home/rudra/custom_flightmode/install/px4_ros2_cpp/include/px4_ros2/control/setpoint_types/experimental/rover
[10.122s] -- Installing: /home/rudra/custom_flightmode/install/px4_ros2_cpp/include/px4_ros2/control/setpoint_types/experimental/rover/throttle_steering.hpp
[10.122s] -- Installing: /home/rudra/custom_flightmode/install/px4_ros2_cpp/include/px4_ros2/control/setpoint_types/experimental/rover/position.hpp
[10.122s] -- Installing: /home/rudra/custom_flightmode/install/px4_ros2_cpp/include/px4_ros2/control/setpoint_types/experimental/rover/throttle_rate.hpp
[10.122s] -- Installing: /home/rudra/custom_flightmode/install/px4_ros2_cpp/include/px4_ros2/control/setpoint_types/experimental/rover/speed_attitude.hpp
[10.122s] -- Installing: /home/rudra/custom_flightmode/install/px4_ros2_cpp/include/px4_ros2/control/setpoint_types/experimental/rover/speed_steering.hpp
[10.123s] -- Installing: /home/rudra/custom_flightmode/install/px4_ros2_cpp/include/px4_ros2/control/setpoint_types/experimental/rover/speed_rate.hpp
[10.123s] -- Installing: /home/rudra/custom_flightmode/install/px4_ros2_cpp/include/px4_ros2/control/setpoint_types/experimental/rover/throttle_attitude.hpp
[10.123s] -- Installing: /home/rudra/custom_flightmode/install/px4_ros2_cpp/include/px4_ros2/control/setpoint_types/experimental/rates.hpp
[10.123s] -- Installing: /home/rudra/custom_flightmode/install/px4_ros2_cpp/include/px4_ros2/control/setpoint_types/experimental/trajectory.hpp
[10.123s] -- Installing: /home/rudra/custom_flightmode/install/px4_ros2_cpp/include/px4_ros2/control/setpoint_types/experimental/attitude.hpp
[10.123s] -- Installing: /home/rudra/custom_flightmode/install/px4_ros2_cpp/include/px4_ros2/components
[10.123s] -- Installing: /home/rudra/custom_flightmode/install/px4_ros2_cpp/include/px4_ros2/components/wait_for_fmu.hpp
[10.123s] -- Installing: /home/rudra/custom_flightmode/install/px4_ros2_cpp/include/px4_ros2/components/overrides.hpp
[10.124s] -- Installing: /home/rudra/custom_flightmode/install/px4_ros2_cpp/include/px4_ros2/components/mode.hpp
[10.124s] -- Installing: /home/rudra/custom_flightmode/install/px4_ros2_cpp/include/px4_ros2/components/node_with_mode.hpp
[10.124s] -- Installing: /home/rudra/custom_flightmode/install/px4_ros2_cpp/include/px4_ros2/components/groups.dox
[10.124s] -- Installing: /home/rudra/custom_flightmode/install/px4_ros2_cpp/include/px4_ros2/components/health_and_arming_checks.hpp
[10.124s] -- Installing: /home/rudra/custom_flightmode/install/px4_ros2_cpp/include/px4_ros2/components/message_compatibility_check.hpp
[10.124s] -- Installing: /home/rudra/custom_flightmode/install/px4_ros2_cpp/include/px4_ros2/components/mode_executor.hpp
[10.124s] -- Installing: /home/rudra/custom_flightmode/install/px4_ros2_cpp/include/px4_ros2/components/shared_subscription.hpp
[10.125s] -- Installing: /home/rudra/custom_flightmode/install/px4_ros2_cpp/include/px4_ros2/components/manual_control_input.hpp
[10.125s] -- Installing: /home/rudra/custom_flightmode/install/px4_ros2_cpp/include/px4_ros2/components/events.hpp
[10.125s] -- Installing: /home/rudra/custom_flightmode/install/px4_ros2_cpp/include/px4_ros2/mission
[10.125s] -- Installing: /home/rudra/custom_flightmode/install/px4_ros2_cpp/include/px4_ros2/mission/mission_executor.hpp
[10.125s] -- Installing: /home/rudra/custom_flightmode/install/px4_ros2_cpp/include/px4_ros2/mission/mission.hpp
[10.125s] -- Installing: /home/rudra/custom_flightmode/install/px4_ros2_cpp/include/px4_ros2/mission/trajectory
[10.125s] -- Installing: /home/rudra/custom_flightmode/install/px4_ros2_cpp/include/px4_ros2/mission/trajectory/multicopter
[10.125s] -- Installing: /home/rudra/custom_flightmode/install/px4_ros2_cpp/include/px4_ros2/mission/trajectory/multicopter/groups.dox
[10.125s] -- Installing: /home/rudra/custom_flightmode/install/px4_ros2_cpp/include/px4_ros2/mission/trajectory/multicopter/waypoint_trajectory_executor.hpp
[10.126s] -- Installing: /home/rudra/custom_flightmode/install/px4_ros2_cpp/include/px4_ros2/mission/trajectory/trajectory_executor.hpp
[10.126s] -- Installing: /home/rudra/custom_flightmode/install/px4_ros2_cpp/include/px4_ros2/mission/groups.dox
[10.126s] -- Installing: /home/rudra/custom_flightmode/install/px4_ros2_cpp/include/px4_ros2/mission/actions
[10.126s] -- Installing: /home/rudra/custom_flightmode/install/px4_ros2_cpp/include/px4_ros2/mission/actions/action.hpp
[10.126s] -- Installing: /home/rudra/custom_flightmode/install/px4_ros2_cpp/include/px4_ros2/mission/actions/default_actions.hpp
[10.126s] -- Installing: /home/rudra/custom_flightmode/install/px4_ros2_cpp/include/px4_ros2/mission/actions/groups.dox
[10.126s] -- Installing: /home/rudra/custom_flightmode/install/px4_ros2_cpp/include/px4_ros2/odometry
[10.126s] -- Installing: /home/rudra/custom_flightmode/install/px4_ros2_cpp/include/px4_ros2/odometry/local_position.hpp
[10.127s] -- Installing: /home/rudra/custom_flightmode/install/px4_ros2_cpp/include/px4_ros2/odometry/angular_velocity.hpp
[10.127s] -- Installing: /home/rudra/custom_flightmode/install/px4_ros2_cpp/include/px4_ros2/odometry/global_position.hpp
[10.127s] -- Installing: /home/rudra/custom_flightmode/install/px4_ros2_cpp/include/px4_ros2/odometry/groups.dox
[10.127s] -- Installing: /home/rudra/custom_flightmode/install/px4_ros2_cpp/include/px4_ros2/odometry/attitude.hpp
[10.127s] -- Installing: /home/rudra/custom_flightmode/install/px4_ros2_cpp/include/px4_ros2/odometry/odometry.hpp
[10.127s] -- Installing: /home/rudra/custom_flightmode/install/px4_ros2_cpp/include/px4_ros2/odometry/airspeed.hpp
[10.127s] -- Installing: /home/rudra/custom_flightmode/install/px4_ros2_cpp/include/px4_ros2/utils
[10.128s] -- Installing: /home/rudra/custom_flightmode/install/px4_ros2_cpp/include/px4_ros2/utils/message_version.hpp
[10.128s] -- Installing: /home/rudra/custom_flightmode/install/px4_ros2_cpp/include/px4_ros2/utils/frame_conversion.hpp
[10.128s] -- Installing: /home/rudra/custom_flightmode/install/px4_ros2_cpp/include/px4_ros2/utils/groups.dox
[10.128s] -- Installing: /home/rudra/custom_flightmode/install/px4_ros2_cpp/include/px4_ros2/utils/geometry.hpp
[10.128s] -- Installing: /home/rudra/custom_flightmode/install/px4_ros2_cpp/include/px4_ros2/utils/visit.hpp
[10.128s] -- Installing: /home/rudra/custom_flightmode/install/px4_ros2_cpp/include/px4_ros2/utils/geodesic.hpp
[10.128s] -- Installing: /home/rudra/custom_flightmode/install/px4_ros2_cpp/include/px4_ros2/utils/vehicle_command_sender.hpp
[10.128s] -- Installing: /home/rudra/custom_flightmode/install/px4_ros2_cpp/include/px4_ros2/utils/subscription.hpp
[10.129s] -- Installing: /home/rudra/custom_flightmode/install/px4_ros2_cpp/include/px4_ros2/common
[10.129s] -- Installing: /home/rudra/custom_flightmode/install/px4_ros2_cpp/include/px4_ros2/common/setpoint_base.hpp
[10.129s] -- Installing: /home/rudra/custom_flightmode/install/px4_ros2_cpp/include/px4_ros2/common/requirement_flags.hpp
[10.129s] -- Installing: /home/rudra/custom_flightmode/install/px4_ros2_cpp/include/px4_ros2/common/context.hpp
[10.129s] -- Installing: /home/rudra/custom_flightmode/install/px4_ros2_cpp/include/px4_ros2/common/frame.hpp
[10.129s] -- Installing: /home/rudra/custom_flightmode/install/px4_ros2_cpp/include/px4_ros2/common/exception.hpp
[10.129s] -- Installing: /home/rudra/custom_flightmode/install/px4_ros2_cpp/lib/libpx4_ros2_cpp.so
[10.232s] -- Set runtime path of "/home/rudra/custom_flightmode/install/px4_ros2_cpp/lib/libpx4_ros2_cpp.so" to ""
[10.232s] -- Installing: /home/rudra/custom_flightmode/install/px4_ros2_cpp/share/ament_index/resource_index/package_run_dependencies/px4_ros2_cpp
[10.233s] -- Installing: /home/rudra/custom_flightmode/install/px4_ros2_cpp/share/ament_index/resource_index/parent_prefix_path/px4_ros2_cpp
[10.233s] -- Installing: /home/rudra/custom_flightmode/install/px4_ros2_cpp/share/px4_ros2_cpp/environment/ament_prefix_path.sh
[10.233s] -- Installing: /home/rudra/custom_flightmode/install/px4_ros2_cpp/share/px4_ros2_cpp/environment/ament_prefix_path.dsv
[10.233s] -- Installing: /home/rudra/custom_flightmode/install/px4_ros2_cpp/share/px4_ros2_cpp/environment/path.sh
[10.233s] -- Installing: /home/rudra/custom_flightmode/install/px4_ros2_cpp/share/px4_ros2_cpp/environment/path.dsv
[10.233s] -- Installing: /home/rudra/custom_flightmode/install/px4_ros2_cpp/share/px4_ros2_cpp/local_setup.bash
[10.233s] -- Installing: /home/rudra/custom_flightmode/install/px4_ros2_cpp/share/px4_ros2_cpp/local_setup.sh
[10.233s] -- Installing: /home/rudra/custom_flightmode/install/px4_ros2_cpp/share/px4_ros2_cpp/local_setup.zsh
[10.234s] -- Installing: /home/rudra/custom_flightmode/install/px4_ros2_cpp/share/px4_ros2_cpp/local_setup.dsv
[10.234s] -- Installing: /home/rudra/custom_flightmode/install/px4_ros2_cpp/share/px4_ros2_cpp/package.dsv
[10.234s] -- Installing: /home/rudra/custom_flightmode/install/px4_ros2_cpp/share/ament_index/resource_index/packages/px4_ros2_cpp
[10.234s] -- Installing: /home/rudra/custom_flightmode/install/px4_ros2_cpp/share/px4_ros2_cpp/cmake/px4_ros2_cppExport.cmake
[10.234s] -- Installing: /home/rudra/custom_flightmode/install/px4_ros2_cpp/share/px4_ros2_cpp/cmake/px4_ros2_cppExport-noconfig.cmake
[10.234s] -- Installing: /home/rudra/custom_flightmode/install/px4_ros2_cpp/share/px4_ros2_cpp/cmake/ament_cmake_export_targets-extras.cmake
[10.234s] -- Installing: /home/rudra/custom_flightmode/install/px4_ros2_cpp/share/px4_ros2_cpp/cmake/ament_cmake_export_dependencies-extras.cmake
[10.235s] -- Installing: /home/rudra/custom_flightmode/install/px4_ros2_cpp/share/px4_ros2_cpp/cmake/px4_ros2_cppConfig.cmake
[10.235s] -- Installing: /home/rudra/custom_flightmode/install/px4_ros2_cpp/share/px4_ros2_cpp/cmake/px4_ros2_cppConfig-version.cmake
[10.235s] -- Installing: /home/rudra/custom_flightmode/install/px4_ros2_cpp/share/px4_ros2_cpp/package.xml
[10.237s] Invoked command in '/home/rudra/custom_flightmode/build/px4_ros2_cpp' returned '0': AMENT_PREFIX_PATH=/home/rudra/custom_flightmode/install/px4_msgs:${AMENT_PREFIX_PATH} CMAKE_PREFIX_PATH=/home/rudra/custom_flightmode/install/px4_msgs:/home/rudra/ros2_ws/install/talker_listener:/home/rudra/ros2_ws/install/first_pkg:/opt/ros/humble LD_LIBRARY_PATH=/home/rudra/custom_flightmode/install/px4_msgs/lib:${LD_LIBRARY_PATH} PYTHONPATH=/home/rudra/custom_flightmode/install/px4_msgs/local/lib/python3.10/dist-packages:${PYTHONPATH} /usr/bin/cmake --install /home/rudra/custom_flightmode/build/px4_ros2_cpp
