[0.016s] Invoking command in '/home/rudra/custom_flightmode/build/draw_flight_mode': AMENT_PREFIX_PATH=/home/rudra/custom_flightmode/install/px4_ros2_cpp:/home/rudra/custom_flightmode/install/px4_msgs:${AMENT_PREFIX_PATH} CMAKE_PREFIX_PATH=/home/rudra/custom_flightmode/install/px4_ros2_cpp:/home/rudra/custom_flightmode/install/px4_msgs:/home/rudra/ros2_ws/install/talker_listener:/home/rudra/ros2_ws/install/first_pkg:/opt/ros/humble LD_LIBRARY_PATH=/home/rudra/custom_flightmode/install/px4_ros2_cpp/lib:/home/rudra/custom_flightmode/install/px4_msgs/lib:${LD_LIBRARY_PATH} PYTHONPATH=/home/rudra/custom_flightmode/install/px4_msgs/local/lib/python3.10/dist-packages:${PYTHONPATH} /usr/bin/cmake /home/rudra/custom_flightmode/src/px4_ros2_custom_flight_mode-main -DAMENT_CMAKE_SYMLINK_INSTALL=1 -DCMAKE_INSTALL_PREFIX=/home/rudra/custom_flightmode/install/draw_flight_mode
[0.031s] -- Found eigen3_cmake_module: 0.1.1 (/opt/ros/humble/share/eigen3_cmake_module/cmake)
[0.033s] -- Found ament_cmake: 1.3.14 (/opt/ros/humble/share/ament_cmake/cmake)
[0.184s] -- Override CMake install command with custom implementation using symlinks instead of copying resources
[0.201s] -- Found rclcpp: 16.0.19 (/opt/ros/humble/share/rclcpp/cmake)
[0.243s] -- Found rosidl_generator_c: 3.1.9 (/opt/ros/humble/share/rosidl_generator_c/cmake)
[0.246s] -- Found rosidl_adapter: 3.1.9 (/opt/ros/humble/share/rosidl_adapter/cmake)
[0.255s] -- Found rosidl_generator_cpp: 3.1.9 (/opt/ros/humble/share/rosidl_generator_cpp/cmake)
[0.268s] -- Using all available rosidl_typesupport_c: rosidl_typesupport_fastrtps_c;rosidl_typesupport_introspection_c
[0.284s] -- Using all available rosidl_typesupport_cpp: rosidl_typesupport_fastrtps_cpp;rosidl_typesupport_introspection_cpp
[0.328s] -- Found rmw_implementation_cmake: 6.1.2 (/opt/ros/humble/share/rmw_implementation_cmake/cmake)
[0.331s] -- Found rmw_fastrtps_cpp: 6.2.10 (/opt/ros/humble/share/rmw_fastrtps_cpp/cmake)
[0.478s] -- Using RMW implementation 'rmw_fastrtps_cpp' as default
[0.546s] -- Found px4_ros2_cpp: 0.0.1 (/home/rudra/custom_flightmode/install/px4_ros2_cpp/share/px4_ros2_cpp/cmake)
[0.565s] -- Found ament_lint_auto: 0.12.15 (/opt/ros/humble/share/ament_lint_auto/cmake)
[0.708s] -- Added test 'copyright' to check source files copyright and LICENSE
[0.709s] -- Added test 'cppcheck' to perform static code analysis on C / C++ code
[0.709s] -- Configured cppcheck include dirs: /home/rudra/custom_flightmode/src/px4_ros2_custom_flight_mode-main/include
[0.709s] -- Configured cppcheck exclude dirs and/or files: 
[0.710s] -- Added test 'cpplint' to check C / C++ code against the Google style
[0.710s] -- Configured cpplint exclude dirs and/or files: 
[0.711s] -- Added test 'lint_cmake' to check CMake code style
[0.712s] -- Added test 'uncrustify' to check C / C++ code style
[0.712s] -- Configured uncrustify additional arguments: 
[0.712s] -- Added test 'xmllint' to check XML markup files
[0.714s] -- Configuring done
[0.729s] -- Generating done
[0.733s] -- Build files have been written to: /home/rudra/custom_flightmode/build/draw_flight_mode
[0.751s] Invoked command in '/home/rudra/custom_flightmode/build/draw_flight_mode' returned '0': AMENT_PREFIX_PATH=/home/rudra/custom_flightmode/install/px4_ros2_cpp:/home/rudra/custom_flightmode/install/px4_msgs:${AMENT_PREFIX_PATH} CMAKE_PREFIX_PATH=/home/rudra/custom_flightmode/install/px4_ros2_cpp:/home/rudra/custom_flightmode/install/px4_msgs:/home/rudra/ros2_ws/install/talker_listener:/home/rudra/ros2_ws/install/first_pkg:/opt/ros/humble LD_LIBRARY_PATH=/home/rudra/custom_flightmode/install/px4_ros2_cpp/lib:/home/rudra/custom_flightmode/install/px4_msgs/lib:${LD_LIBRARY_PATH} PYTHONPATH=/home/rudra/custom_flightmode/install/px4_msgs/local/lib/python3.10/dist-packages:${PYTHONPATH} /usr/bin/cmake /home/rudra/custom_flightmode/src/px4_ros2_custom_flight_mode-main -DAMENT_CMAKE_SYMLINK_INSTALL=1 -DCMAKE_INSTALL_PREFIX=/home/rudra/custom_flightmode/install/draw_flight_mode
[0.752s] Invoking command in '/home/rudra/custom_flightmode/build/draw_flight_mode': AMENT_PREFIX_PATH=/home/rudra/custom_flightmode/install/px4_ros2_cpp:/home/rudra/custom_flightmode/install/px4_msgs:${AMENT_PREFIX_PATH} CMAKE_PREFIX_PATH=/home/rudra/custom_flightmode/install/px4_ros2_cpp:/home/rudra/custom_flightmode/install/px4_msgs:/home/rudra/ros2_ws/install/talker_listener:/home/rudra/ros2_ws/install/first_pkg:/opt/ros/humble LD_LIBRARY_PATH=/home/rudra/custom_flightmode/install/px4_ros2_cpp/lib:/home/rudra/custom_flightmode/install/px4_msgs/lib:${LD_LIBRARY_PATH} PYTHONPATH=/home/rudra/custom_flightmode/install/px4_msgs/local/lib/python3.10/dist-packages:${PYTHONPATH} /usr/bin/cmake --build /home/rudra/custom_flightmode/build/draw_flight_mode -- -j12 -l12
[0.821s] Consolidate compiler generated dependencies of target draw_r
[0.844s] [ 50%] Building CXX object CMakeFiles/draw_r.dir/src/main.cpp.o
[0.884s] [100%] Linking CXX executable draw_r
[3.442s] [100%] Built target draw_r
[3.460s] Invoked command in '/home/rudra/custom_flightmode/build/draw_flight_mode' returned '0': AMENT_PREFIX_PATH=/home/rudra/custom_flightmode/install/px4_ros2_cpp:/home/rudra/custom_flightmode/install/px4_msgs:${AMENT_PREFIX_PATH} CMAKE_PREFIX_PATH=/home/rudra/custom_flightmode/install/px4_ros2_cpp:/home/rudra/custom_flightmode/install/px4_msgs:/home/rudra/ros2_ws/install/talker_listener:/home/rudra/ros2_ws/install/first_pkg:/opt/ros/humble LD_LIBRARY_PATH=/home/rudra/custom_flightmode/install/px4_ros2_cpp/lib:/home/rudra/custom_flightmode/install/px4_msgs/lib:${LD_LIBRARY_PATH} PYTHONPATH=/home/rudra/custom_flightmode/install/px4_msgs/local/lib/python3.10/dist-packages:${PYTHONPATH} /usr/bin/cmake --build /home/rudra/custom_flightmode/build/draw_flight_mode -- -j12 -l12
[3.475s] Invoking command in '/home/rudra/custom_flightmode/build/draw_flight_mode': AMENT_PREFIX_PATH=/home/rudra/custom_flightmode/install/px4_ros2_cpp:/home/rudra/custom_flightmode/install/px4_msgs:${AMENT_PREFIX_PATH} CMAKE_PREFIX_PATH=/home/rudra/custom_flightmode/install/px4_ros2_cpp:/home/rudra/custom_flightmode/install/px4_msgs:/home/rudra/ros2_ws/install/talker_listener:/home/rudra/ros2_ws/install/first_pkg:/opt/ros/humble LD_LIBRARY_PATH=/home/rudra/custom_flightmode/install/px4_ros2_cpp/lib:/home/rudra/custom_flightmode/install/px4_msgs/lib:${LD_LIBRARY_PATH} PYTHONPATH=/home/rudra/custom_flightmode/install/px4_msgs/local/lib/python3.10/dist-packages:${PYTHONPATH} /usr/bin/cmake --install /home/rudra/custom_flightmode/build/draw_flight_mode
[3.486s] -- Install configuration: ""
[3.487s] -- Execute custom install script
[3.487s] -- Symlinking: /home/rudra/custom_flightmode/install/draw_flight_mode/lib/draw_flight_mode/draw_r
[3.501s] -- Symlinking: /home/rudra/custom_flightmode/install/draw_flight_mode/share/ament_index/resource_index/package_run_dependencies/draw_flight_mode
[3.513s] -- Symlinking: /home/rudra/custom_flightmode/install/draw_flight_mode/share/ament_index/resource_index/parent_prefix_path/draw_flight_mode
[3.527s] -- Symlinking: /home/rudra/custom_flightmode/install/draw_flight_mode/share/draw_flight_mode/environment/ament_prefix_path.sh
[3.539s] -- Symlinking: /home/rudra/custom_flightmode/install/draw_flight_mode/share/draw_flight_mode/environment/ament_prefix_path.dsv
[3.552s] -- Symlinking: /home/rudra/custom_flightmode/install/draw_flight_mode/share/draw_flight_mode/environment/path.sh
[3.565s] -- Symlinking: /home/rudra/custom_flightmode/install/draw_flight_mode/share/draw_flight_mode/environment/path.dsv
[3.579s] -- Symlinking: /home/rudra/custom_flightmode/install/draw_flight_mode/share/draw_flight_mode/local_setup.bash
[3.592s] -- Symlinking: /home/rudra/custom_flightmode/install/draw_flight_mode/share/draw_flight_mode/local_setup.sh
[3.605s] -- Symlinking: /home/rudra/custom_flightmode/install/draw_flight_mode/share/draw_flight_mode/local_setup.zsh
[3.617s] -- Symlinking: /home/rudra/custom_flightmode/install/draw_flight_mode/share/draw_flight_mode/local_setup.dsv
[3.631s] -- Symlinking: /home/rudra/custom_flightmode/install/draw_flight_mode/share/draw_flight_mode/package.dsv
[3.644s] -- Symlinking: /home/rudra/custom_flightmode/install/draw_flight_mode/share/ament_index/resource_index/packages/draw_flight_mode
[3.656s] -- Symlinking: /home/rudra/custom_flightmode/install/draw_flight_mode/share/draw_flight_mode/cmake/draw_flight_modeConfig.cmake
[3.669s] -- Symlinking: /home/rudra/custom_flightmode/install/draw_flight_mode/share/draw_flight_mode/cmake/draw_flight_modeConfig-version.cmake
[3.682s] -- Symlinking: /home/rudra/custom_flightmode/install/draw_flight_mode/share/draw_flight_mode/package.xml
[3.698s] Invoked command in '/home/rudra/custom_flightmode/build/draw_flight_mode' returned '0': AMENT_PREFIX_PATH=/home/rudra/custom_flightmode/install/px4_ros2_cpp:/home/rudra/custom_flightmode/install/px4_msgs:${AMENT_PREFIX_PATH} CMAKE_PREFIX_PATH=/home/rudra/custom_flightmode/install/px4_ros2_cpp:/home/rudra/custom_flightmode/install/px4_msgs:/home/rudra/ros2_ws/install/talker_listener:/home/rudra/ros2_ws/install/first_pkg:/opt/ros/humble LD_LIBRARY_PATH=/home/rudra/custom_flightmode/install/px4_ros2_cpp/lib:/home/rudra/custom_flightmode/install/px4_msgs/lib:${LD_LIBRARY_PATH} PYTHONPATH=/home/rudra/custom_flightmode/install/px4_msgs/local/lib/python3.10/dist-packages:${PYTHONPATH} /usr/bin/cmake --install /home/rudra/custom_flightmode/build/draw_flight_mode
