[0.000000] (-) TimerEvent: {}
[0.000097] (-) JobUnselected: {'identifier': 'example_executor_with_multiple_modes_cpp'}
[0.000305] (-) JobUnselected: {'identifier': 'example_global_navigation_cpp'}
[0.000598] (-) JobUnselected: {'identifier': 'example_local_navigation_cpp'}
[0.000784] (-) JobUnselected: {'identifier': 'example_mode_fw_attitude_cpp'}
[0.001005] (-) JobUnselected: {'identifier': 'example_mode_goto_cpp'}
[0.001059] (-) JobUnselected: {'identifier': 'example_mode_goto_global_cpp'}
[0.001100] (-) JobUnselected: {'identifier': 'example_mode_goto_py'}
[0.001140] (-) JobUnselected: {'identifier': 'example_mode_manual_cpp'}
[0.001177] (-) JobUnselected: {'identifier': 'example_mode_mission_cpp'}
[0.001236] (-) JobUnselected: {'identifier': 'example_mode_rtl_replacement_cpp'}
[0.001258] (-) JobUnselected: {'identifier': 'example_mode_vtol_cpp'}
[0.001296] (-) JobUnselected: {'identifier': 'example_mode_with_executor_cpp'}
[0.001318] (-) JobUnselected: {'identifier': 'example_mode_with_rclpy_py'}
[0.001375] (-) JobUnselected: {'identifier': 'example_rover_velocity_mode_cpp'}
[0.001490] (-) JobUnselected: {'identifier': 'px4_msgs'}
[0.001513] (-) JobUnselected: {'identifier': 'px4_ros2_cpp'}
[0.001539] (-) JobUnselected: {'identifier': 'px4_ros2_py'}
[0.001582] (draw_flight_mode) JobQueued: {'identifier': 'draw_flight_mode', 'dependencies': OrderedDict([('px4_msgs', '/home/rudra/custom_flightmode/install/px4_msgs'), ('px4_ros2_cpp', '/home/rudra/custom_flightmode/install/px4_ros2_cpp')])}
[0.001623] (draw_flight_mode) JobStarted: {'identifier': 'draw_flight_mode'}
[0.015868] (draw_flight_mode) JobProgress: {'identifier': 'draw_flight_mode', 'progress': 'cmake'}
[0.017091] (draw_flight_mode) Command: {'cmd': ['/usr/bin/cmake', '/home/rudra/custom_flightmode/src/px4_ros2_custom_flight_mode-main', '-DAMENT_CMAKE_SYMLINK_INSTALL=1', '-DCMAKE_INSTALL_PREFIX=/home/rudra/custom_flightmode/install/draw_flight_mode'], 'cwd': '/home/rudra/custom_flightmode/build/draw_flight_mode', 'env': OrderedDict([('GJS_DEBUG_TOPICS', 'JS ERROR;JS LOG'), ('LESSOPEN', '| /usr/bin/lesspipe %s'), ('VSCODE_CWD', '/home/rudra'), ('LANGUAGE', 'en_IN:en'), ('USER', 'rudra'), ('VSCODE_NLS_CONFIG', '{"userLocale":"en-gb","osLocale":"en-in","resolvedLanguage":"en","defaultMessagesFile":"/usr/share/antigravity/resources/app/out/nls.messages.json","locale":"en-gb","availableLanguages":{}}'), ('XDG_SESSION_TYPE', 'x11'), ('SHLVL', '0'), ('LD_LIBRARY_PATH', '/home/rudra/custom_flightmode/install/px4_ros2_cpp/lib:/home/rudra/custom_flightmode/install/px4_msgs/lib:/opt/ros/humble/opt/rviz_ogre_vendor/lib:/opt/ros/humble/lib/x86_64-linux-gnu:/opt/ros/humble/lib'), ('HOME', '/home/rudra'), ('CHROME_DESKTOP', 'antigravity.desktop'), ('DESKTOP_SESSION', 'ubuntu'), ('NVM_BIN', '/home/rudra/.nvm/versions/node/v24.16.0/bin'), ('NVM_INC', '/home/rudra/.nvm/versions/node/v24.16.0/include/node'), ('VSCODE_IPC_HOOK', '/run/user/1000/vscode-386ead39-1.10-main.sock'), ('GIO_LAUNCHED_DESKTOP_FILE', '/usr/share/applications/antigravity.desktop'), ('ROS_PYTHON_VERSION', '3'), ('GNOME_SHELL_SESSION_MODE', 'ubuntu'), ('GTK_MODULES', 'gail:atk-bridge'), ('PAGER', 'cat'), ('MANAGERPID', '2061'), ('SYSTEMD_EXEC_PID', '2363'), ('DBUS_SESSION_BUS_ADDRESS', 'unix:path=/run/user/1000/bus'), ('ANTIGRAVITY_AGENT', '1'), ('GIO_LAUNCHED_DESKTOP_FILE_PID', '5242'), ('NVM_DIR', '/home/rudra/.nvm'), ('COLCON_PREFIX_PATH', '/home/rudra/ros2_ws/install'), ('ROS_DISTRO', 'humble'), ('GTK_IM_MODULE', 'ibus'), ('LOGNAME', 'rudra'), ('JOURNAL_STREAM', '8:17777'), ('_', '/usr/bin/colcon'), ('ROS_VERSION', '2'), ('XDG_SESSION_CLASS', 'user'), ('USERNAME', 'rudra'), ('TERM', 'dumb'), ('GNOME_DESKTOP_SESSION_ID', 'this-is-deprecated'), ('FC_FONTATIONS', '1'), ('ROS_LOCALHOST_ONLY', '0'), ('WINDOWPATH', '2'), ('ANTIGRAVITY_EDITOR_APP_ROOT', '/usr/share/antigravity/resources/app'), ('PATH', '/usr/lib/ccache:/home/rudra/ardupilot/Tools/autotest:/opt/gcc-arm-none-eabi-10-2020-q4-major/bin:/home/rudra/.local/bin:/home/rudra/.nvm/versions/node/v24.16.0/bin:/opt/ros/humble/bin:/usr/lib/ccache:/home/rudra/ardupilot/Tools/autotest:/opt/gcc-arm-none-eabi-10-2020-q4-major/bin:/home/rudra/.local/bin:/usr/local/sbin:/usr/local/bin:/usr/sbin:/usr/bin:/sbin:/bin:/usr/games:/usr/local/games:/snap/bin:/snap/bin:/opt/xtensa-esp-elf/bin/'), ('SESSION_MANAGER', 'local/victus:@/tmp/.ICE-unix/2336,unix/victus:/tmp/.ICE-unix/2336'), ('INVOCATION_ID', 'ebe2c31ed1864c319958f917e1e8b942'), ('XDG_MENU_PREFIX', 'gnome-'), ('XDG_RUNTIME_DIR', '/run/user/1000'), ('GDK_BACKEND', 'x11'), ('DISPLAY', ':1'), ('LANG', 'en_US.UTF-8'), ('XDG_CURRENT_DESKTOP', 'ubuntu:GNOME'), ('XMODIFIERS', '@im=ibus'), ('XDG_SESSION_DESKTOP', 'ubuntu'), ('XAUTHORITY', '/run/user/1000/gdm/Xauthority'), ('LS_COLORS', ''), ('SSH_AGENT_LAUNCHER', 'gnome-keyring'), ('SSH_AUTH_SOCK', '/run/user/1000/keyring/ssh'), ('AMENT_PREFIX_PATH', '/home/rudra/custom_flightmode/install/px4_ros2_cpp:/home/rudra/custom_flightmode/install/px4_msgs:/home/rudra/ros2_ws/install/talker_listener:/home/rudra/ros2_ws/install/first_pkg:/opt/ros/humble'), ('SHELL', '/bin/bash'), ('QT_ACCESSIBILITY', '1'), ('GDMSESSION', 'ubuntu'), ('LESSCLOSE', '/usr/bin/lesspipe %s %s'), ('GPG_AGENT_INFO', '/run/user/1000/gnupg/S.gpg-agent:0:1'), ('GJS_DEBUG_OUTPUT', 'stderr'), ('QT_IM_MODULE', 'ibus'), ('ANTIGRAVITY_TRAJECTORY_ID', 'ba170265-d607-4bcb-80b7-7ccfd0153965'), ('PWD', '/home/rudra/custom_flightmode/build/draw_flight_mode'), ('LC_ALL', 'en_US.UTF-8'), ('XDG_CONFIG_DIRS', '/etc/xdg/xdg-ubuntu:/etc/xdg'), ('VSCODE_CODE_CACHE_PATH', '/home/rudra/.config/Antigravity/CachedData/15487b3041e65228cae24980a3f796c905ef582c'), ('NVM_CD_FLAGS', ''), ('XDG_DATA_DIRS', '/usr/share/ubuntu:/usr/share/gnome:/usr/local/share/:/usr/share/:/var/lib/snapd/desktop'), ('PYTHONPATH', '/home/rudra/custom_flightmode/install/px4_msgs/local/lib/python3.10/dist-packages:/home/rudra/ros2_ws/install/talker_listener/lib/python3.10/site-packages:/home/rudra/ros2_ws/install/first_pkg/lib/python3.10/site-packages:/opt/ros/humble/lib/python3.10/site-packages:/opt/ros/humble/local/lib/python3.10/dist-packages'), ('COLCON', '1'), ('VSCODE_PID', '5242'), ('CMAKE_PREFIX_PATH', '/home/rudra/custom_flightmode/install/px4_ros2_cpp:/home/rudra/custom_flightmode/install/px4_msgs:/home/rudra/ros2_ws/install/talker_listener:/home/rudra/ros2_ws/install/first_pkg:/opt/ros/humble')]), 'shell': False}
[0.032447] (draw_flight_mode) StdoutLine: {'line': b'-- Found eigen3_cmake_module: 0.1.1 (/opt/ros/humble/share/eigen3_cmake_module/cmake)\n'}
[0.034748] (draw_flight_mode) StdoutLine: {'line': b'-- Found ament_cmake: 1.3.14 (/opt/ros/humble/share/ament_cmake/cmake)\n'}
[0.099594] (-) TimerEvent: {}
[0.185110] (draw_flight_mode) StdoutLine: {'line': b'-- Override CMake install command with custom implementation using symlinks instead of copying resources\n'}
[0.199779] (-) TimerEvent: {}
[0.202738] (draw_flight_mode) StdoutLine: {'line': b'-- Found rclcpp: 16.0.19 (/opt/ros/humble/share/rclcpp/cmake)\n'}
[0.244173] (draw_flight_mode) StdoutLine: {'line': b'-- Found rosidl_generator_c: 3.1.9 (/opt/ros/humble/share/rosidl_generator_c/cmake)\n'}
[0.247108] (draw_flight_mode) StdoutLine: {'line': b'-- Found rosidl_adapter: 3.1.9 (/opt/ros/humble/share/rosidl_adapter/cmake)\n'}
[0.256654] (draw_flight_mode) StdoutLine: {'line': b'-- Found rosidl_generator_cpp: 3.1.9 (/opt/ros/humble/share/rosidl_generator_cpp/cmake)\n'}
[0.269560] (draw_flight_mode) StdoutLine: {'line': b'-- Using all available rosidl_typesupport_c: rosidl_typesupport_fastrtps_c;rosidl_typesupport_introspection_c\n'}
[0.285730] (draw_flight_mode) StdoutLine: {'line': b'-- Using all available rosidl_typesupport_cpp: rosidl_typesupport_fastrtps_cpp;rosidl_typesupport_introspection_cpp\n'}
[0.299889] (-) TimerEvent: {}
[0.329399] (draw_flight_mode) StdoutLine: {'line': b'-- Found rmw_implementation_cmake: 6.1.2 (/opt/ros/humble/share/rmw_implementation_cmake/cmake)\n'}
[0.332209] (draw_flight_mode) StdoutLine: {'line': b'-- Found rmw_fastrtps_cpp: 6.2.10 (/opt/ros/humble/share/rmw_fastrtps_cpp/cmake)\n'}
[0.399998] (-) TimerEvent: {}
[0.479699] (draw_flight_mode) StdoutLine: {'line': b"-- Using RMW implementation 'rmw_fastrtps_cpp' as default\n"}
[0.500136] (-) TimerEvent: {}
[0.547100] (draw_flight_mode) StdoutLine: {'line': b'-- Found px4_ros2_cpp: 0.0.1 (/home/rudra/custom_flightmode/install/px4_ros2_cpp/share/px4_ros2_cpp/cmake)\n'}
[0.566304] (draw_flight_mode) StdoutLine: {'line': b'-- Found ament_lint_auto: 0.12.15 (/opt/ros/humble/share/ament_lint_auto/cmake)\n'}
[0.600239] (-) TimerEvent: {}
[0.700492] (-) TimerEvent: {}
[0.709301] (draw_flight_mode) StdoutLine: {'line': b"-- Added test 'copyright' to check source files copyright and LICENSE\n"}
[0.710235] (draw_flight_mode) StdoutLine: {'line': b"-- Added test 'cppcheck' to perform static code analysis on C / C++ code\n"}
[0.710502] (draw_flight_mode) StdoutLine: {'line': b'-- Configured cppcheck include dirs: /home/rudra/custom_flightmode/src/px4_ros2_custom_flight_mode-main/include\n'}
[0.710659] (draw_flight_mode) StdoutLine: {'line': b'-- Configured cppcheck exclude dirs and/or files: \n'}
[0.711377] (draw_flight_mode) StdoutLine: {'line': b"-- Added test 'cpplint' to check C / C++ code against the Google style\n"}
[0.711470] (draw_flight_mode) StdoutLine: {'line': b'-- Configured cpplint exclude dirs and/or files: \n'}
[0.712100] (draw_flight_mode) StdoutLine: {'line': b"-- Added test 'lint_cmake' to check CMake code style\n"}
[0.713219] (draw_flight_mode) StdoutLine: {'line': b"-- Added test 'uncrustify' to check C / C++ code style\n"}
[0.713342] (draw_flight_mode) StdoutLine: {'line': b'-- Configured uncrustify additional arguments: \n'}
[0.713696] (draw_flight_mode) StdoutLine: {'line': b"-- Added test 'xmllint' to check XML markup files\n"}
[0.715979] (draw_flight_mode) StdoutLine: {'line': b'-- Configuring done\n'}
[0.729923] (draw_flight_mode) StdoutLine: {'line': b'-- Generating done\n'}
[0.734328] (draw_flight_mode) StdoutLine: {'line': b'-- Build files have been written to: /home/rudra/custom_flightmode/build/draw_flight_mode\n'}
[0.752176] (draw_flight_mode) CommandEnded: {'returncode': 0}
[0.753097] (draw_flight_mode) JobProgress: {'identifier': 'draw_flight_mode', 'progress': 'build'}
[0.753868] (draw_flight_mode) Command: {'cmd': ['/usr/bin/cmake', '--build', '/home/rudra/custom_flightmode/build/draw_flight_mode', '--', '-j12', '-l12'], 'cwd': '/home/rudra/custom_flightmode/build/draw_flight_mode', 'env': OrderedDict([('GJS_DEBUG_TOPICS', 'JS ERROR;JS LOG'), ('LESSOPEN', '| /usr/bin/lesspipe %s'), ('VSCODE_CWD', '/home/rudra'), ('LANGUAGE', 'en_IN:en'), ('USER', 'rudra'), ('VSCODE_NLS_CONFIG', '{"userLocale":"en-gb","osLocale":"en-in","resolvedLanguage":"en","defaultMessagesFile":"/usr/share/antigravity/resources/app/out/nls.messages.json","locale":"en-gb","availableLanguages":{}}'), ('XDG_SESSION_TYPE', 'x11'), ('SHLVL', '0'), ('LD_LIBRARY_PATH', '/home/rudra/custom_flightmode/install/px4_ros2_cpp/lib:/home/rudra/custom_flightmode/install/px4_msgs/lib:/opt/ros/humble/opt/rviz_ogre_vendor/lib:/opt/ros/humble/lib/x86_64-linux-gnu:/opt/ros/humble/lib'), ('HOME', '/home/rudra'), ('CHROME_DESKTOP', 'antigravity.desktop'), ('DESKTOP_SESSION', 'ubuntu'), ('NVM_BIN', '/home/rudra/.nvm/versions/node/v24.16.0/bin'), ('NVM_INC', '/home/rudra/.nvm/versions/node/v24.16.0/include/node'), ('VSCODE_IPC_HOOK', '/run/user/1000/vscode-386ead39-1.10-main.sock'), ('GIO_LAUNCHED_DESKTOP_FILE', '/usr/share/applications/antigravity.desktop'), ('ROS_PYTHON_VERSION', '3'), ('GNOME_SHELL_SESSION_MODE', 'ubuntu'), ('GTK_MODULES', 'gail:atk-bridge'), ('PAGER', 'cat'), ('MANAGERPID', '2061'), ('SYSTEMD_EXEC_PID', '2363'), ('DBUS_SESSION_BUS_ADDRESS', 'unix:path=/run/user/1000/bus'), ('ANTIGRAVITY_AGENT', '1'), ('GIO_LAUNCHED_DESKTOP_FILE_PID', '5242'), ('NVM_DIR', '/home/rudra/.nvm'), ('COLCON_PREFIX_PATH', '/home/rudra/ros2_ws/install'), ('ROS_DISTRO', 'humble'), ('GTK_IM_MODULE', 'ibus'), ('LOGNAME', 'rudra'), ('JOURNAL_STREAM', '8:17777'), ('_', '/usr/bin/colcon'), ('ROS_VERSION', '2'), ('XDG_SESSION_CLASS', 'user'), ('USERNAME', 'rudra'), ('TERM', 'dumb'), ('GNOME_DESKTOP_SESSION_ID', 'this-is-deprecated'), ('FC_FONTATIONS', '1'), ('ROS_LOCALHOST_ONLY', '0'), ('WINDOWPATH', '2'), ('ANTIGRAVITY_EDITOR_APP_ROOT', '/usr/share/antigravity/resources/app'), ('PATH', '/usr/lib/ccache:/home/rudra/ardupilot/Tools/autotest:/opt/gcc-arm-none-eabi-10-2020-q4-major/bin:/home/rudra/.local/bin:/home/rudra/.nvm/versions/node/v24.16.0/bin:/opt/ros/humble/bin:/usr/lib/ccache:/home/rudra/ardupilot/Tools/autotest:/opt/gcc-arm-none-eabi-10-2020-q4-major/bin:/home/rudra/.local/bin:/usr/local/sbin:/usr/local/bin:/usr/sbin:/usr/bin:/sbin:/bin:/usr/games:/usr/local/games:/snap/bin:/snap/bin:/opt/xtensa-esp-elf/bin/'), ('SESSION_MANAGER', 'local/victus:@/tmp/.ICE-unix/2336,unix/victus:/tmp/.ICE-unix/2336'), ('INVOCATION_ID', 'ebe2c31ed1864c319958f917e1e8b942'), ('XDG_MENU_PREFIX', 'gnome-'), ('XDG_RUNTIME_DIR', '/run/user/1000'), ('GDK_BACKEND', 'x11'), ('DISPLAY', ':1'), ('LANG', 'en_US.UTF-8'), ('XDG_CURRENT_DESKTOP', 'ubuntu:GNOME'), ('XMODIFIERS', '@im=ibus'), ('XDG_SESSION_DESKTOP', 'ubuntu'), ('XAUTHORITY', '/run/user/1000/gdm/Xauthority'), ('LS_COLORS', ''), ('SSH_AGENT_LAUNCHER', 'gnome-keyring'), ('SSH_AUTH_SOCK', '/run/user/1000/keyring/ssh'), ('AMENT_PREFIX_PATH', '/home/rudra/custom_flightmode/install/px4_ros2_cpp:/home/rudra/custom_flightmode/install/px4_msgs:/home/rudra/ros2_ws/install/talker_listener:/home/rudra/ros2_ws/install/first_pkg:/opt/ros/humble'), ('SHELL', '/bin/bash'), ('QT_ACCESSIBILITY', '1'), ('GDMSESSION', 'ubuntu'), ('LESSCLOSE', '/usr/bin/lesspipe %s %s'), ('GPG_AGENT_INFO', '/run/user/1000/gnupg/S.gpg-agent:0:1'), ('GJS_DEBUG_OUTPUT', 'stderr'), ('QT_IM_MODULE', 'ibus'), ('ANTIGRAVITY_TRAJECTORY_ID', 'ba170265-d607-4bcb-80b7-7ccfd0153965'), ('PWD', '/home/rudra/custom_flightmode/build/draw_flight_mode'), ('LC_ALL', 'en_US.UTF-8'), ('XDG_CONFIG_DIRS', '/etc/xdg/xdg-ubuntu:/etc/xdg'), ('VSCODE_CODE_CACHE_PATH', '/home/rudra/.config/Antigravity/CachedData/15487b3041e65228cae24980a3f796c905ef582c'), ('NVM_CD_FLAGS', ''), ('XDG_DATA_DIRS', '/usr/share/ubuntu:/usr/share/gnome:/usr/local/share/:/usr/share/:/var/lib/snapd/desktop'), ('PYTHONPATH', '/home/rudra/custom_flightmode/install/px4_msgs/local/lib/python3.10/dist-packages:/home/rudra/ros2_ws/install/talker_listener/lib/python3.10/site-packages:/home/rudra/ros2_ws/install/first_pkg/lib/python3.10/site-packages:/opt/ros/humble/lib/python3.10/site-packages:/opt/ros/humble/local/lib/python3.10/dist-packages'), ('COLCON', '1'), ('VSCODE_PID', '5242'), ('CMAKE_PREFIX_PATH', '/home/rudra/custom_flightmode/install/px4_ros2_cpp:/home/rudra/custom_flightmode/install/px4_msgs:/home/rudra/ros2_ws/install/talker_listener:/home/rudra/ros2_ws/install/first_pkg:/opt/ros/humble')]), 'shell': False}
[0.800607] (-) TimerEvent: {}
[0.822405] (draw_flight_mode) StdoutLine: {'line': b'Consolidate compiler generated dependencies of target draw_r\n'}
[0.845115] (draw_flight_mode) StdoutLine: {'line': b'[ 50%] Building CXX object CMakeFiles/draw_r.dir/src/main.cpp.o\n'}
[0.885140] (draw_flight_mode) StdoutLine: {'line': b'[100%] Linking CXX executable draw_r\n'}
[0.900739] (-) TimerEvent: {}
[1.000954] (-) TimerEvent: {}
[1.101172] (-) TimerEvent: {}
[1.201614] (-) TimerEvent: {}
[1.301887] (-) TimerEvent: {}
[1.402383] (-) TimerEvent: {}
[1.502697] (-) TimerEvent: {}
[1.602969] (-) TimerEvent: {}
[1.703304] (-) TimerEvent: {}
[1.803737] (-) TimerEvent: {}
[1.904083] (-) TimerEvent: {}
[2.004433] (-) TimerEvent: {}
[2.104751] (-) TimerEvent: {}
[2.205082] (-) TimerEvent: {}
[2.305474] (-) TimerEvent: {}
[2.405807] (-) TimerEvent: {}
[2.506142] (-) TimerEvent: {}
[2.606482] (-) TimerEvent: {}
[2.706789] (-) TimerEvent: {}
[2.807065] (-) TimerEvent: {}
[2.907406] (-) TimerEvent: {}
[3.007825] (-) TimerEvent: {}
[3.108168] (-) TimerEvent: {}
[3.208472] (-) TimerEvent: {}
[3.308712] (-) TimerEvent: {}
[3.408990] (-) TimerEvent: {}
[3.443669] (draw_flight_mode) StdoutLine: {'line': b'[100%] Built target draw_r\n'}
[3.460925] (draw_flight_mode) CommandEnded: {'returncode': 0}
[3.461798] (draw_flight_mode) JobProgress: {'identifier': 'draw_flight_mode', 'progress': 'install'}
[3.475283] (draw_flight_mode) Command: {'cmd': ['/usr/bin/cmake', '--install', '/home/rudra/custom_flightmode/build/draw_flight_mode'], 'cwd': '/home/rudra/custom_flightmode/build/draw_flight_mode', 'env': OrderedDict([('GJS_DEBUG_TOPICS', 'JS ERROR;JS LOG'), ('LESSOPEN', '| /usr/bin/lesspipe %s'), ('VSCODE_CWD', '/home/rudra'), ('LANGUAGE', 'en_IN:en'), ('USER', 'rudra'), ('VSCODE_NLS_CONFIG', '{"userLocale":"en-gb","osLocale":"en-in","resolvedLanguage":"en","defaultMessagesFile":"/usr/share/antigravity/resources/app/out/nls.messages.json","locale":"en-gb","availableLanguages":{}}'), ('XDG_SESSION_TYPE', 'x11'), ('SHLVL', '0'), ('LD_LIBRARY_PATH', '/home/rudra/custom_flightmode/install/px4_ros2_cpp/lib:/home/rudra/custom_flightmode/install/px4_msgs/lib:/opt/ros/humble/opt/rviz_ogre_vendor/lib:/opt/ros/humble/lib/x86_64-linux-gnu:/opt/ros/humble/lib'), ('HOME', '/home/rudra'), ('CHROME_DESKTOP', 'antigravity.desktop'), ('DESKTOP_SESSION', 'ubuntu'), ('NVM_BIN', '/home/rudra/.nvm/versions/node/v24.16.0/bin'), ('NVM_INC', '/home/rudra/.nvm/versions/node/v24.16.0/include/node'), ('VSCODE_IPC_HOOK', '/run/user/1000/vscode-386ead39-1.10-main.sock'), ('GIO_LAUNCHED_DESKTOP_FILE', '/usr/share/applications/antigravity.desktop'), ('ROS_PYTHON_VERSION', '3'), ('GNOME_SHELL_SESSION_MODE', 'ubuntu'), ('GTK_MODULES', 'gail:atk-bridge'), ('PAGER', 'cat'), ('MANAGERPID', '2061'), ('SYSTEMD_EXEC_PID', '2363'), ('DBUS_SESSION_BUS_ADDRESS', 'unix:path=/run/user/1000/bus'), ('ANTIGRAVITY_AGENT', '1'), ('GIO_LAUNCHED_DESKTOP_FILE_PID', '5242'), ('NVM_DIR', '/home/rudra/.nvm'), ('COLCON_PREFIX_PATH', '/home/rudra/ros2_ws/install'), ('ROS_DISTRO', 'humble'), ('GTK_IM_MODULE', 'ibus'), ('LOGNAME', 'rudra'), ('JOURNAL_STREAM', '8:17777'), ('_', '/usr/bin/colcon'), ('ROS_VERSION', '2'), ('XDG_SESSION_CLASS', 'user'), ('USERNAME', 'rudra'), ('TERM', 'dumb'), ('GNOME_DESKTOP_SESSION_ID', 'this-is-deprecated'), ('FC_FONTATIONS', '1'), ('ROS_LOCALHOST_ONLY', '0'), ('WINDOWPATH', '2'), ('ANTIGRAVITY_EDITOR_APP_ROOT', '/usr/share/antigravity/resources/app'), ('PATH', '/usr/lib/ccache:/home/rudra/ardupilot/Tools/autotest:/opt/gcc-arm-none-eabi-10-2020-q4-major/bin:/home/rudra/.local/bin:/home/rudra/.nvm/versions/node/v24.16.0/bin:/opt/ros/humble/bin:/usr/lib/ccache:/home/rudra/ardupilot/Tools/autotest:/opt/gcc-arm-none-eabi-10-2020-q4-major/bin:/home/rudra/.local/bin:/usr/local/sbin:/usr/local/bin:/usr/sbin:/usr/bin:/sbin:/bin:/usr/games:/usr/local/games:/snap/bin:/snap/bin:/opt/xtensa-esp-elf/bin/'), ('SESSION_MANAGER', 'local/victus:@/tmp/.ICE-unix/2336,unix/victus:/tmp/.ICE-unix/2336'), ('INVOCATION_ID', 'ebe2c31ed1864c319958f917e1e8b942'), ('XDG_MENU_PREFIX', 'gnome-'), ('XDG_RUNTIME_DIR', '/run/user/1000'), ('GDK_BACKEND', 'x11'), ('DISPLAY', ':1'), ('LANG', 'en_US.UTF-8'), ('XDG_CURRENT_DESKTOP', 'ubuntu:GNOME'), ('XMODIFIERS', '@im=ibus'), ('XDG_SESSION_DESKTOP', 'ubuntu'), ('XAUTHORITY', '/run/user/1000/gdm/Xauthority'), ('LS_COLORS', ''), ('SSH_AGENT_LAUNCHER', 'gnome-keyring'), ('SSH_AUTH_SOCK', '/run/user/1000/keyring/ssh'), ('AMENT_PREFIX_PATH', '/home/rudra/custom_flightmode/install/px4_ros2_cpp:/home/rudra/custom_flightmode/install/px4_msgs:/home/rudra/ros2_ws/install/talker_listener:/home/rudra/ros2_ws/install/first_pkg:/opt/ros/humble'), ('SHELL', '/bin/bash'), ('QT_ACCESSIBILITY', '1'), ('GDMSESSION', 'ubuntu'), ('LESSCLOSE', '/usr/bin/lesspipe %s %s'), ('GPG_AGENT_INFO', '/run/user/1000/gnupg/S.gpg-agent:0:1'), ('GJS_DEBUG_OUTPUT', 'stderr'), ('QT_IM_MODULE', 'ibus'), ('ANTIGRAVITY_TRAJECTORY_ID', 'ba170265-d607-4bcb-80b7-7ccfd0153965'), ('PWD', '/home/rudra/custom_flightmode/build/draw_flight_mode'), ('LC_ALL', 'en_US.UTF-8'), ('XDG_CONFIG_DIRS', '/etc/xdg/xdg-ubuntu:/etc/xdg'), ('VSCODE_CODE_CACHE_PATH', '/home/rudra/.config/Antigravity/CachedData/15487b3041e65228cae24980a3f796c905ef582c'), ('NVM_CD_FLAGS', ''), ('XDG_DATA_DIRS', '/usr/share/ubuntu:/usr/share/gnome:/usr/local/share/:/usr/share/:/var/lib/snapd/desktop'), ('PYTHONPATH', '/home/rudra/custom_flightmode/install/px4_msgs/local/lib/python3.10/dist-packages:/home/rudra/ros2_ws/install/talker_listener/lib/python3.10/site-packages:/home/rudra/ros2_ws/install/first_pkg/lib/python3.10/site-packages:/opt/ros/humble/lib/python3.10/site-packages:/opt/ros/humble/local/lib/python3.10/dist-packages'), ('COLCON', '1'), ('VSCODE_PID', '5242'), ('CMAKE_PREFIX_PATH', '/home/rudra/custom_flightmode/install/px4_ros2_cpp:/home/rudra/custom_flightmode/install/px4_msgs:/home/rudra/ros2_ws/install/talker_listener:/home/rudra/ros2_ws/install/first_pkg:/opt/ros/humble')]), 'shell': False}
[3.487788] (draw_flight_mode) StdoutLine: {'line': b'-- Install configuration: ""\n'}
[3.488116] (draw_flight_mode) StdoutLine: {'line': b'-- Execute custom install script\n'}
[3.488580] (draw_flight_mode) StdoutLine: {'line': b'-- Symlinking: /home/rudra/custom_flightmode/install/draw_flight_mode/lib/draw_flight_mode/draw_r\n'}
[3.502056] (draw_flight_mode) StdoutLine: {'line': b'-- Symlinking: /home/rudra/custom_flightmode/install/draw_flight_mode/share/ament_index/resource_index/package_run_dependencies/draw_flight_mode\n'}
[3.509132] (-) TimerEvent: {}
[3.514791] (draw_flight_mode) StdoutLine: {'line': b'-- Symlinking: /home/rudra/custom_flightmode/install/draw_flight_mode/share/ament_index/resource_index/parent_prefix_path/draw_flight_mode\n'}
[3.527945] (draw_flight_mode) StdoutLine: {'line': b'-- Symlinking: /home/rudra/custom_flightmode/install/draw_flight_mode/share/draw_flight_mode/environment/ament_prefix_path.sh\n'}
[3.540841] (draw_flight_mode) StdoutLine: {'line': b'-- Symlinking: /home/rudra/custom_flightmode/install/draw_flight_mode/share/draw_flight_mode/environment/ament_prefix_path.dsv\n'}
[3.553892] (draw_flight_mode) StdoutLine: {'line': b'-- Symlinking: /home/rudra/custom_flightmode/install/draw_flight_mode/share/draw_flight_mode/environment/path.sh\n'}
[3.566858] (draw_flight_mode) StdoutLine: {'line': b'-- Symlinking: /home/rudra/custom_flightmode/install/draw_flight_mode/share/draw_flight_mode/environment/path.dsv\n'}
[3.580168] (draw_flight_mode) StdoutLine: {'line': b'-- Symlinking: /home/rudra/custom_flightmode/install/draw_flight_mode/share/draw_flight_mode/local_setup.bash\n'}
[3.593401] (draw_flight_mode) StdoutLine: {'line': b'-- Symlinking: /home/rudra/custom_flightmode/install/draw_flight_mode/share/draw_flight_mode/local_setup.sh\n'}
[3.606249] (draw_flight_mode) StdoutLine: {'line': b'-- Symlinking: /home/rudra/custom_flightmode/install/draw_flight_mode/share/draw_flight_mode/local_setup.zsh\n'}
[3.609177] (-) TimerEvent: {}
[3.618832] (draw_flight_mode) StdoutLine: {'line': b'-- Symlinking: /home/rudra/custom_flightmode/install/draw_flight_mode/share/draw_flight_mode/local_setup.dsv\n'}
[3.632015] (draw_flight_mode) StdoutLine: {'line': b'-- Symlinking: /home/rudra/custom_flightmode/install/draw_flight_mode/share/draw_flight_mode/package.dsv\n'}
[3.645638] (draw_flight_mode) StdoutLine: {'line': b'-- Symlinking: /home/rudra/custom_flightmode/install/draw_flight_mode/share/ament_index/resource_index/packages/draw_flight_mode\n'}
[3.657494] (draw_flight_mode) StdoutLine: {'line': b'-- Symlinking: /home/rudra/custom_flightmode/install/draw_flight_mode/share/draw_flight_mode/cmake/draw_flight_modeConfig.cmake\n'}
[3.670444] (draw_flight_mode) StdoutLine: {'line': b'-- Symlinking: /home/rudra/custom_flightmode/install/draw_flight_mode/share/draw_flight_mode/cmake/draw_flight_modeConfig-version.cmake\n'}
[3.683281] (draw_flight_mode) StdoutLine: {'line': b'-- Symlinking: /home/rudra/custom_flightmode/install/draw_flight_mode/share/draw_flight_mode/package.xml\n'}
[3.698219] (draw_flight_mode) CommandEnded: {'returncode': 0}
[3.709285] (-) TimerEvent: {}
[3.719698] (draw_flight_mode) JobEnded: {'identifier': 'draw_flight_mode', 'rc': 0}
[3.720258] (-) EventReactorShutdown: {}
